Component: ARM Compiler 5.06 update 7 (build 960) Tool: armlink [4d3601]

==============================================================================

Section Cross References

    main.o(i.SystemClock_Config) refers to memseta.o(.text) for __aeabi_memclr4
    main.o(i.SystemClock_Config) refers to stm32f4xx_hal_rcc.o(i.HAL_RCC_OscConfig) for HAL_RCC_OscConfig
    main.o(i.SystemClock_Config) refers to stm32f4xx_hal_rcc.o(i.HAL_RCC_ClockConfig) for HAL_RCC_ClockConfig
    main.o(i.main) refers to stm32f4xx_hal.o(i.HAL_Init) for HAL_Init
    main.o(i.main) refers to main.o(i.SystemClock_Config) for SystemClock_Config
    main.o(i.main) refers to gpio.o(i.MX_GPIO_Init) for MX_GPIO_Init
    main.o(i.main) refers to dma.o(i.MX_DMA_Init) for MX_DMA_Init
    main.o(i.main) refers to spi.o(i.MX_SPI5_Init) for MX_SPI5_Init
    main.o(i.main) refers to usart.o(i.MX_USART6_UART_Init) for MX_USART6_UART_Init
    main.o(i.main) refers to can.o(i.MX_CAN2_Init) for MX_CAN2_Init
    main.o(i.main) refers to tim.o(i.MX_TIM12_Init) for MX_TIM12_Init
    main.o(i.main) refers to usart.o(i.MX_USART1_UART_Init) for MX_USART1_UART_Init
    main.o(i.main) refers to can.o(i.MX_CAN1_Init) for MX_CAN1_Init
    main.o(i.main) refers to tim.o(i.MX_TIM2_Init) for MX_TIM2_Init
    main.o(i.main) refers to tim.o(i.MX_TIM3_Init) for MX_TIM3_Init
    main.o(i.main) refers to adc.o(i.MX_ADC1_Init) for MX_ADC1_Init
    main.o(i.main) refers to usart.o(i.MX_UART7_Init) for MX_UART7_Init
    main.o(i.main) refers to gpio.o(i.led_off) for led_off
    main.o(i.main) refers to remote_control.o(i.remote_control_init) for remote_control_init
    main.o(i.main) refers to bsp_can.o(i.can_filter_init) for can_filter_init
    main.o(i.main) refers to calibrate_task.o(i.cali_param_init) for cali_param_init
    main.o(i.main) refers to bsp_usart.o(i.usart6_tx_dma_init) for usart6_tx_dma_init
    main.o(i.main) refers to stm32f4xx_hal_gpio.o(i.HAL_GPIO_WritePin) for HAL_GPIO_WritePin
    main.o(i.main) refers to stm32f4xx_hal_tim.o(i.HAL_TIM_PWM_Start) for HAL_TIM_PWM_Start
    main.o(i.main) refers to freertos.o(i.MX_FREERTOS_Init) for MX_FREERTOS_Init
    main.o(i.main) refers to cmsis_os.o(i.osKernelStart) for osKernelStart
    main.o(i.main) refers to tim.o(.bss) for htim2
    gpio.o(i.MX_GPIO_Init) refers to memseta.o(.text) for __aeabi_memclr4
    gpio.o(i.MX_GPIO_Init) refers to stm32f4xx_hal_gpio.o(i.HAL_GPIO_WritePin) for HAL_GPIO_WritePin
    gpio.o(i.MX_GPIO_Init) refers to stm32f4xx_hal_gpio.o(i.HAL_GPIO_Init) for HAL_GPIO_Init
    gpio.o(i.led_off) refers to stm32f4xx_hal_gpio.o(i.HAL_GPIO_WritePin) for HAL_GPIO_WritePin
    freertos.o(i.MX_FREERTOS_Init) refers to memcpya.o(.text) for __aeabi_memcpy4
    freertos.o(i.MX_FREERTOS_Init) refers to cmsis_os.o(i.osThreadCreate) for osThreadCreate
    freertos.o(i.MX_FREERTOS_Init) refers to freertos.o(.constdata) for .constdata
    freertos.o(i.MX_FREERTOS_Init) refers to freertos.o(.data) for .data
    freertos.o(i.StartDefaultTask) refers to cmsis_os.o(i.osDelay) for osDelay
    freertos.o(i.vApplicationGetIdleTaskMemory) refers to freertos.o(.bss) for .bss
    freertos.o(.constdata) refers to freertos.o(.conststring) for .conststring
    freertos.o(.constdata) refers to freertos.o(i.StartDefaultTask) for StartDefaultTask
    freertos.o(.constdata) refers to bsp_imu.o(i.INS_task) for INS_task
    freertos.o(.constdata) refers to calibrate_task.o(i.calibrate_task) for calibrate_task
    freertos.o(.constdata) refers to gimbal_task.o(i.gimbal_task) for gimbal_task
    freertos.o(.constdata) refers to voltage_task.o(i.battery_voltage_task) for battery_voltage_task
    freertos.o(.constdata) refers to sound_effects_task.o(i.buzzer_effects_task) for buzzer_effects_task
    adc.o(i.MX_ADC1_Init) refers to stm32f4xx_hal_adc.o(i.HAL_ADC_Init) for HAL_ADC_Init
    adc.o(i.MX_ADC1_Init) refers to main.o(i.Error_Handler) for Error_Handler
    adc.o(i.MX_ADC1_Init) refers to stm32f4xx_hal_adc.o(i.HAL_ADC_ConfigChannel) for HAL_ADC_ConfigChannel
    adc.o(i.MX_ADC1_Init) refers to adc.o(.bss) for .bss
    can.o(i.HAL_CAN_MspDeInit) refers to stm32f4xx_hal_gpio.o(i.HAL_GPIO_DeInit) for HAL_GPIO_DeInit
    can.o(i.HAL_CAN_MspDeInit) refers to stm32f4xx_hal_cortex.o(i.HAL_NVIC_DisableIRQ) for HAL_NVIC_DisableIRQ
    can.o(i.HAL_CAN_MspDeInit) refers to can.o(.data) for .data
    can.o(i.HAL_CAN_MspInit) refers to memseta.o(.text) for __aeabi_memclr4
    can.o(i.HAL_CAN_MspInit) refers to stm32f4xx_hal_gpio.o(i.HAL_GPIO_Init) for HAL_GPIO_Init
    can.o(i.HAL_CAN_MspInit) refers to stm32f4xx_hal_cortex.o(i.HAL_NVIC_SetPriority) for HAL_NVIC_SetPriority
    can.o(i.HAL_CAN_MspInit) refers to stm32f4xx_hal_cortex.o(i.HAL_NVIC_EnableIRQ) for HAL_NVIC_EnableIRQ
    can.o(i.HAL_CAN_MspInit) refers to can.o(.data) for .data
    can.o(i.MX_CAN1_Init) refers to stm32f4xx_hal_can.o(i.HAL_CAN_Init) for HAL_CAN_Init
    can.o(i.MX_CAN1_Init) refers to main.o(i.Error_Handler) for Error_Handler
[...]
    flash_write_buf                          0x200049c0   Data         120  calibrate_task.o(.bss)
    .bss                                     0x20004a7c   Section      176  shoot.o(.bss)
    STACK                                    0x20004b30   Section     1024  startup_stm32f427xx.o(STACK)

    Global Symbols

    Symbol Name                              Value     Ov Type        Size  Object(Section)

    BuildAttributes$$THM_ISAv4$E$P$D$K$B$S$7EM$VFPi3$EXTD16$VFPS$VFMA$PE$A:L22UL41UL21$X:L11$S22US41US21$IEEE1$IW$USESV6$~STKCKD$USESV7$~SHL$OTIME$ROPI$IEEEX$EBA8$MICROLIB$REQ8$PRES8$EABIv2 0x00000000   Number         0  anon$$obj.o ABSOLUTE
    __ARM_use_no_argv                        0x00000000   Number         0  main.o ABSOLUTE
    __arm_fini_                               - Undefined Weak Reference
    __cpp_initialize__aeabi_                  - Undefined Weak Reference
    __cxa_finalize                            - Undefined Weak Reference
    _clock_init                               - Undefined Weak Reference
    _microlib_exit                            - Undefined Weak Reference
    __Vectors_Size                           0x000001ac   Number         0  startup_stm32f427xx.o ABSOLUTE
    __Vectors                                0x08000000   Data           4  startup_stm32f427xx.o(RESET)
    __Vectors_End                            0x080001ac   Data           0  startup_stm32f427xx.o(RESET)
    __main                                   0x080001ad   Thumb Code     0  entry.o(.ARM.Collect$$$$00000000)
    _main_stk                                0x080001ad   Thumb Code     0  entry2.o(.ARM.Collect$$$$00000001)
    _main_scatterload                        0x080001b1   Thumb Code     0  entry5.o(.ARM.Collect$$$$00000004)
    __main_after_scatterload                 0x080001b5   Thumb Code     0  entry5.o(.ARM.Collect$$$$00000004)
    _main_clock                              0x080001b5   Thumb Code     0  entry7b.o(.ARM.Collect$$$$00000008)
    _main_cpp_init                           0x080001b5   Thumb Code     0  entry8b.o(.ARM.Collect$$$$0000000A)
    _main_init                               0x080001b5   Thumb Code     0  entry9a.o(.ARM.Collect$$$$0000000B)
    __rt_lib_shutdown_fini                   0x080001bd   Thumb Code     0  entry12b.o(.ARM.Collect$$$$0000000E)
    __rt_final_cpp                           0x080001c1   Thumb Code     0  entry10a.o(.ARM.Collect$$$$0000000F)
    __rt_final_exit                          0x080001c1   Thumb Code     0  entry11a.o(.ARM.Collect$$$$00000011)
    SVC_Handler                              0x080001c5   Thumb Code    28  port.o(.emb_text)
    __asm___6_port_c_39a90d8d__prvStartFirstTask 0x080001e5   Thumb Code    36  port.o(.emb_text)
    __asm___6_port_c_39a90d8d__prvEnableVFP  0x0800020d   Thumb Code    16  port.o(.emb_text)
    PendSV_Handler                           0x08000221   Thumb Code    88  port.o(.emb_text)
    vPortGetIPSR                             0x0800027d   Thumb Code     6  port.o(.emb_text)
    Reset_Handler                            0x08000285   Thumb Code     8  startup_stm32f427xx.o(.text)
    ADC_IRQHandler                           0x0800029f   Thumb Code     0  startup_stm32f427xx.o(.text)
    CAN1_RX1_IRQHandler                      0x0800029f   Thumb Code     0  startup_stm32f427xx.o(.text)
    CAN1_SCE_IRQHandler                      0x0800029f   Thumb Code     0  startup_stm32f427xx.o(.text)
    CAN1_TX_IRQHandler                       0x0800029f   Thumb Code     0  startup_stm32f427xx.o(.text)
    CAN2_RX1_IRQHandler                      0x0800029f   Thumb Code     0  startup_stm32f427xx.o(.text)
    CAN2_SCE_IRQHandler                      0x0800029f   Thumb Code     0  startup_stm32f427xx.o(.text)
    CAN2_TX_IRQHandler                       0x0800029f   Thumb Code     0  startup_stm32f427xx.o(.text)
    DCMI_IRQHandler                          0x0800029f   Thumb Code     0  startup_stm32f427xx.o(.text)
    DMA1_Stream0_IRQHandler                  0x0800029f   Thumb Code     0  startup_stm32f427xx.o(.text)
    DMA1_Stream1_IRQHandler                  0x0800029f   Thumb Code     0  startup_stm32f427xx.o(.text)
    DMA1_Stream2_IRQHandler                  0x0800029f   Thumb Code     0  startup_stm32f427xx.o(.text)
    DMA1_Stream3_IRQHandler                  0x0800029f   Thumb Code     0  startup_stm32f427xx.o(.text)
    DMA1_Stream4_IRQHandler                  0x0800029f   Thumb Code     0  startup_stm32f427xx.o(.text)
    DMA1_Stream5_IRQHandler                  0x0800029f   Thumb Code     0  startup_stm32f427xx.o(.text)
    DMA1_Stream6_IRQHandler                  0x0800029f   Thumb Code     0  startup_stm32f427xx.o(.text)
    DMA1_Stream7_IRQHandler                  0x0800029f   Thumb Code     0  startup_stm32f427xx.o(.text)
    DMA2D_IRQHandler                         0x0800029f   Thumb Code     0  startup_stm32f427xx.o(.text)
    DMA2_Stream0_IRQHandler                  0x0800029f   Thumb Code     0  startup_stm32f427xx.o(.text)
    DMA2_Stream1_IRQHandler                  0x0800029f   Thumb Code     0  startup_stm32f427xx.o(.text)
    DMA2_Stream3_IRQHandler                  0x0800029f   Thumb Code     0  startup_stm32f427xx.o(.text)
    DMA2_Stream4_IRQHandler                  0x0800029f   Thumb Code     0  startup_stm32f427xx.o(.text)
    DMA2_Stream5_IRQHandler                  0x0800029f   Thumb Code     0  startup_stm32f427xx.o(.text)
    DMA2_Stream7_IRQHandler                  0x0800029f   Thumb Code     0  startup_stm32f427xx.o(.text)
    ETH_IRQHandler                           0x0800029f   Thumb Code     0  startup_stm32f427xx.o(.text)
    ETH_WKUP_IRQHandler                      0x0800029f   Thumb Code     0  startup_stm32f427xx.o(.text)
    EXTI0_IRQHandler                         0x0800029f   Thumb Code     0  startup_stm32f427xx.o(.text)
    EXTI15_10_IRQHandler                     0x0800029f   Thumb Code     0  startup_stm32f427xx.o(.text)
    EXTI1_IRQHandler                         0x0800029f   Thumb Code     0  startup_stm32f427xx.o(.text)
    EXTI2_IRQHandler                         0x0800029f   Thumb Code     0  startup_stm32f427xx.o(.text)
    EXTI3_IRQHandler                         0x0800029f   Thumb Code     0  startup_stm32f427xx.o(.text)
    EXTI4_IRQHandler                         0x0800029f   Thumb Code     0  startup_stm32f427xx.o(.text)
    EXTI9_5_IRQHandler                       0x0800029f   Thumb Code     0  startup_stm32f427xx.o(.text)
    FLASH_IRQHandler                         0x0800029f   Thumb Code     0  startup_stm32f427xx.o(.text)
    FMC_IRQHandler                           0x0800029f   Thumb Code     0  startup_stm32f427xx.o(.text)
    FPU_IRQHandler                           0x0800029f   Thumb Code     0  startup_stm32f427xx.o(.text)
    HASH_RNG_IRQHandler                      0x0800029f   Thumb Code     0  startup_stm32f427xx.o(.text)
    I2C1_ER_IRQHandler                       0x0800029f   Thumb Code     0  startup_stm32f427xx.o(.text)
    I2C1_EV_IRQHandler                       0x0800029f   Thumb Code     0  startup_stm32f427xx.o(.text)
    I2C2_ER_IRQHandler                       0x0800029f   Thumb Code     0  startup_stm32f427xx.o(.text)
    I2C2_EV_IRQHandler                       0x0800029f   Thumb Code     0  startup_stm32f427xx.o(.text)
    I2C3_ER_IRQHandler                       0x0800029f   Thumb Code     0  startup_stm32f427xx.o(.text)
    I2C3_EV_IRQHandler                       0x0800029f   Thumb Code     0  startup_stm32f427xx.o(.text)
    OTG_FS_IRQHandler                        0x0800029f   Thumb Code     0  startup_stm32f427xx.o(.text)
    OTG_FS_WKUP_IRQHandler                   0x0800029f   Thumb Code     0  startup_stm32f427xx.o(.text)
    OTG_HS_EP1_IN_IRQHandler                 0x0800029f   Thumb Code     0  startup_stm32f427xx.o(.text)
    OTG_HS_EP1_OUT_IRQHandler                0x0800029f   Thumb Code     0  startup_stm32f427xx.o(.text)
    OTG_HS_IRQHandler                        0x0800029f   Thumb Code     0  startup_stm32f427xx.o(.text)
    OTG_HS_WKUP_IRQHandler                   0x0800029f   Thumb Code     0  startup_stm32f427xx.o(.text)
    PVD_IRQHandler                           0x0800029f   Thumb Code     0  startup_stm32f427xx.o(.text)
    RCC_IRQHandler                           0x0800029f   Thumb Code     0  startup_stm32f427xx.o(.text)
    RTC_Alarm_IRQHandler                     0x0800029f   Thumb Code     0  startup_stm32f427xx.o(.text)
    RTC_WKUP_IRQHandler                      0x0800029f   Thumb Code     0  startup_stm32f427xx.o(.text)
    SAI1_IRQHandler                          0x0800029f   Thumb Code     0  startup_stm32f427xx.o(.text)
    SDIO_IRQHandler                          0x0800029f   Thumb Code     0  startup_stm32f427xx.o(.text)
    SPI1_IRQHandler                          0x0800029f   Thumb Code     0  startup_stm32f427xx.o(.text)
    SPI2_IRQHandler                          0x0800029f   Thumb Code     0  startup_stm32f427xx.o(.text)
    SPI3_IRQHandler                          0x0800029f   Thumb Code     0  startup_stm32f427xx.o(.text)
    SPI4_IRQHandler                          0x0800029f   Thumb Code     0  startup_stm32f427xx.o(.text)
    SPI5_IRQHandler                          0x0800029f   Thumb Code     0  startup_stm32f427xx.o(.text)
    SPI6_IRQHandler                          0x0800029f   Thumb Code     0  startup_stm32f427xx.o(.text)
    TAMP_STAMP_IRQHandler                    0x0800029f   Thumb Code     0  startup_stm32f427xx.o(.text)
    TIM1_BRK_TIM9_IRQHandler                 0x0800029f   Thumb Code     0  startup_stm32f427xx.o(.text)
    TIM1_CC_IRQHandler                       0x0800029f   Thumb Code     0  startup_stm32f427xx.o(.text)
    TIM1_TRG_COM_TIM11_IRQHandler            0x0800029f   Thumb Code     0  startup_stm32f427xx.o(.text)
    TIM1_UP_TIM10_IRQHandler                 0x0800029f   Thumb Code     0  startup_stm32f427xx.o(.text)
    TIM2_IRQHandler                          0x0800029f   Thumb Code     0  startup_stm32f427xx.o(.text)
    TIM3_IRQHandler                          0x0800029f   Thumb Code     0  startup_stm32f427xx.o(.text)
    TIM4_IRQHandler                          0x0800029f   Thumb Code     0  startup_stm32f427xx.o(.text)
    TIM5_IRQHandler                          0x0800029f   Thumb Code     0  startup_stm32f427xx.o(.text)
    TIM6_DAC_IRQHandler                      0x0800029f   Thumb Code     0  startup_stm32f427xx.o(.text)
    TIM7_IRQHandler                          0x0800029f   Thumb Code     0  startup_stm32f427xx.o(.text)
    TIM8_BRK_TIM12_IRQHandler                0x0800029f   Thumb Code     0  startup_stm32f427xx.o(.text)
    TIM8_CC_IRQHandler                       0x0800029f   Thumb Code     0  startup_stm32f427xx.o(.text)
    TIM8_TRG_COM_TIM14_IRQHandler            0x0800029f   Thumb Code     0  startup_stm32f427xx.o(.text)
    TIM8_UP_TIM13_IRQHandler                 0x0800029f   Thumb Code     0  startup_stm32f427xx.o(.text)
    UART4_IRQHandler                         0x0800029f   Thumb Code     0  startup_stm32f427xx.o(.text)
    UART5_IRQHandler                         0x0800029f   Thumb Code     0  startup_stm32f427xx.o(.text)
    UART7_IRQHandler                         0x0800029f   Thumb Code     0  startup_stm32f427xx.o(.text)
    UART8_IRQHandler                         0x0800029f   Thumb Code     0  startup_stm32f427xx.o(.text)
    USART2_IRQHandler                        0x0800029f   Thumb Code     0  startup_stm32f427xx.o(.text)
    USART3_IRQHandler                        0x0800029f   Thumb Code     0  startup_stm32f427xx.o(.text)
    USART6_IRQHandler                        0x0800029f   Thumb Code     0  startup_stm32f427xx.o(.text)
    WWDG_IRQHandler                          0x0800029f   Thumb Code     0  startup_stm32f427xx.o(.text)
    arm_cos_f32                              0x080002a9   Thumb Code   108  arm_cos_f32.o(.text)
    arm_sin_f32                              0x08000321   Thumb Code   104  arm_sin_f32.o(.text)
    __aeabi_uldivmod                         0x08000395   Thumb Code    98  uldiv.o(.text)
    __aeabi_memcpy                           0x080003f7   Thumb Code    36  memcpya.o(.text)
    __aeabi_memcpy4                          0x080003f7   Thumb Code     0  memcpya.o(.text)
    __aeabi_memcpy8                          0x080003f7   Thumb Code     0  memcpya.o(.text)
    __aeabi_memset                           0x0800041b   Thumb Code    14  memseta.o(.text)
    __aeabi_memset4                          0x0800041b   Thumb Code     0  memseta.o(.text)
    __aeabi_memset8                          0x0800041b   Thumb Code     0  memseta.o(.text)
    __aeabi_memclr                           0x08000429   Thumb Code     4  memseta.o(.text)
    __aeabi_memclr4                          0x08000429   Thumb Code     0  memseta.o(.text)
    __aeabi_memclr8                          0x08000429   Thumb Code     0  memseta.o(.text)
    memset                                   0x0800042d   Thumb Code    18  memseta.o(.text)
    strlen                                   0x0800043f   Thumb Code    14  strlen.o(.text)
    __aeabi_llsl                             0x0800044d   Thumb Code    30  llshl.o(.text)
    _ll_shift_l                              0x0800044d   Thumb Code     0  llshl.o(.text)
    __aeabi_llsr                             0x0800046b   Thumb Code    32  llushr.o(.text)
    _ll_ushift_r                             0x0800046b   Thumb Code     0  llushr.o(.text)
    __I$use$fp                               0x0800048b   Thumb Code     0  iusefp.o(.text)
    __scatterload                            0x0800048d   Thumb Code    28  init.o(.text)
    __scatterload_rt2                        0x0800048d   Thumb Code     0  init.o(.text)
    __decompress                             0x080004b1   Thumb Code     0  __dczerorl2.o(.text)
    __decompress1                            0x080004b1   Thumb Code    86  __dczerorl2.o(.text)
    AHRS_asinf                               0x08000639   Thumb Code     4  ahrs_middleware.o(i.AHRS_asinf)
    AHRS_atan2f                              0x0800063d   Thumb Code     4  ahrs_middleware.o(i.AHRS_atan2f)
    AHRS_cosf                                0x08000641   Thumb Code     4  ahrs_middleware.o(i.AHRS_cosf)
    AHRS_get_height                          0x08000661   Thumb Code    14  ahrs_middleware.o(i.AHRS_get_height)
    AHRS_get_latitude                        0x08000675   Thumb Code    14  ahrs_middleware.o(i.AHRS_get_latitude)
    AHRS_init                                0x08000685   Thumb Code   626  ahrs.o(i.AHRS_init)
    AHRS_invSqrt                             0x08000921   Thumb Code    20  ahrs_middleware.o(i.AHRS_invSqrt)
    AHRS_sinf                                0x08000935   Thumb Code     4  ahrs_middleware.o(i.AHRS_sinf)
    AHRS_update                              0x08000939   Thumb Code   314  ahrs.o(i.AHRS_update)
    BMI088_read                              0x08000a75   Thumb Code   374  bsp_imu.o(i.BMI088_read)
    BusFault_Handler                         0x08000c09   Thumb Code     2  stm32f4xx_it.o(i.BusFault_Handler)
    CAN1_RX0_IRQHandler                      0x08000c0d   Thumb Code     6  stm32f4xx_it.o(i.CAN1_RX0_IRQHandler)
    CAN2_RX0_IRQHandler                      0x08000c19   Thumb Code     6  stm32f4xx_it.o(i.CAN2_RX0_IRQHandler)
    CAN_cmd_chassis_reset_ID                 0x08000c25   Thumb Code    52  can_receive.o(i.CAN_cmd_chassis_reset_ID)
    CAN_cmd_gimbal                           0x08000c65   Thumb Code    60  can_receive.o(i.CAN_cmd_gimbal)
    DMA2_Stream2_IRQHandler                  0x08000cad   Thumb Code     6  stm32f4xx_it.o(i.DMA2_Stream2_IRQHandler)
    DMA2_Stream6_IRQHandler                  0x08000cb9   Thumb Code     6  stm32f4xx_it.o(i.DMA2_Stream6_IRQHandler)
    DebugMon_Handler                         0x08000d77   Thumb Code     2  stm32f4xx_it.o(i.DebugMon_Handler)
    Error_Handler                            0x08000d79   Thumb Code     2  main.o(i.Error_Handler)
    FLASH_Erase_Sector                       0x08000d7d   Thumb Code    82  stm32f4xx_hal_flash_ex.o(i.FLASH_Erase_Sector)
    FLASH_FlushCaches                        0x08000dd5   Thumb Code    84  stm32f4xx_hal_flash_ex.o(i.FLASH_FlushCaches)
    FLASH_WaitForLastOperation               0x08000f95   Thumb Code    88  stm32f4xx_hal_flash.o(i.FLASH_WaitForLastOperation)
    HAL_ADC_ConfigChannel                    0x08000ff5   Thumb Code   374  stm32f4xx_hal_adc.o(i.HAL_ADC_ConfigChannel)
    HAL_ADC_GetValue                         0x08001181   Thumb Code     6  stm32f4xx_hal_adc.o(i.HAL_ADC_GetValue)
    HAL_ADC_Init                             0x08001187   Thumb Code    86  stm32f4xx_hal_adc.o(i.HAL_ADC_Init)
    HAL_ADC_MspInit                          0x080011dd   Thumb Code    30  adc.o(i.HAL_ADC_MspInit)
    HAL_ADC_PollForConversion                0x08001205   Thumb Code   198  stm32f4xx_hal_adc.o(i.HAL_ADC_PollForConversion)
    HAL_ADC_Start                            0x080012cd   Thumb Code   276  stm32f4xx_hal_adc.o(i.HAL_ADC_Start)
    HAL_CAN_ActivateNotification             0x080013f5   Thumb Code    36  stm32f4xx_hal_can.o(i.HAL_CAN_ActivateNotification)
    HAL_CAN_AddTxMessage                     0x08001419   Thumb Code   260  stm32f4xx_hal_can.o(i.HAL_CAN_AddTxMessage)
    HAL_CAN_ConfigFilter                     0x0800151d   Thumb Code   290  stm32f4xx_hal_can.o(i.HAL_CAN_ConfigFilter)
    HAL_CAN_ErrorCallback                    0x08001645   Thumb Code     2  stm32f4xx_hal_can.o(i.HAL_CAN_ErrorCallback)
    HAL_CAN_GetRxMessage                     0x08001647   Thumb Code   364  stm32f4xx_hal_can.o(i.HAL_CAN_GetRxMessage)
    HAL_CAN_IRQHandler                       0x080017b3   Thumb Code   564  stm32f4xx_hal_can.o(i.HAL_CAN_IRQHandler)
    HAL_CAN_Init                             0x080019e7   Thumb Code   360  stm32f4xx_hal_can.o(i.HAL_CAN_Init)
    HAL_CAN_MspInit                          0x08001b51   Thumb Code   228  can.o(i.HAL_CAN_MspInit)
    HAL_CAN_RxFifo0FullCallback              0x08001c4d   Thumb Code     2  stm32f4xx_hal_can.o(i.HAL_CAN_RxFifo0FullCallback)
    HAL_CAN_RxFifo0MsgPendingCallback        0x08001c51   Thumb Code    82  can_receive.o(i.HAL_CAN_RxFifo0MsgPendingCallback)
    HAL_CAN_RxFifo1FullCallback              0x08001cad   Thumb Code     2  stm32f4xx_hal_can.o(i.HAL_CAN_RxFifo1FullCallback)
    HAL_CAN_RxFifo1MsgPendingCallback        0x08001caf   Thumb Code     2  stm32f4xx_hal_can.o(i.HAL_CAN_RxFifo1MsgPendingCallback)
    HAL_CAN_SleepCallback                    0x08001cb1   Thumb Code     2  stm32f4xx_hal_can.o(i.HAL_CAN_SleepCallback)
    HAL_CAN_Start                            0x08001cb3   Thumb Code   100  stm32f4xx_hal_can.o(i.HAL_CAN_Start)
    HAL_CAN_TxMailbox0AbortCallback          0x08001d17   Thumb Code     2  stm32f4xx_hal_can.o(i.HAL_CAN_TxMailbox0AbortCallback)
    HAL_CAN_TxMailbox0CompleteCallback       0x08001d19   Thumb Code     2  stm32f4xx_hal_can.o(i.HAL_CAN_TxMailbox0CompleteCallback)
    HAL_CAN_TxMailbox1AbortCallback          0x08001d1b   Thumb Code     2  stm32f4xx_hal_can.o(i.HAL_CAN_TxMailbox1AbortCallback)
    HAL_CAN_TxMailbox1CompleteCallback       0x08001d1d   Thumb Code     2  stm32f4xx_hal_can.o(i.HAL_CAN_TxMailbox1CompleteCallback)
    HAL_CAN_TxMailbox2AbortCallback          0x08001d1f   Thumb Code     2  stm32f4xx_hal_can.o(i.HAL_CAN_TxMailbox2AbortCallback)
    HAL_CAN_TxMailbox2CompleteCallback       0x08001d21   Thumb Code     2  stm32f4xx_hal_can.o(i.HAL_CAN_TxMailbox2CompleteCallback)
    HAL_CAN_WakeUpFromRxMsgCallback          0x08001d23   Thumb Code     2  stm32f4xx_hal_can.o(i.HAL_CAN_WakeUpFromRxMsgCallback)
    HAL_DMA_IRQHandler                       0x08001d25   Thumb Code   488  stm32f4xx_hal_dma.o(i.HAL_DMA_IRQHandler)
    HAL_DMA_Init                             0x08001f11   Thumb Code   230  stm32f4xx_hal_dma.o(i.HAL_DMA_Init)
    HAL_Delay                                0x08001ffd   Thumb Code    34  stm32f4xx_hal.o(i.HAL_Delay)
    HAL_FLASHEx_Erase                        0x08002025   Thumb Code   166  stm32f4xx_hal_flash_ex.o(i.HAL_FLASHEx_Erase)
    HAL_FLASH_Lock                           0x080020d5   Thumb Code    14  stm32f4xx_hal_flash.o(i.HAL_FLASH_Lock)
    HAL_FLASH_Program                        0x080020e9   Thumb Code   118  stm32f4xx_hal_flash.o(i.HAL_FLASH_Program)
    HAL_FLASH_Unlock                         0x08002169   Thumb Code    34  stm32f4xx_hal_flash.o(i.HAL_FLASH_Unlock)
    HAL_GPIO_Init                            0x0800219d   Thumb Code   564  stm32f4xx_hal_gpio.o(i.HAL_GPIO_Init)
    HAL_GPIO_WritePin                        0x080023e9   Thumb Code    14  stm32f4xx_hal_gpio.o(i.HAL_GPIO_WritePin)
    HAL_GetTick                              0x080023f9   Thumb Code     6  stm32f4xx_hal.o(i.HAL_GetTick)
    HAL_IncTick                              0x08002405   Thumb Code    12  stm32f4xx_hal.o(i.HAL_IncTick)
    HAL_Init                                 0x08002415   Thumb Code    48  stm32f4xx_hal.o(i.HAL_Init)
    HAL_InitTick                             0x08002449   Thumb Code    58  stm32f4xx_hal.o(i.HAL_InitTick)
    HAL_MspInit                              0x0800248d   Thumb Code    52  stm32f4xx_hal_msp.o(i.HAL_MspInit)
    HAL_NVIC_EnableIRQ                       0x080024c5   Thumb Code    28  stm32f4xx_hal_cortex.o(i.HAL_NVIC_EnableIRQ)
    HAL_NVIC_SetPriority                     0x080024e1   Thumb Code    98  stm32f4xx_hal_cortex.o(i.HAL_NVIC_SetPriority)
    HAL_NVIC_SetPriorityGrouping             0x08002549   Thumb Code    30  stm32f4xx_hal_cortex.o(i.HAL_NVIC_SetPriorityGrouping)
    HAL_RCC_ClockConfig                      0x0800256d   Thumb Code   354  stm32f4xx_hal_rcc.o(i.HAL_RCC_ClockConfig)
    HAL_RCC_GetHCLKFreq                      0x080026e9   Thumb Code     6  stm32f4xx_hal_rcc.o(i.HAL_RCC_GetHCLKFreq)
    HAL_RCC_GetPCLK1Freq                     0x080026f5   Thumb Code    22  stm32f4xx_hal_rcc.o(i.HAL_RCC_GetPCLK1Freq)
    HAL_RCC_GetPCLK2Freq                     0x08002715   Thumb Code    22  stm32f4xx_hal_rcc.o(i.HAL_RCC_GetPCLK2Freq)
    HAL_RCC_GetSysClockFreq                  0x08002735   Thumb Code    94  stm32f4xx_hal_rcc.o(i.HAL_RCC_GetSysClockFreq)
    HAL_RCC_OscConfig                        0x080027a5   Thumb Code  1154  stm32f4xx_hal_rcc.o(i.HAL_RCC_OscConfig)
    HAL_SPI_Init                             0x08002c27   Thumb Code   190  stm32f4xx_hal_spi.o(i.HAL_SPI_Init)
    HAL_SPI_MspInit                          0x08002ce5   Thumb Code    94  spi.o(i.HAL_SPI_MspInit)
    HAL_SPI_TransmitReceive                  0x08002d51   Thumb Code   504  stm32f4xx_hal_spi.o(i.HAL_SPI_TransmitReceive)
    HAL_SYSTICK_Config                       0x08002f49   Thumb Code    36  stm32f4xx_hal_cortex.o(i.HAL_SYSTICK_Config)
    HAL_TIMEx_MasterConfigSynchronization    0x08002f71   Thumb Code   154  stm32f4xx_hal_tim_ex.o(i.HAL_TIMEx_MasterConfigSynchronization)
    HAL_TIM_Base_Init                        0x0800300b   Thumb Code    92  stm32f4xx_hal_tim.o(i.HAL_TIM_Base_Init)
    HAL_TIM_Base_MspInit                     0x08003069   Thumb Code    74  tim.o(i.HAL_TIM_Base_MspInit)
    HAL_TIM_ConfigClockSource                0x080030c1   Thumb Code   234  stm32f4xx_hal_tim.o(i.HAL_TIM_ConfigClockSource)
    HAL_TIM_MspPostInit                      0x080031ad   Thumb Code   154  tim.o(i.HAL_TIM_MspPostInit)
    HAL_TIM_PWM_ConfigChannel                0x08003261   Thumb Code   216  stm32f4xx_hal_tim.o(i.HAL_TIM_PWM_ConfigChannel)
    HAL_TIM_PWM_Init                         0x08003339   Thumb Code    92  stm32f4xx_hal_tim.o(i.HAL_TIM_PWM_Init)
    HAL_TIM_PWM_MspInit                      0x08003395   Thumb Code     2  stm32f4xx_hal_tim.o(i.HAL_TIM_PWM_MspInit)
    HAL_TIM_PWM_Start                        0x08003399   Thumb Code   210  stm32f4xx_hal_tim.o(i.HAL_TIM_PWM_Start)
    HAL_UART_Init                            0x08003475   Thumb Code   100  stm32f4xx_hal_uart.o(i.HAL_UART_Init)
    HAL_UART_MspInit                         0x080034d9   Thumb Code   388  usart.o(i.HAL_UART_MspInit)
    HAL_UART_Transmit                        0x08003685   Thumb Code   202  stm32f4xx_hal_uart.o(i.HAL_UART_Transmit)
    HardFault_Handler                        0x0800374f   Thumb Code     2  stm32f4xx_it.o(i.HardFault_Handler)
    INS_cali_gyro                            0x08003751   Thumb Code    92  bsp_imu.o(i.INS_cali_gyro)
    INS_set_cali_gyro                        0x080037b1   Thumb Code    34  bsp_imu.o(i.INS_set_cali_gyro)
    INS_task                                 0x080037d9   Thumb Code   500  bsp_imu.o(i.INS_task)
    MX_ADC1_Init                             0x080039f9   Thumb Code    88  adc.o(i.MX_ADC1_Init)
    MX_CAN1_Init                             0x08003a61   Thumb Code    60  can.o(i.MX_CAN1_Init)
    MX_CAN2_Init                             0x08003aa5   Thumb Code    60  can.o(i.MX_CAN2_Init)
    MX_DMA_Init                              0x08003ae9   Thumb Code    56  dma.o(i.MX_DMA_Init)
    MX_FREERTOS_Init                         0x08003b25   Thumb Code   140  freertos.o(i.MX_FREERTOS_Init)
    MX_GPIO_Init                             0x08003bb9   Thumb Code   290  gpio.o(i.MX_GPIO_Init)
    MX_SPI5_Init                             0x08003cf5   Thumb Code    62  spi.o(i.MX_SPI5_Init)
    MX_TIM12_Init                            0x08003d3d   Thumb Code   120  tim.o(i.MX_TIM12_Init)
    MX_TIM2_Init                             0x08003dbd   Thumb Code   166  tim.o(i.MX_TIM2_Init)
    MX_TIM3_Init                             0x08003e69   Thumb Code   142  tim.o(i.MX_TIM3_Init)
    MX_UART7_Init                            0x08003f01   Thumb Code    48  usart.o(i.MX_UART7_Init)
    MX_USART1_UART_Init                      0x08003f39   Thumb Code    46  usart.o(i.MX_USART1_UART_Init)
    MX_USART6_UART_Init                      0x08003f75   Thumb Code    48  usart.o(i.MX_USART6_UART_Init)
    MemManage_Handler                        0x08003fad   Thumb Code     2  stm32f4xx_it.o(i.MemManage_Handler)
    NMI_Handler                              0x08003faf   Thumb Code     2  stm32f4xx_it.o(i.NMI_Handler)
    PID_calc                                 0x08003fb1   Thumb Code   292  pid.o(i.PID_calc)
    PID_clear                                0x080040d9   Thumb Code    58  pid.o(i.PID_clear)
    PID_init                                 0x08004119   Thumb Code    88  pid.o(i.PID_init)
    RC_Init                                  0x08004175   Thumb Code    84  bsp_rc.o(i.RC_Init)
    RC_restart                               0x080043f5   Thumb Code    52  bsp_rc.o(i.RC_restart)
    RC_unable                                0x08004431   Thumb Code    14  bsp_rc.o(i.RC_unable)
    StartDefaultTask                         0x08004581   Thumb Code     8  freertos.o(i.StartDefaultTask)
    SysTick_Handler                          0x08004589   Thumb Code    24  stm32f4xx_it.o(i.SysTick_Handler)
    SystemClock_Config                       0x080045a1   Thumb Code   136  main.o(i.SystemClock_Config)
    SystemInit                               0x08004631   Thumb Code    64  system_stm32f4xx.o(i.SystemInit)
    TIM_Base_SetConfig                       0x08004689   Thumb Code   182  stm32f4xx_hal_tim.o(i.TIM_Base_SetConfig)
    TIM_CCxChannelCmd                        0x08004755   Thumb Code    30  stm32f4xx_hal_tim.o(i.TIM_CCxChannelCmd)
    TIM_ETR_SetConfig                        0x08004773   Thumb Code    22  stm32f4xx_hal_tim.o(i.TIM_ETR_SetConfig)
    TIM_OC2_SetConfig                        0x08004809   Thumb Code   112  stm32f4xx_hal_tim.o(i.TIM_OC2_SetConfig)
    USART1_IRQHandler                        0x08004b25   Thumb Code   172  remote_control.o(i.USART1_IRQHandler)
    UsageFault_Handler                       0x08004be9   Thumb Code     2  stm32f4xx_it.o(i.UsageFault_Handler)
    __ARM_fpclassifyf                        0x08004beb   Thumb Code    38  fpclassifyf.o(i.__ARM_fpclassifyf)
    __hardfp_asinf                           0x08004c11   Thumb Code   258  asinf.o(i.__hardfp_asinf)
    __hardfp_atan2f                          0x08004d3d   Thumb Code   594  atan2f.o(i.__hardfp_atan2f)
    __hardfp_sqrtf                           0x08004fe9   Thumb Code    58  sqrtf_full.o(i.__hardfp_sqrtf)
    __mathlib_flt_infnan                     0x08005023   Thumb Code     6  funder.o(i.__mathlib_flt_infnan)
    __mathlib_flt_infnan2                    0x08005029   Thumb Code     6  funder.o(i.__mathlib_flt_infnan2)
    __mathlib_flt_invalid                    0x08005031   Thumb Code    10  funder.o(i.__mathlib_flt_invalid)
    __mathlib_flt_underflow                  0x08005041   Thumb Code    10  funder.o(i.__mathlib_flt_underflow)
    __scatterload_copy                       0x08005051   Thumb Code    14  handlers.o(i.__scatterload_copy)
    __scatterload_null                       0x0800505f   Thumb Code     2  handlers.o(i.__scatterload_null)
    __scatterload_zeroinit                   0x08005061   Thumb Code    14  handlers.o(i.__scatterload_zeroinit)
    __set_errno                              0x08005071   Thumb Code     6  errno.o(i.__set_errno)
    abs_limit                                0x0800507d   Thumb Code    34  user_lib.o(i.abs_limit)
    battery_voltage_task                     0x080055a5   Thumb Code    20  voltage_task.o(i.battery_voltage_task)
    buzzer_effects_task                      0x080055b9   Thumb Code   386  sound_effects_task.o(i.buzzer_effects_task)
    buzzer_off                               0x08005745   Thumb Code    10  bsp_buzzer.o(i.buzzer_off)
    buzzer_on                                0x08005755   Thumb Code    12  bsp_buzzer.o(i.buzzer_on)
    cali_param_init                          0x08005a81   Thumb Code   110  calibrate_task.o(i.cali_param_init)
    calibrate_task                           0x08005af9   Thumb Code   132  calibrate_task.o(i.calibrate_task)
    can_filter_init                          0x08005b89   Thumb Code    80  bsp_can.o(i.can_filter_init)
    cmd_cali_gimbal_hook                     0x08005be1   Thumb Code   230  gimbal_task.o(i.cmd_cali_gimbal_hook)
    flash_erase_address                      0x08005ce1   Thumb Code    48  bsp_flash.o(i.flash_erase_address)
    flash_read                               0x08005d15   Thumb Code    12  bsp_flash.o(i.flash_read)
    flash_write_single_address               0x08005d21   Thumb Code    98  bsp_flash.o(i.flash_write_single_address)
    fric1_on                                 0x08005d89   Thumb Code     8  bsp_fric.o(i.fric1_on)
    fric2_on                                 0x08005d95   Thumb Code     8  bsp_fric.o(i.fric2_on)
    get_INS_angle_point                      0x08005e65   Thumb Code     4  bsp_imu.o(i.get_INS_angle_point)
    get_angle                                0x08005e6d   Thumb Code   232  ahrs.o(i.get_angle)
    get_control_temperature                  0x08005f55   Thumb Code     8  calibrate_task.o(i.get_control_temperature)
    get_gyro_data_point                      0x08005f61   Thumb Code     4  bsp_imu.o(i.get_gyro_data_point)
    get_next_flash_address                   0x08005f69   Thumb Code   168  bsp_flash.o(i.get_next_flash_address)
    get_pitch_gimbal_motor_measure_point     0x0800603d   Thumb Code     4  can_receive.o(i.get_pitch_gimbal_motor_measure_point)
    get_remote_control_point                 0x08006045   Thumb Code     4  remote_control.o(i.get_remote_control_point)
    get_temprate                             0x0800604d   Thumb Code    50  bsp_adc.o(i.get_temprate)
    get_trigger_motor_measure_point          0x08006095   Thumb Code     4  can_receive.o(i.get_trigger_motor_measure_point)
    get_yaw_gimbal_motor_measure_point       0x0800609d   Thumb Code     4  can_receive.o(i.get_yaw_gimbal_motor_measure_point)
    gimbal_behaviour_control_set             0x080063b5   Thumb Code   136  gimbal_behaviour.o(i.gimbal_behaviour_control_set)
    gimbal_behaviour_mode_set                0x08006451   Thumb Code    66  gimbal_behaviour.o(i.gimbal_behaviour_mode_set)
    gimbal_cmd_to_shoot_stop                 0x08006695   Thumb Code    22  gimbal_behaviour.o(i.gimbal_cmd_to_shoot_stop)
    gimbal_task                              0x08006b35   Thumb Code   176  gimbal_task.o(i.gimbal_task)
    gyro_offset_calc                         0x08006bed   Thumb Code    72  bsp_imu.o(i.gyro_offset_calc)
    imu_pwm_set                              0x08006d25   Thumb Code     8  bsp_imu_pwm.o(i.imu_pwm_set)
    init_vrefint_reciprocal                  0x08006dc9   Thumb Code    48  bsp_adc.o(i.init_vrefint_reciprocal)
    ist8310_get_data                         0x08006e05   Thumb Code    10  bsp_imu.o(i.ist8310_get_data)
    laser_off                                0x08006e11   Thumb Code    12  bsp_laser.o(i.laser_off)
    laser_on                                 0x08006e21   Thumb Code    10  bsp_laser.o(i.laser_on)
    led_off                                  0x08006e31   Thumb Code    28  gpio.o(i.led_off)
    loop_fp32_constrain                      0x08006e55   Thumb Code    72  user_lib.o(i.loop_fp32_constrain)
    main                                     0x08006e9d   Thumb Code   152  main.o(i.main)
    mpu_device_init                          0x08006f81   Thumb Code    80  bsp_imu.o(i.mpu_device_init)
    mpu_read_byte                            0x08006fd9   Thumb Code    68  bsp_imu.o(i.mpu_read_byte)
    mpu_read_bytes                           0x08007029   Thumb Code    80  bsp_imu.o(i.mpu_read_bytes)
    mpu_set_accel_fsr                        0x08007085   Thumb Code    10  bsp_imu.o(i.mpu_set_accel_fsr)
    mpu_set_gyro_fsr                         0x0800708f   Thumb Code    10  bsp_imu.o(i.mpu_set_gyro_fsr)
    mpu_write_byte                           0x08007099   Thumb Code    72  bsp_imu.o(i.mpu_write_byte)
    osDelay                                  0x080070ed   Thumb Code    16  cmsis_os.o(i.osDelay)
    osKernelStart                            0x080070fd   Thumb Code    10  cmsis_os.o(i.osKernelStart)
    osThreadCreate                           0x08007107   Thumb Code    92  cmsis_os.o(i.osThreadCreate)
    pcTaskGetName                            0x08007165   Thumb Code    30  tasks.o(i.pcTaskGetName)
    pvPortMalloc                             0x080075ad   Thumb Code   224  heap_4.o(i.pvPortMalloc)
    pxPortInitialiseStack                    0x08007695   Thumb Code    38  port.o(i.pxPortInitialiseStack)
    ramp_calc                                0x08007745   Thumb Code    80  user_lib.o(i.ramp_calc)
    ramp_init                                0x08007795   Thumb Code    26  user_lib.o(i.ramp_init)
    remote_control_init                      0x080077b1   Thumb Code    12  remote_control.o(i.remote_control_init)
    sbus_to_usart6                           0x08007875   Thumb Code    28  remote_control.o(i.sbus_to_usart6)
    set_cali_gimbal_hook                     0x08007899   Thumb Code    28  gimbal_task.o(i.set_cali_gimbal_hook)
    shoot_control_loop                       0x08007955   Thumb Code   304  shoot.o(i.shoot_control_loop)
    shoot_init                               0x08007c1d   Thumb Code   170  shoot.o(i.shoot_init)
    sqrtf                                    0x08007e2d   Thumb Code    62  sqrtf_full.o(i.sqrtf)
    usart6_tx_dma_init                       0x08007f49   Thumb Code    60  bsp_usart.o(i.usart6_tx_dma_init)
    uxListRemove                             0x08007f91   Thumb Code    38  list.o(i.uxListRemove)
    uxTaskGetStackHighWaterMark              0x08007fb9   Thumb Code    14  tasks.o(i.uxTaskGetStackHighWaterMark)
    vApplicationGetIdleTaskMemory            0x08007fcd   Thumb Code    16  freertos.o(i.vApplicationGetIdleTaskMemory)
    vListInitialise                          0x08007fe1   Thumb Code    22  list.o(i.vListInitialise)
    vListInitialiseItem                      0x08007ff7   Thumb Code     6  list.o(i.vListInitialiseItem)
    vListInsert                              0x08007ffd   Thumb Code    54  list.o(i.vListInsert)
    vListInsertEnd                           0x08008033   Thumb Code    24  list.o(i.vListInsertEnd)
    vPortEnterCritical                       0x0800804d   Thumb Code    54  port.o(i.vPortEnterCritical)
    vPortExitCritical                        0x0800808d   Thumb Code    38  port.o(i.vPortExitCritical)
    vPortFree                                0x080080b9   Thumb Code    94  heap_4.o(i.vPortFree)
    vPortSetupTimerInterrupt                 0x0800811d   Thumb Code    32  port.o(i.vPortSetupTimerInterrupt)
    vTaskDelay                               0x08008141   Thumb Code    70  tasks.o(i.vTaskDelay)
    vTaskStartScheduler                      0x08008191   Thumb Code   120  tasks.o(i.vTaskStartScheduler)
    vTaskSuspendAll                          0x08008219   Thumb Code    10  tasks.o(i.vTaskSuspendAll)
    vTaskSwitchContext                       0x08008229   Thumb Code    86  tasks.o(i.vTaskSwitchContext)
    xPortStartScheduler                      0x08008289   Thumb Code   232  port.o(i.xPortStartScheduler)
    xPortSysTickHandler                      0x0800838d   Thumb Code    38  port.o(i.xPortSysTickHandler)
    xTaskCreate                              0x080083b9   Thumb Code   108  tasks.o(i.xTaskCreate)
    xTaskCreateStatic                        0x08008425   Thumb Code    96  tasks.o(i.xTaskCreateStatic)
    xTaskGetHandle                           0x08008485   Thumb Code   124  tasks.o(i.xTaskGetHandle)
    xTaskGetSchedulerState                   0x08008511   Thumb Code    24  tasks.o(i.xTaskGetSchedulerState)
    xTaskGetTickCount                        0x0800852d   Thumb Code     6  tasks.o(i.xTaskGetTickCount)
    xTaskIncrementTick                       0x08008539   Thumb Code   202  tasks.o(i.xTaskIncrementTick)
    xTaskResumeAll                           0x0800860d   Thumb Code   190  tasks.o(i.xTaskResumeAll)
    AHBPrescTable                            0x080087a8   Data          16  system_stm32f4xx.o(.constdata)
    APBPrescTable                            0x080087b8   Data           8  system_stm32f4xx.o(.constdata)
    sinTable_f32                             0x08008800   Data        2052  arm_common_tables.o(.constdata)
    Region$$Table$$Base                      0x08009048   Number         0  anon$$obj.o(Region$$Table)
    Region$$Table$$Limit                     0x08009068   Number         0  anon$$obj.o(Region$$Table)
    imuTaskHandle                            0x20000000   Data           4  freertos.o(.data)
    calibrate_tast_handle                    0x20000004   Data           4  freertos.o(.data)
    gimbalTaskHandle                         0x20000008   Data           4  freertos.o(.data)
    battery_voltage_handle                   0x2000000c   Data           4  freertos.o(.data)
    sound_task_handle                        0x20000010   Data           4  freertos.o(.data)
    defaultTaskHandle                        0x20000014   Data           4  freertos.o(.data)
    first_init_flag                          0x2000001c   Data           1  bsp_imu.o(.data)
    imu_start_dma_flag                       0x2000001d   Data           1  bsp_imu.o(.data)
    id                                       0x20000022   Data           1  bsp_imu.o(.data)
    q0                                       0x20000024   Data           4  bsp_imu.o(.data)
    q1                                       0x20000028   Data           4  bsp_imu.o(.data)
    q2                                       0x2000002c   Data           4  bsp_imu.o(.data)
    q3                                       0x20000030   Data           4  bsp_imu.o(.data)
    exInt                                    0x20000038   Data           4  bsp_imu.o(.data)
    eyInt                                    0x2000003c   Data           4  bsp_imu.o(.data)
    ezInt                                    0x20000040   Data           4  bsp_imu.o(.data)
    last_update                              0x20000068   Data           4  bsp_imu.o(.data)
    now_update                               0x2000006c   Data           4  bsp_imu.o(.data)
    ist_buff                                 0x20000074   Data           6  bsp_imu.o(.data)
    gyro_scale_factor                        0x20000088   Data          36  bsp_imu.o(.data)
    accel_scale_factor                       0x200000ac   Data          36  bsp_imu.o(.data)
    mag_scale_factor                         0x200000d0   Data          36  bsp_imu.o(.data)
    uwTickFreq                               0x200000f4   Data           1  stm32f4xx_hal.o(.data)
    uwTickPrio                               0x200000f8   Data           4  stm32f4xx_hal.o(.data)
    uwTick                                   0x200000fc   Data           4  stm32f4xx_hal.o(.data)
    SystemCoreClock                          0x20000100   Data           4  system_stm32f4xx.o(.data)
    pxCurrentTCB                             0x20000104   Data           4  tasks.o(.data)
    voltage_vrefint_proportion               0x2000017c   Data           4  bsp_adc.o(.data)
    gimbal_behaviour                         0x20000194   Data           1  gimbal_behaviour.o(.data)
    gimbal_high_water                        0x200001bc   Data           4  gimbal_task.o(.data)
    calibrate_task_stack                     0x200001d4   Data           4  calibrate_task.o(.data)
    cali_hook_fun                            0x20000204   Data          20  calibrate_task.o(.data)
    buzzer_is_busy                           0x20000228   Data           1  sound_effects_task.o(.data)
    buzzer_control                           0x2000022c   Data           8  sound_effects_task.o(.data)
    hadc1                                    0x2000049c   Data          72  adc.o(.bss)
    hcan1                                    0x200004e4   Data          40  can.o(.bss)
    hcan2                                    0x2000050c   Data          40  can.o(.bss)
    hspi5                                    0x20000534   Data          88  spi.o(.bss)
    htim2                                    0x2000058c   Data          72  tim.o(.bss)
    htim3                                    0x200005d4   Data          72  tim.o(.bss)
    htim12                                   0x2000061c   Data          72  tim.o(.bss)
    huart7                                   0x20000664   Data          68  usart.o(.bss)
    huart1                                   0x200006a8   Data          68  usart.o(.bss)
    huart6                                   0x200006ec   Data          68  usart.o(.bss)
    hdma_usart1_rx                           0x20000730   Data          96  usart.o(.bss)
    hdma_usart6_tx                           0x20000790   Data          96  usart.o(.bss)
    imu                                      0x200007f0   Data          52  bsp_imu.o(.bss)
    INS_angle                                0x2000087c   Data          12  bsp_imu.o(.bss)
    INS_angle_system                         0x20000888   Data          12  bsp_imu.o(.bss)
    mpu_buff                                 0x20000894   Data          14  bsp_imu.o(.bss)
    mpu_data                                 0x200008a2   Data          32  bsp_imu.o(.bss)
    bmi088_real_data                         0x200008c4   Data          36  bsp_imu.o(.bss)
    gyro_offset                              0x200008e8   Data          12  bsp_imu.o(.bss)
    gyro_cali_offset                         0x200008f4   Data          12  bsp_imu.o(.bss)
    accel_offset                             0x20000900   Data          12  bsp_imu.o(.bss)
    ist8310_real_data                        0x2000090c   Data          16  bsp_imu.o(.bss)
    mag_offset                               0x2000091c   Data          12  bsp_imu.o(.bss)
    pFlash                                   0x20000970   Data          32  stm32f4xx_hal_flash.o(.bss)
    motor_chassis                            0x20004690   Data          70  can_receive.o(.bss)
    gimbal_control                           0x20004708   Data         488  gimbal_task.o(.bss)
    rc_ctrl                                  0x20004904   Data          22  remote_control.o(.bss)
    cali_sensor                              0x20004a38   Data          65  calibrate_task.o(.bss)
    shoot_control                            0x20004a7c   Data         176  shoot.o(.bss)
    __initial_sp                             0x20004f30   Data           0  startup_stm32f427xx.o(STACK)



==============================================================================

Memory Map of the image

  Image Entry point : 0x080001ad

  Load Region LR_IROM1 (Base: 0x08000000, Size: 0x000092b0, Max: 0x00200000, ABSOLUTE, COMPRESSED[0x000090c8])

    Execution Region ER_IROM1 (Exec base: 0x08000000, Load base: 0x08000000, Size: 0x00009068, Max: 0x00200000, ABSOLUTE)

    Exec Addr    Load Addr    Size         Type   Attr      Idx    E Section Name        Object

    0x08000000   0x08000000   0x000001ac   Data   RO          749    RESET               startup_stm32f427xx.o
    0x080001ac   0x080001ac   0x00000000   Code   RO         7630  * .ARM.Collect$$$$00000000  mc_w.l(entry.o)
    0x080001ac   0x080001ac   0x00000004   Code   RO         7707    .ARM.Collect$$$$00000001  mc_w.l(entry2.o)
    0x080001b0   0x080001b0   0x00000004   Code   RO         7710    .ARM.Collect$$$$00000004  mc_w.l(entry5.o)
    0x080001b4   0x080001b4   0x00000000   Code   RO         7712    .ARM.Collect$$$$00000008  mc_w.l(entry7b.o)
    0x080001b4   0x080001b4   0x00000000   Code   RO         7714    .ARM.Collect$$$$0000000A  mc_w.l(entry8b.o)
    0x080001b4   0x080001b4   0x00000008   Code   RO         7715    .ARM.Collect$$$$0000000B  mc_w.l(entry9a.o)
    0x080001bc   0x080001bc   0x00000004   Code   RO         7722    .ARM.Collect$$$$0000000E  mc_w.l(entry12b.o)
    0x080001c0   0x080001c0   0x00000000   Code   RO         7717    .ARM.Collect$$$$0000000F  mc_w.l(entry10a.o)
    0x080001c0   0x080001c0   0x00000000   Code   RO         7719    .ARM.Collect$$$$00000011  mc_w.l(entry11a.o)
    0x080001c0   0x080001c0   0x00000004   Code   RO         7708    .ARM.Collect$$$$00002712  mc_w.l(entry2.o)
    0x080001c4   0x080001c4   0x000000be   Code   RO         5724    .emb_text           port.o
    0x08000282   0x08000282   0x00000002   PAD
    0x08000284   0x08000284   0x00000024   Code   RO          750    .text               startup_stm32f427xx.o
    0x080002a8   0x080002a8   0x00000078   Code   RO         7370    .text               arm_cortexM4lf_math.lib(arm_cos_f32.o)
    0x08000320   0x08000320   0x00000074   Code   RO         7423    .text               arm_cortexM4lf_math.lib(arm_sin_f32.o)
    0x08000394   0x08000394   0x00000062   Code   RO         7633    .text               mc_w.l(uldiv.o)
    0x080003f6   0x080003f6   0x00000024   Code   RO         7635    .text               mc_w.l(memcpya.o)
    0x0800041a   0x0800041a   0x00000024   Code   RO         7639    .text               mc_w.l(memseta.o)
    0x0800043e   0x0800043e   0x0000000e   Code   RO         7641    .text               mc_w.l(strlen.o)
    0x0800044c   0x0800044c   0x0000001e   Code   RO         7723    .text               mc_w.l(llshl.o)
    0x0800046a   0x0800046a   0x00000020   Code   RO         7725    .text               mc_w.l(llushr.o)
    0x0800048a   0x0800048a   0x00000000   Code   RO         7734    .text               mc_w.l(iusefp.o)
    0x0800048a   0x0800048a   0x00000002   PAD
    0x0800048c   0x0800048c   0x00000024   Code   RO         7749    .text               mc_w.l(init.o)
    0x080004b0   0x080004b0   0x00000056   Code   RO         7761    .text               mc_w.l(__dczerorl2.o)
    0x08000506   0x08000506   0x00000002   PAD
    0x08000508   0x08000508   0x00000130   Code   RO          985    i.ADC_Init          stm32f4xx_hal_adc.o
    0x08000638   0x08000638   0x00000004   Code   RO         7026    i.AHRS_asinf        ahrs_middleware.o
    0x0800063c   0x0800063c   0x00000004   Code   RO         7027    i.AHRS_atan2f       ahrs_middleware.o
    0x08000640   0x08000640   0x00000004   Code   RO         7028    i.AHRS_cosf         ahrs_middleware.o
    0x08000644   0x08000644   0x0000001a   Code   RO         7280    i.AHRS_fabs         AHRS.lib(ahrs.o)
    0x0800065e   0x0800065e   0x00000002   PAD
    0x08000660   0x08000660   0x00000014   Code   RO         7029    i.AHRS_get_height   ahrs_middleware.o
    0x08000674   0x08000674   0x0000000e   Code   RO         7030    i.AHRS_get_latitude  ahrs_middleware.o
    0x08000682   0x08000682   0x00000002   PAD
    0x08000684   0x08000684   0x0000029c   Code   RO         7281    i.AHRS_init         AHRS.lib(ahrs.o)
    0x08000920   0x08000920   0x00000014   Code   RO         7031    i.AHRS_invSqrt      ahrs_middleware.o
    0x08000934   0x08000934   0x00000004   Code   RO         7032    i.AHRS_sinf         ahrs_middleware.o
    0x08000938   0x08000938   0x0000013a   Code   RO         7282    i.AHRS_update       AHRS.lib(ahrs.o)
    0x08000a72   0x08000a72   0x00000002   PAD
    0x08000a74   0x08000a74   0x00000194   Code   RO          757    i.BMI088_read       bsp_imu.o
    0x08000c08   0x08000c08   0x00000002   Code   RO          638    i.BusFault_Handler  stm32f4xx_it.o
    0x08000c0a   0x08000c0a   0x00000002   PAD
    0x08000c0c   0x08000c0c   0x0000000c   Code   RO          639    i.CAN1_RX0_IRQHandler  stm32f4xx_it.o
    0x08000c18   0x08000c18   0x0000000c   Code   RO          640    i.CAN2_RX0_IRQHandler  stm32f4xx_it.o
    0x08000c24   0x08000c24   0x00000040   Code   RO         6220    i.CAN_cmd_chassis_reset_ID  can_receive.o
    0x08000c64   0x08000c64   0x00000048   Code   RO         6221    i.CAN_cmd_gimbal    can_receive.o
    0x08000cac   0x08000cac   0x0000000c   Code   RO          641    i.DMA2_Stream2_IRQHandler  stm32f4xx_it.o
    0x08000cb8   0x08000cb8   0x0000000c   Code   RO          642    i.DMA2_Stream6_IRQHandler  stm32f4xx_it.o
    0x08000cc4   0x08000cc4   0x00000034   Code   RO         1821    i.DMA_CalcBaseAndBitshift  stm32f4xx_hal_dma.o
    0x08000cf8   0x08000cf8   0x0000007e   Code   RO         1822    i.DMA_CheckFifoParam  stm32f4xx_hal_dma.o
    0x08000d76   0x08000d76   0x00000002   Code   RO          643    i.DebugMon_Handler  stm32f4xx_it.o
    0x08000d78   0x08000d78   0x00000002   Code   RO            4    i.Error_Handler     main.o
    0x08000d7a   0x08000d7a   0x00000002   PAD
    0x08000d7c   0x08000d7c   0x00000058   Code   RO         1546    i.FLASH_Erase_Sector  stm32f4xx_hal_flash_ex.o
    0x08000dd4   0x08000dd4   0x00000058   Code   RO         1547    i.FLASH_FlushCaches  stm32f4xx_hal_flash_ex.o
    0x08000e2c   0x08000e2c   0x00000044   Code   RO         1548    i.FLASH_MassErase   stm32f4xx_hal_flash_ex.o
    0x08000e70   0x08000e70   0x00000020   Code   RO         1428    i.FLASH_Program_Byte  stm32f4xx_hal_flash.o
    0x08000e90   0x08000e90   0x00000034   Code   RO         1429    i.FLASH_Program_DoubleWord  stm32f4xx_hal_flash.o
    0x08000ec4   0x08000ec4   0x00000024   Code   RO         1430    i.FLASH_Program_HalfWord  stm32f4xx_hal_flash.o
    0x08000ee8   0x08000ee8   0x00000024   Code   RO         1431    i.FLASH_Program_Word  stm32f4xx_hal_flash.o
    0x08000f0c   0x08000f0c   0x00000088   Code   RO         1432    i.FLASH_SetErrorCode  stm32f4xx_hal_flash.o
    0x08000f94   0x08000f94   0x00000060   Code   RO         1433    i.FLASH_WaitForLastOperation  stm32f4xx_hal_flash.o
    0x08000ff4   0x08000ff4   0x0000018c   Code   RO          987    i.HAL_ADC_ConfigChannel  stm32f4xx_hal_adc.o
    0x08001180   0x08001180   0x00000006   Code   RO          994    i.HAL_ADC_GetValue  stm32f4xx_hal_adc.o
    0x08001186   0x08001186   0x00000056   Code   RO          996    i.HAL_ADC_Init      stm32f4xx_hal_adc.o
    0x080011dc   0x080011dc   0x00000028   Code   RO          368    i.HAL_ADC_MspInit   adc.o
    0x08001204   0x08001204   0x000000c6   Code   RO         1000    i.HAL_ADC_PollForConversion  stm32f4xx_hal_adc.o
    0x080012ca   0x080012ca   0x00000002   PAD
    0x080012cc   0x080012cc   0x00000128   Code   RO         1002    i.HAL_ADC_Start     stm32f4xx_hal_adc.o
    0x080013f4   0x080013f4   0x00000024   Code   RO         2520    i.HAL_CAN_ActivateNotification  stm32f4xx_hal_can.o
    0x08001418   0x08001418   0x00000104   Code   RO         2521    i.HAL_CAN_AddTxMessage  stm32f4xx_hal_can.o
    0x0800151c   0x0800151c   0x00000128   Code   RO         2522    i.HAL_CAN_ConfigFilter  stm32f4xx_hal_can.o
    0x08001644   0x08001644   0x00000002   Code   RO         2525    i.HAL_CAN_ErrorCallback  stm32f4xx_hal_can.o
    0x08001646   0x08001646   0x0000016c   Code   RO         2528    i.HAL_CAN_GetRxMessage  stm32f4xx_hal_can.o
    0x080017b2   0x080017b2   0x00000234   Code   RO         2532    i.HAL_CAN_IRQHandler  stm32f4xx_hal_can.o
    0x080019e6   0x080019e6   0x00000168   Code   RO         2533    i.HAL_CAN_Init      stm32f4xx_hal_can.o
    0x08001b4e   0x08001b4e   0x00000002   PAD
    0x08001b50   0x08001b50   0x000000fc   Code   RO          410    i.HAL_CAN_MspInit   can.o
    0x08001c4c   0x08001c4c   0x00000002   Code   RO         2540    i.HAL_CAN_RxFifo0FullCallback  stm32f4xx_hal_can.o
    0x08001c4e   0x08001c4e   0x00000002   PAD
    0x08001c50   0x08001c50   0x0000005c   Code   RO         6222    i.HAL_CAN_RxFifo0MsgPendingCallback  can_receive.o
    0x08001cac   0x08001cac   0x00000002   Code   RO         2542    i.HAL_CAN_RxFifo1FullCallback  stm32f4xx_hal_can.o
    0x08001cae   0x08001cae   0x00000002   Code   RO         2543    i.HAL_CAN_RxFifo1MsgPendingCallback  stm32f4xx_hal_can.o
    0x08001cb0   0x08001cb0   0x00000002   Code   RO         2544    i.HAL_CAN_SleepCallback  stm32f4xx_hal_can.o
    0x08001cb2   0x08001cb2   0x00000064   Code   RO         2545    i.HAL_CAN_Start     stm32f4xx_hal_can.o
    0x08001d16   0x08001d16   0x00000002   Code   RO         2547    i.HAL_CAN_TxMailbox0AbortCallback  stm32f4xx_hal_can.o
    0x08001d18   0x08001d18   0x00000002   Code   RO         2548    i.HAL_CAN_TxMailbox0CompleteCallback  stm32f4xx_hal_can.o
    0x08001d1a   0x08001d1a   0x00000002   Code   RO         2549    i.HAL_CAN_TxMailbox1AbortCallback  stm32f4xx_hal_can.o
    0x08001d1c   0x08001d1c   0x00000002   Code   RO         2550    i.HAL_CAN_TxMailbox1CompleteCallback  stm32f4xx_hal_can.o
    0x08001d1e   0x08001d1e   0x00000002   Code   RO         2551    i.HAL_CAN_TxMailbox2AbortCallback  stm32f4xx_hal_can.o
    0x08001d20   0x08001d20   0x00000002   Code   RO         2552    i.HAL_CAN_TxMailbox2CompleteCallback  stm32f4xx_hal_can.o
    0x08001d22   0x08001d22   0x00000002   Code   RO         2554    i.HAL_CAN_WakeUpFromRxMsgCallback  stm32f4xx_hal_can.o
    0x08001d24   0x08001d24   0x000001ec   Code   RO         1829    i.HAL_DMA_IRQHandler  stm32f4xx_hal_dma.o
    0x08001f10   0x08001f10   0x000000ec   Code   RO         1830    i.HAL_DMA_Init      stm32f4xx_hal_dma.o
    0x08001ffc   0x08001ffc   0x00000028   Code   RO         2256    i.HAL_Delay         stm32f4xx_hal.o
    0x08002024   0x08002024   0x000000b0   Code   RO         1563    i.HAL_FLASHEx_Erase  stm32f4xx_hal_flash_ex.o
    0x080020d4   0x080020d4   0x00000014   Code   RO         1437    i.HAL_FLASH_Lock    stm32f4xx_hal_flash.o
    0x080020e8   0x080020e8   0x00000080   Code   RO         1442    i.HAL_FLASH_Program  stm32f4xx_hal_flash.o
    0x08002168   0x08002168   0x00000034   Code   RO         1444    i.HAL_FLASH_Unlock  stm32f4xx_hal_flash.o
    0x0800219c   0x0800219c   0x0000024c   Code   RO         1717    i.HAL_GPIO_Init     stm32f4xx_hal_gpio.o
    0x080023e8   0x080023e8   0x0000000e   Code   RO         1721    i.HAL_GPIO_WritePin  stm32f4xx_hal_gpio.o
    0x080023f6   0x080023f6   0x00000002   PAD
    0x080023f8   0x080023f8   0x0000000c   Code   RO         2264    i.HAL_GetTick       stm32f4xx_hal.o
    0x08002404   0x08002404   0x00000010   Code   RO         2270    i.HAL_IncTick       stm32f4xx_hal.o
    0x08002414   0x08002414   0x00000034   Code   RO         2271    i.HAL_Init          stm32f4xx_hal.o
    0x08002448   0x08002448   0x00000044   Code   RO         2272    i.HAL_InitTick      stm32f4xx_hal.o
    0x0800248c   0x0800248c   0x00000038   Code   RO          726    i.HAL_MspInit       stm32f4xx_hal_msp.o
    0x080024c4   0x080024c4   0x0000001c   Code   RO         2124    i.HAL_NVIC_EnableIRQ  stm32f4xx_hal_cortex.o
    0x080024e0   0x080024e0   0x00000068   Code   RO         2130    i.HAL_NVIC_SetPriority  stm32f4xx_hal_cortex.o
    0x08002548   0x08002548   0x00000024   Code   RO         2131    i.HAL_NVIC_SetPriorityGrouping  stm32f4xx_hal_cortex.o
    0x0800256c   0x0800256c   0x0000017c   Code   RO         1261    i.HAL_RCC_ClockConfig  stm32f4xx_hal_rcc.o
    0x080026e8   0x080026e8   0x0000000c   Code   RO         1266    i.HAL_RCC_GetHCLKFreq  stm32f4xx_hal_rcc.o
    0x080026f4   0x080026f4   0x00000020   Code   RO         1268    i.HAL_RCC_GetPCLK1Freq  stm32f4xx_hal_rcc.o
    0x08002714   0x08002714   0x00000020   Code   RO         1269    i.HAL_RCC_GetPCLK2Freq  stm32f4xx_hal_rcc.o
    0x08002734   0x08002734   0x00000070   Code   RO         1270    i.HAL_RCC_GetSysClockFreq  stm32f4xx_hal_rcc.o
    0x080027a4   0x080027a4   0x00000482   Code   RO         1273    i.HAL_RCC_OscConfig  stm32f4xx_hal_rcc.o
    0x08002c26   0x08002c26   0x000000be   Code   RO         2764    i.HAL_SPI_Init      stm32f4xx_hal_spi.o
    0x08002ce4   0x08002ce4   0x0000006c   Code   RO          483    i.HAL_SPI_MspInit   spi.o
    0x08002d50   0x08002d50   0x000001f8   Code   RO         2773    i.HAL_SPI_TransmitReceive  stm32f4xx_hal_spi.o
    0x08002f48   0x08002f48   0x00000028   Code   RO         2135    i.HAL_SYSTICK_Config  stm32f4xx_hal_cortex.o
    0x08002f70   0x08002f70   0x0000009a   Code   RO         3811    i.HAL_TIMEx_MasterConfigSynchronization  stm32f4xx_hal_tim_ex.o
    0x0800300a   0x0800300a   0x0000005c   Code   RO         3077    i.HAL_TIM_Base_Init  stm32f4xx_hal_tim.o
    0x08003066   0x08003066   0x00000002   PAD
    0x08003068   0x08003068   0x00000058   Code   RO          525    i.HAL_TIM_Base_MspInit  tim.o
    0x080030c0   0x080030c0   0x000000ea   Code   RO         3086    i.HAL_TIM_ConfigClockSource  stm32f4xx_hal_tim.o
    0x080031aa   0x080031aa   0x00000002   PAD
    0x080031ac   0x080031ac   0x000000b4   Code   RO          526    i.HAL_TIM_MspPostInit  tim.o
    0x08003260   0x08003260   0x000000d8   Code   RO         3149    i.HAL_TIM_PWM_ConfigChannel  stm32f4xx_hal_tim.o
    0x08003338   0x08003338   0x0000005c   Code   RO         3152    i.HAL_TIM_PWM_Init  stm32f4xx_hal_tim.o
    0x08003394   0x08003394   0x00000002   Code   RO         3154    i.HAL_TIM_PWM_MspInit  stm32f4xx_hal_tim.o
    0x08003396   0x08003396   0x00000002   PAD
    0x08003398   0x08003398   0x000000dc   Code   RO         3157    i.HAL_TIM_PWM_Start  stm32f4xx_hal_tim.o
    0x08003474   0x08003474   0x00000064   Code   RO         4088    i.HAL_UART_Init     stm32f4xx_hal_uart.o
    0x080034d8   0x080034d8   0x000001ac   Code   RO          585    i.HAL_UART_MspInit  usart.o
    0x08003684   0x08003684   0x000000ca   Code   RO         4096    i.HAL_UART_Transmit  stm32f4xx_hal_uart.o
    0x0800374e   0x0800374e   0x00000002   Code   RO          644    i.HardFault_Handler  stm32f4xx_it.o
    0x08003750   0x08003750   0x00000060   Code   RO          759    i.INS_cali_gyro     bsp_imu.o
    0x080037b0   0x080037b0   0x00000028   Code   RO          760    i.INS_set_cali_gyro  bsp_imu.o
    0x080037d8   0x080037d8   0x00000220   Code   RO          761    i.INS_task          bsp_imu.o
    0x080039f8   0x080039f8   0x00000068   Code   RO          369    i.MX_ADC1_Init      adc.o
    0x08003a60   0x08003a60   0x00000044   Code   RO          411    i.MX_CAN1_Init      can.o
    0x08003aa4   0x08003aa4   0x00000044   Code   RO          412    i.MX_CAN2_Init      can.o
    0x08003ae8   0x08003ae8   0x0000003c   Code   RO          458    i.MX_DMA_Init       dma.o
    0x08003b24   0x08003b24   0x00000094   Code   RO          296    i.MX_FREERTOS_Init  freertos.o
    0x08003bb8   0x08003bb8   0x0000013c   Code   RO          266    i.MX_GPIO_Init      gpio.o
    0x08003cf4   0x08003cf4   0x00000048   Code   RO          484    i.MX_SPI5_Init      spi.o
    0x08003d3c   0x08003d3c   0x00000080   Code   RO          527    i.MX_TIM12_Init     tim.o
    0x08003dbc   0x08003dbc   0x000000ac   Code   RO          528    i.MX_TIM2_Init      tim.o
    0x08003e68   0x08003e68   0x00000098   Code   RO          529    i.MX_TIM3_Init      tim.o
    0x08003f00   0x08003f00   0x00000038   Code   RO          586    i.MX_UART7_Init     usart.o
    0x08003f38   0x08003f38   0x0000003c   Code   RO          587    i.MX_USART1_UART_Init  usart.o
    0x08003f74   0x08003f74   0x00000038   Code   RO          588    i.MX_USART6_UART_Init  usart.o
    0x08003fac   0x08003fac   0x00000002   Code   RO          645    i.MemManage_Handler  stm32f4xx_it.o
    0x08003fae   0x08003fae   0x00000002   Code   RO          646    i.NMI_Handler       stm32f4xx_it.o
    0x08003fb0   0x08003fb0   0x00000128   Code   RO         6986    i.PID_calc          pid.o
    0x080040d8   0x080040d8   0x00000040   Code   RO         6987    i.PID_clear         pid.o
    0x08004118   0x08004118   0x0000005c   Code   RO         6988    i.PID_init          pid.o
    0x08004174   0x08004174   0x00000060   Code   RO         5944    i.RC_Init           bsp_rc.o
    0x080041d4   0x080041d4   0x00000220   Code   RO         6701    i.RC_cmd_to_calibrate  calibrate_task.o
    0x080043f4   0x080043f4   0x0000003c   Code   RO         5945    i.RC_restart        bsp_rc.o
    0x08004430   0x08004430   0x00000014   Code   RO         5946    i.RC_unable         bsp_rc.o
    0x08004444   0x08004444   0x00000064   Code   RO         2802    i.SPI_EndRxTxTransaction  stm32f4xx_hal_spi.o
    0x080044a8   0x080044a8   0x000000d8   Code   RO         2807    i.SPI_WaitFlagStateUntilTimeout  stm32f4xx_hal_spi.o
    0x08004580   0x08004580   0x00000008   Code   RO          297    i.StartDefaultTask  freertos.o
    0x08004588   0x08004588   0x00000018   Code   RO          647    i.SysTick_Handler   stm32f4xx_it.o
    0x080045a0   0x080045a0   0x00000090   Code   RO            5    i.SystemClock_Config  main.o
    0x08004630   0x08004630   0x00000058   Code   RO         4427    i.SystemInit        system_stm32f4xx.o
    0x08004688   0x08004688   0x000000cc   Code   RO         3170    i.TIM_Base_SetConfig  stm32f4xx_hal_tim.o
    0x08004754   0x08004754   0x0000001e   Code   RO         3171    i.TIM_CCxChannelCmd  stm32f4xx_hal_tim.o
    0x08004772   0x08004772   0x00000016   Code   RO         3181    i.TIM_ETR_SetConfig  stm32f4xx_hal_tim.o
    0x08004788   0x08004788   0x00000010   Code   RO         3182    i.TIM_ITRx_SetConfig  stm32f4xx_hal_tim.o
    0x08004798   0x08004798   0x00000070   Code   RO         3183    i.TIM_OC1_SetConfig  stm32f4xx_hal_tim.o
    0x08004808   0x08004808   0x00000078   Code   RO         3184    i.TIM_OC2_SetConfig  stm32f4xx_hal_tim.o
    0x08004880   0x08004880   0x00000078   Code   RO         3185    i.TIM_OC3_SetConfig  stm32f4xx_hal_tim.o
    0x080048f8   0x080048f8   0x00000058   Code   RO         3186    i.TIM_OC4_SetConfig  stm32f4xx_hal_tim.o
    0x08004950   0x08004950   0x00000026   Code   RO         3188    i.TIM_TI1_ConfigInputStage  stm32f4xx_hal_tim.o
    0x08004976   0x08004976   0x00000024   Code   RO         3190    i.TIM_TI2_ConfigInputStage  stm32f4xx_hal_tim.o
    0x0800499a   0x0800499a   0x00000002   PAD
    0x0800499c   0x0800499c   0x000000fc   Code   RO         4115    i.UART_SetConfig    stm32f4xx_hal_uart.o
    0x08004a98   0x08004a98   0x0000008c   Code   RO         4119    i.UART_WaitOnFlagUntilTimeout  stm32f4xx_hal_uart.o
    0x08004b24   0x08004b24   0x000000c4   Code   RO         6629    i.USART1_IRQHandler  remote_control.o
    0x08004be8   0x08004be8   0x00000002   Code   RO          648    i.UsageFault_Handler  stm32f4xx_it.o
    0x08004bea   0x08004bea   0x00000026   Code   RO         7685    i.__ARM_fpclassifyf  m_wm.l(fpclassifyf.o)
    0x08004c10   0x08004c10   0x0000012c   Code   RO         7552    i.__hardfp_asinf    m_wm.l(asinf.o)
    0x08004d3c   0x08004d3c   0x000002ac   Code   RO         7576    i.__hardfp_atan2f   m_wm.l(atan2f.o)
    0x08004fe8   0x08004fe8   0x0000003a   Code   RO         7612    i.__hardfp_sqrtf    m_wm.l(sqrtf_full.o)
    0x08005022   0x08005022   0x00000006   Code   RO         7688    i.__mathlib_flt_infnan  m_wm.l(funder.o)
    0x08005028   0x08005028   0x00000006   Code   RO         7689    i.__mathlib_flt_infnan2  m_wm.l(funder.o)
    0x0800502e   0x0800502e   0x00000002   PAD
    0x08005030   0x08005030   0x00000010   Code   RO         7690    i.__mathlib_flt_invalid  m_wm.l(funder.o)
    0x08005040   0x08005040   0x00000010   Code   RO         7693    i.__mathlib_flt_underflow  m_wm.l(funder.o)
    0x08005050   0x08005050   0x0000000e   Code   RO         7755    i.__scatterload_copy  mc_w.l(handlers.o)
    0x0800505e   0x0800505e   0x00000002   Code   RO         7756    i.__scatterload_null  mc_w.l(handlers.o)
    0x08005060   0x08005060   0x0000000e   Code   RO         7757    i.__scatterload_zeroinit  mc_w.l(handlers.o)
    0x0800506e   0x0800506e   0x00000002   PAD
    0x08005070   0x08005070   0x0000000c   Code   RO         7729    i.__set_errno       mc_w.l(errno.o)
    0x0800507c   0x0800507c   0x00000022   Code   RO         7181    i.abs_limit         user_lib.o
    0x0800509e   0x0800509e   0x00000002   PAD
    0x080050a0   0x080050a0   0x000001d0   Code   RO         7283    i.accel_comple_filter  AHRS.lib(ahrs.o)
    0x08005270   0x08005270   0x0000018c   Code   RO         7284    i.accel_update_kp_ki  AHRS.lib(ahrs.o)
    0x080053fc   0x080053fc   0x0000003c   Code   RO         6176    i.adcx_get_chx_value  bsp_adc.o
    0x08005438   0x08005438   0x0000016c   Code   RO         7285    i.angle_to_quat     AHRS.lib(ahrs.o)
    0x080055a4   0x080055a4   0x00000014   Code   RO         6871    i.battery_voltage_task  voltage_task.o
    0x080055b8   0x080055b8   0x0000018c   Code   RO         6908    i.buzzer_effects_task  sound_effects_task.o
    0x08005744   0x08005744   0x00000010   Code   RO         5804    i.buzzer_off        bsp_buzzer.o
    0x08005754   0x08005754   0x00000010   Code   RO         5805    i.buzzer_on         bsp_buzzer.o
    0x08005764   0x08005764   0x0000014c   Code   RO         6486    i.calc_gimbal_cali  gimbal_task.o
    0x080058b0   0x080058b0   0x0000008c   Code   RO         6702    i.cali_data_read    calibrate_task.o
    0x0800593c   0x0800593c   0x0000006c   Code   RO         6703    i.cali_data_write   calibrate_task.o
    0x080059a8   0x080059a8   0x00000046   Code   RO         6704    i.cali_gimbal_hook  calibrate_task.o
    0x080059ee   0x080059ee   0x00000002   PAD
    0x080059f0   0x080059f0   0x00000054   Code   RO         6705    i.cali_gyro_hook    calibrate_task.o
    0x08005a44   0x08005a44   0x0000003c   Code   RO         6706    i.cali_head_hook    calibrate_task.o
    0x08005a80   0x08005a80   0x00000078   Code   RO         6707    i.cali_param_init   calibrate_task.o
    0x08005af8   0x08005af8   0x00000090   Code   RO         6708    i.calibrate_task    calibrate_task.o
    0x08005b88   0x08005b88   0x00000058   Code   RO         5916    i.can_filter_init   bsp_can.o
    0x08005be0   0x08005be0   0x00000100   Code   RO         6487    i.cmd_cali_gimbal_hook  gimbal_task.o
    0x08005ce0   0x08005ce0   0x00000034   Code   RO         5984    i.flash_erase_address  bsp_flash.o
    0x08005d14   0x08005d14   0x0000000c   Code   RO         5985    i.flash_read        bsp_flash.o
    0x08005d20   0x08005d20   0x00000068   Code   RO         5987    i.flash_write_single_address  bsp_flash.o
    0x08005d88   0x08005d88   0x0000000c   Code   RO         6041    i.fric1_on          bsp_fric.o
    0x08005d94   0x08005d94   0x0000000c   Code   RO         6042    i.fric2_on          bsp_fric.o
    0x08005da0   0x08005da0   0x000000c4   Code   RO         5988    i.ger_sector        bsp_flash.o
    0x08005e64   0x08005e64   0x00000008   Code   RO          762    i.get_INS_angle_point  bsp_imu.o
    0x08005e6c   0x08005e6c   0x000000e8   Code   RO         7286    i.get_angle         AHRS.lib(ahrs.o)
    0x08005f54   0x08005f54   0x0000000c   Code   RO         6709    i.get_control_temperature  calibrate_task.o
    0x08005f60   0x08005f60   0x00000008   Code   RO          765    i.get_gyro_data_point  bsp_imu.o
    0x08005f68   0x08005f68   0x000000d4   Code   RO         5989    i.get_next_flash_address  bsp_flash.o
    0x0800603c   0x0800603c   0x00000008   Code   RO         6224    i.get_pitch_gimbal_motor_measure_point  can_receive.o
    0x08006044   0x08006044   0x00000008   Code   RO         6630    i.get_remote_control_point  remote_control.o
    0x0800604c   0x0800604c   0x00000048   Code   RO         6177    i.get_temprate      bsp_adc.o
    0x08006094   0x08006094   0x00000008   Code   RO         6225    i.get_trigger_motor_measure_point  can_receive.o
    0x0800609c   0x0800609c   0x00000008   Code   RO         6226    i.get_yaw_gimbal_motor_measure_point  can_receive.o
    0x080060a4   0x080060a4   0x000000a0   Code   RO         6490    i.gimbal_PID_calc   gimbal_task.o
    0x08006144   0x08006144   0x0000002c   Code   RO         6491    i.gimbal_PID_clear  gimbal_task.o
    0x08006170   0x08006170   0x00000024   Code   RO         6492    i.gimbal_PID_init   gimbal_task.o
    0x08006194   0x08006194   0x0000016c   Code   RO         6399    i.gimbal_absolute_angle_control  gimbal_behaviour.o
    0x08006300   0x08006300   0x000000b4   Code   RO         6493    i.gimbal_absolute_angle_limit  gimbal_task.o
    0x080063b4   0x080063b4   0x0000009c   Code   RO         6400    i.gimbal_behaviour_control_set  gimbal_behaviour.o
    0x08006450   0x08006450   0x00000048   Code   RO         6401    i.gimbal_behaviour_mode_set  gimbal_behaviour.o
    0x08006498   0x08006498   0x000000d8   Code   RO         6402    i.gimbal_behavour_set  gimbal_behaviour.o
    0x08006570   0x08006570   0x00000124   Code   RO         6403    i.gimbal_cali_control  gimbal_behaviour.o
    0x08006694   0x08006694   0x0000001c   Code   RO         6405    i.gimbal_cmd_to_shoot_stop  gimbal_behaviour.o
    0x080066b0   0x080066b0   0x0000007a   Code   RO         6494    i.gimbal_feedback_update  gimbal_task.o
    0x0800672a   0x0800672a   0x00000002   PAD
    0x0800672c   0x0800672c   0x00000168   Code   RO         6495    i.gimbal_init       gimbal_task.o
    0x08006894   0x08006894   0x000000a6   Code   RO         6496    i.gimbal_mode_change_control_transit  gimbal_task.o
    0x0800693a   0x0800693a   0x0000003a   Code   RO         6497    i.gimbal_motor_absolute_angle_control  gimbal_task.o
    0x08006974   0x08006974   0x0000001a   Code   RO         6498    i.gimbal_motor_raw_angle_control  gimbal_task.o
    0x0800698e   0x0800698e   0x00000040   Code   RO         6499    i.gimbal_motor_relative_angle_control  gimbal_task.o
    0x080069ce   0x080069ce   0x00000002   PAD
    0x080069d0   0x080069d0   0x000000a4   Code   RO         6406    i.gimbal_relative_angle_control  gimbal_behaviour.o
    0x08006a74   0x08006a74   0x0000003c   Code   RO         6500    i.gimbal_relative_angle_limit  gimbal_task.o
    0x08006ab0   0x08006ab0   0x00000084   Code   RO         6501    i.gimbal_set_control  gimbal_task.o
    0x08006b34   0x08006b34   0x000000b8   Code   RO         6502    i.gimbal_task       gimbal_task.o
    0x08006bec   0x08006bec   0x0000004c   Code   RO          767    i.gyro_offset_calc  bsp_imu.o
    0x08006c38   0x08006c38   0x000000ec   Code   RO          770    i.imu_cali_slove    bsp_imu.o
    0x08006d24   0x08006d24   0x0000000c   Code   RO         6148    i.imu_pwm_set       bsp_imu_pwm.o
    0x08006d30   0x08006d30   0x00000098   Code   RO          771    i.imu_temp_control  bsp_imu.o
    0x08006dc8   0x08006dc8   0x0000003c   Code   RO         6178    i.init_vrefint_reciprocal  bsp_adc.o
    0x08006e04   0x08006e04   0x0000000a   Code   RO          774    i.ist8310_get_data  bsp_imu.o
    0x08006e0e   0x08006e0e   0x00000002   PAD
    0x08006e10   0x08006e10   0x00000010   Code   RO         6115    i.laser_off         bsp_laser.o
    0x08006e20   0x08006e20   0x00000010   Code   RO         6116    i.laser_on          bsp_laser.o
    0x08006e30   0x08006e30   0x00000024   Code   RO          267    i.led_off           gpio.o
    0x08006e54   0x08006e54   0x00000048   Code   RO         7189    i.loop_fp32_constrain  user_lib.o
    0x08006e9c   0x08006e9c   0x000000a4   Code   RO            6    i.main              main.o
    0x08006f40   0x08006f40   0x0000000c   Code   RO         5290    i.makeFreeRtosPriority  cmsis_os.o
    0x08006f4c   0x08006f4c   0x00000034   Code   RO         6503    i.motor_ecd_to_angle_change  gimbal_task.o
    0x08006f80   0x08006f80   0x00000058   Code   RO          778    i.mpu_device_init   bsp_imu.o
    0x08006fd8   0x08006fd8   0x00000050   Code   RO          782    i.mpu_read_byte     bsp_imu.o
    0x08007028   0x08007028   0x0000005c   Code   RO          783    i.mpu_read_bytes    bsp_imu.o
    0x08007084   0x08007084   0x0000000a   Code   RO          784    i.mpu_set_accel_fsr  bsp_imu.o
    0x0800708e   0x0800708e   0x0000000a   Code   RO          785    i.mpu_set_gyro_fsr  bsp_imu.o
    0x08007098   0x08007098   0x00000054   Code   RO          786    i.mpu_write_byte    bsp_imu.o
    0x080070ec   0x080070ec   0x00000010   Code   RO         5292    i.osDelay           cmsis_os.o
    0x080070fc   0x080070fc   0x0000000a   Code   RO         5295    i.osKernelStart     cmsis_os.o
    0x08007106   0x08007106   0x0000005c   Code   RO         5329    i.osThreadCreate    cmsis_os.o
    0x08007162   0x08007162   0x00000002   PAD
    0x08007164   0x08007164   0x00000024   Code   RO         4938    i.pcTaskGetName     tasks.o
    0x08007188   0x08007188   0x00000078   Code   RO         4939    i.prvAddCurrentTaskToDelayedList  tasks.o
    0x08007200   0x08007200   0x00000088   Code   RO         4940    i.prvAddNewTaskToReadyList  tasks.o
    0x08007288   0x08007288   0x00000040   Code   RO         4941    i.prvCheckTasksWaitingTermination  tasks.o
    0x080072c8   0x080072c8   0x00000040   Code   RO         4942    i.prvDeleteTCB      tasks.o
    0x08007308   0x08007308   0x00000050   Code   RO         5657    i.prvHeapInit       heap_4.o
    0x08007358   0x08007358   0x00000028   Code   RO         4943    i.prvIdleTask       tasks.o
    0x08007380   0x08007380   0x00000094   Code   RO         4944    i.prvInitialiseNewTask  tasks.o
    0x08007414   0x08007414   0x00000060   Code   RO         4945    i.prvInitialiseTaskLists  tasks.o
    0x08007474   0x08007474   0x0000005c   Code   RO         5658    i.prvInsertBlockIntoFreeList  heap_4.o
    0x080074d0   0x080074d0   0x00000024   Code   RO         4946    i.prvResetNextTaskUnblockTime  tasks.o
    0x080074f4   0x080074f4   0x0000006e   Code   RO         4947    i.prvSearchForNameWithinSingleList  tasks.o
    0x08007562   0x08007562   0x00000018   Code   RO         4948    i.prvTaskCheckFreeStackSpace  tasks.o
    0x0800757a   0x0800757a   0x00000002   PAD
    0x0800757c   0x0800757c   0x00000030   Code   RO         5725    i.prvTaskExitError  port.o
    0x080075ac   0x080075ac   0x000000e8   Code   RO         5659    i.pvPortMalloc      heap_4.o
    0x08007694   0x08007694   0x0000002c   Code   RO         5726    i.pxPortInitialiseStack  port.o
    0x080076c0   0x080076c0   0x00000084   Code   RO         7291    i.quat_normalization  AHRS.lib(ahrs.o)
    0x08007744   0x08007744   0x00000050   Code   RO         7190    i.ramp_calc         user_lib.o
    0x08007794   0x08007794   0x0000001a   Code   RO         7191    i.ramp_init         user_lib.o
    0x080077ae   0x080077ae   0x00000002   PAD
    0x080077b0   0x080077b0   0x00000010   Code   RO         6631    i.remote_control_init  remote_control.o
    0x080077c0   0x080077c0   0x000000b4   Code   RO         6632    i.sbus_to_rc        remote_control.o
    0x08007874   0x08007874   0x00000024   Code   RO         6633    i.sbus_to_usart6    remote_control.o
    0x08007898   0x08007898   0x00000020   Code   RO         6504    i.set_cali_gimbal_hook  gimbal_task.o
    0x080078b8   0x080078b8   0x0000009c   Code   RO         6809    i.shoot_bullet_control  shoot.o
    0x08007954   0x08007954   0x00000148   Code   RO         6810    i.shoot_control_loop  shoot.o
    0x08007a9c   0x08007a9c   0x00000180   Code   RO         6811    i.shoot_feedback_update  shoot.o
    0x08007c1c   0x08007c1c   0x000000d0   Code   RO         6812    i.shoot_init        shoot.o
    0x08007cec   0x08007cec   0x00000140   Code   RO         6813    i.shoot_set_mode    shoot.o
    0x08007e2c   0x08007e2c   0x0000003e   Code   RO         7614    i.sqrtf             m_wm.l(sqrtf_full.o)
    0x08007e6a   0x08007e6a   0x00000002   PAD
    0x08007e6c   0x08007e6c   0x00000060   Code   RO         6814    i.trigger_motor_turn_back  shoot.o
    0x08007ecc   0x08007ecc   0x0000007a   Code   RO         7292    i.update_w          AHRS.lib(ahrs.o)
    0x08007f46   0x08007f46   0x00000002   PAD
    0x08007f48   0x08007f48   0x00000048   Code   RO         6082    i.usart6_tx_dma_init  bsp_usart.o
    0x08007f90   0x08007f90   0x00000026   Code   RO         4565    i.uxListRemove      list.o
    0x08007fb6   0x08007fb6   0x00000002   PAD
    0x08007fb8   0x08007fb8   0x00000014   Code   RO         4954    i.uxTaskGetStackHighWaterMark  tasks.o
    0x08007fcc   0x08007fcc   0x00000014   Code   RO          298    i.vApplicationGetIdleTaskMemory  freertos.o
    0x08007fe0   0x08007fe0   0x00000016   Code   RO         4566    i.vListInitialise   list.o
    0x08007ff6   0x08007ff6   0x00000006   Code   RO         4567    i.vListInitialiseItem  list.o
    0x08007ffc   0x08007ffc   0x00000036   Code   RO         4568    i.vListInsert       list.o
    0x08008032   0x08008032   0x00000018   Code   RO         4569    i.vListInsertEnd    list.o
    0x0800804a   0x0800804a   0x00000002   PAD
    0x0800804c   0x0800804c   0x00000040   Code   RO         5728    i.vPortEnterCritical  port.o
    0x0800808c   0x0800808c   0x0000002c   Code   RO         5729    i.vPortExitCritical  port.o
    0x080080b8   0x080080b8   0x00000064   Code   RO         5660    i.vPortFree         heap_4.o
    0x0800811c   0x0800811c   0x00000024   Code   RO         5730    i.vPortSetupTimerInterrupt  port.o
    0x08008140   0x08008140   0x00000050   Code   RO         4958    i.vTaskDelay        tasks.o
    0x08008190   0x08008190   0x00000088   Code   RO         4971    i.vTaskStartScheduler  tasks.o
    0x08008218   0x08008218   0x00000010   Code   RO         4973    i.vTaskSuspendAll   tasks.o
    0x08008228   0x08008228   0x00000060   Code   RO         4974    i.vTaskSwitchContext  tasks.o
    0x08008288   0x08008288   0x00000104   Code   RO         5732    i.xPortStartScheduler  port.o
    0x0800838c   0x0800838c   0x0000002c   Code   RO         5733    i.xPortSysTickHandler  port.o
    0x080083b8   0x080083b8   0x0000006c   Code   RO         4977    i.xTaskCreate       tasks.o
    0x08008424   0x08008424   0x00000060   Code   RO         4978    i.xTaskCreateStatic  tasks.o
    0x08008484   0x08008484   0x0000008c   Code   RO         4982    i.xTaskGetHandle    tasks.o
    0x08008510   0x08008510   0x0000001c   Code   RO         4983    i.xTaskGetSchedulerState  tasks.o
    0x0800852c   0x0800852c   0x0000000c   Code   RO         4984    i.xTaskGetTickCount  tasks.o
    0x08008538   0x08008538   0x000000d4   Code   RO         4986    i.xTaskIncrementTick  tasks.o
    0x0800860c   0x0800860c   0x000000cc   Code   RO         4992    i.xTaskResumeAll    tasks.o
    0x080086d8   0x080086d8   0x000000a8   Data   RO          300    .constdata          freertos.o
    0x08008780   0x08008780   0x00000020   Data   RO          790    .constdata          bsp_imu.o
    0x080087a0   0x080087a0   0x00000008   Data   RO         1836    .constdata          stm32f4xx_hal_dma.o
    0x080087a8   0x080087a8   0x00000010   Data   RO         4428    .constdata          system_stm32f4xx.o
    0x080087b8   0x080087b8   0x00000008   Data   RO         4429    .constdata          system_stm32f4xx.o
    0x080087c0   0x080087c0   0x00000018   Data   RO         6506    .constdata          gimbal_task.o
    0x080087d8   0x080087d8   0x0000000f   Data   RO         6716    .constdata          calibrate_task.o
    0x080087e7   0x080087e7   0x00000001   PAD
    0x080087e8   0x080087e8   0x0000000c   Data   RO         6816    .constdata          shoot.o
    0x080087f4   0x080087f4   0x0000000c   Data   RO         7293    .constdata          AHRS.lib(ahrs.o)
    0x08008800   0x08008800   0x00000804   Data   RO         7503    .constdata          arm_cortexM4lf_math.lib(arm_common_tables.o)
    0x08009004   0x08009004   0x00000044   Data   RO          301    .conststring        freertos.o
    0x08009048   0x08009048   0x00000020   Data   RO         7753    Region$$Table       anon$$obj.o


    Execution Region RW_IRAM1 (Exec base: 0x20000000, Load base: 0x08009068, Size: 0x00004f30, Max: 0x00030000, ABSOLUTE, COMPRESSED[0x00000060])

    Exec Addr    Load Addr    Size         Type   Attr      Idx    E Section Name        Object

    0x20000000   COMPRESSED   0x00000018   Data   RW          302    .data               freertos.o
    0x20000018   COMPRESSED   0x00000004   Data   RW          414    .data               can.o
    0x2000001c   COMPRESSED   0x000000d8   Data   RW          792    .data               bsp_imu.o
    0x200000f4   COMPRESSED   0x0000000c   Data   RW         2278    .data               stm32f4xx_hal.o
    0x20000100   COMPRESSED   0x00000004   Data   RW         4430    .data               system_stm32f4xx.o
    0x20000104   COMPRESSED   0x0000003c   Data   RW         4995    .data               tasks.o
    0x20000140   COMPRESSED   0x00000020   Data   RW         5666    .data               heap_4.o
    0x20000160   COMPRESSED   0x0000000c   Data   RW         5734    .data               port.o
    0x2000016c   COMPRESSED   0x00000010   Data   RW         5990    .data               bsp_flash.o
    0x2000017c   COMPRESSED   0x00000004   Data   RW         6180    .data               bsp_adc.o
    0x20000180   COMPRESSED   0x00000011   Data   RW         6228    .data               can_receive.o
    0x20000191   COMPRESSED   0x00000003   PAD
    0x20000194   COMPRESSED   0x00000018   Data   RW         6407    .data               gimbal_behaviour.o
    0x200001ac   COMPRESSED   0x00000014   Data   RW         6507    .data               gimbal_task.o
    0x200001c0   COMPRESSED   0x00000002   Data   RW         6637    .data               remote_control.o
    0x200001c2   COMPRESSED   0x00000002   PAD
    0x200001c4   COMPRESSED   0x00000054   Data   RW         6717    .data               calibrate_task.o
    0x20000218   COMPRESSED   0x00000010   Data   RW         6818    .data               shoot.o
    0x20000228   COMPRESSED   0x0000000c   Data   RW         6911    .data               sound_effects_task.o
    0x20000234   COMPRESSED   0x00000010   Data   RW         7294    .data               AHRS.lib(ahrs.o)
    0x20000244   COMPRESSED   0x00000004   Data   RW         7730    .data               mc_w.l(errno.o)
    0x20000248        -       0x00000254   Zero   RW          299    .bss                freertos.o
    0x2000049c        -       0x00000048   Zero   RW          370    .bss                adc.o
    0x200004e4        -       0x00000050   Zero   RW          413    .bss                can.o
    0x20000534        -       0x00000058   Zero   RW          485    .bss                spi.o
    0x2000058c        -       0x000000d8   Zero   RW          530    .bss                tim.o
    0x20000664        -       0x0000018c   Zero   RW          589    .bss                usart.o
    0x200007f0        -       0x00000180   Zero   RW          787    .bss                bsp_imu.o
    0x20000970        -       0x00000020   Zero   RW         1445    .bss                stm32f4xx_hal_flash.o
    0x20000990        -       0x000000f0   Zero   RW         4994    .bss                tasks.o
    0x20000a80        -       0x00003c00   Zero   RW         5665    .bss                heap_4.o
    0x20004680        -       0x00000010   Zero   RW         6179    .bss                bsp_adc.o
    0x20004690        -       0x00000078   Zero   RW         6227    .bss                can_receive.o
    0x20004708        -       0x000001e8   Zero   RW         6505    .bss                gimbal_task.o
    0x200048f0        -       0x00000072   Zero   RW         6636    .bss                remote_control.o
    0x20004962   COMPRESSED   0x00000002   PAD
    0x20004964        -       0x00000014   Zero   RW         6711    .bss                calibrate_task.o
    0x20004978        -       0x00000018   Zero   RW         6712    .bss                calibrate_task.o
    0x20004990        -       0x00000018   Zero   RW         6713    .bss                calibrate_task.o
    0x200049a8        -       0x00000018   Zero   RW         6714    .bss                calibrate_task.o
    0x200049c0        -       0x000000b9   Zero   RW         6715    .bss                calibrate_task.o
    0x20004a79   COMPRESSED   0x00000003   PAD
    0x20004a7c        -       0x000000b0   Zero   RW         6815    .bss                shoot.o
    0x20004b2c   COMPRESSED   0x00000004   PAD
    0x20004b30        -       0x00000400   Zero   RW          747    STACK               startup_stm32f427xx.o


==============================================================================

Image component sizes


      Code (inc. data)   RO Data    RW Data    ZI Data      Debug   Object Name

       144         26          0          0         72       1585   adc.o
        70          6          0          0          0       5144   ahrs_middleware.o
       192         40          0          4         16       2330   bsp_adc.o
        32         10          0          0          0     657669   bsp_buzzer.o
        88          8          0          0          0        574   bsp_can.o
       576        100          0         16          0       4105   bsp_flash.o
        24          8          0          0          0        974   bsp_fric.o
      1938        164         32        216        384      16024   bsp_imu.o
        12          4          0          0          0        498   bsp_imu_pwm.o
        32         10          0          0          0        899   bsp_laser.o
       176         26          0          0          0       1959   bsp_rc.o
        72         12          0          0          0        509   bsp_usart.o
      1282         66         15         84        277       9910   calibrate_task.o
       388         40          0          4         80       2498   can.o
       252         46          0         17        120     639104   can_receive.o
       130          0          0          0          0      23095   cmsis_os.o
        60          4          0          0          0        786   dma.o
         0          0          0          0          0      16864   event_groups.o
       176         12        236         24        596       8188   freertos.o
      1292        126          0         24          0      14487   gimbal_behaviour.o
      2264        130         24         20        488      15886   gimbal_task.o
       352         34          0          0          0       1597   gpio.o
       504         32          0         32      15360       7651   heap_4.o
       144          0          0          0          0       3654   list.o
       310         20          0          0          0     814832   main.o
       452         14          0          0          0       3066   pid.o
       730         82          0         12          0      11248   port.o
       436         40          0          2        114       3845   remote_control.o
      1492        146         12         16        176       5358   shoot.o
       396         24          0         12          0       2349   sound_effects_task.o
       180         24          0          0         88       1701   spi.o
        36          8        428          0       1024        816   startup_stm32f427xx.o
       188         30          0         12          0       9649   stm32f4xx_hal.o
      1286         48          0          0          0       5410   stm32f4xx_hal_adc.o
      2004          6          0          0          0      15211   stm32f4xx_hal_can.o
       208         16          0          0          0      33719   stm32f4xx_hal_cortex.o
       906         18          8          0          0       4356   stm32f4xx_hal_dma.o
       588         72          0          0         32       6218   stm32f4xx_hal_flash.o
       420         24          0          0          0       3486   stm32f4xx_hal_flash_ex.o
       602         24          0          0          0       2412   stm32f4xx_hal_gpio.o
        56          4          0          0          0        862   stm32f4xx_hal_msp.o
      1722        104          0          0          0       6608   stm32f4xx_hal_rcc.o
      1010         14          0          0          0       4897   stm32f4xx_hal_spi.o
      1642         56          0          0          0      13054   stm32f4xx_hal_tim.o
       154          0          0          0          0       1432   stm32f4xx_hal_tim_ex.o
       694          4          0          0          0       4204   stm32f4xx_hal_uart.o
        84         24          0          0          0       5247   stm32f4xx_it.o
         0          0          0          0          0        392   stream_buffer.o
        88         24         24          4          0       1195   system_stm32f4xx.o
      2022        180          0         60        240      26321   tasks.o
       720         64          0          0        216       4016   tim.o
       600         70          0          0        396       3368   usart.o
       212          0          0          0          0       3742   user_lib.o
        20          0          0          0          0        523   voltage_task.o

    ----------------------------------------------------------------------
     29502       2044        812        564      19688    2435527   Object Totals
         0          0         32          0          0          0   (incl. Generated)
        44          0          1          5          9          0   (incl. Padding)

    ----------------------------------------------------------------------

      Code (inc. data)   RO Data    RW Data    ZI Data      Debug   Library Member Name

      2718         84         12         16          0       9922   ahrs.o
         0          0       2052          0          0       4636   arm_common_tables.o
       120         12          0          0          0      16970   arm_cos_f32.o
       116         12          0          0          0        658   arm_sin_f32.o
       300         42          0          0          0        176   asinf.o
       684         90          0          0          0        208   atan2f.o
        38          0          0          0          0        116   fpclassifyf.o
        44         12          0          0          0        464   funder.o
       120          0          0          0          0        272   sqrtf_full.o
        86          0          0          0          0          0   __dczerorl2.o
         0          0          0          0          0          0   entry.o
         0          0          0          0          0          0   entry10a.o
         0          0          0          0          0          0   entry11a.o
         4          0          0          0          0          0   entry12b.o
         8          4          0          0          0          0   entry2.o
         4          0          0          0          0          0   entry5.o
         0          0          0          0          0          0   entry7b.o
         0          0          0          0          0          0   entry8b.o
         8          4          0          0          0          0   entry9a.o
        12          6          0          4          0         68   errno.o
        30          0          0          0          0          0   handlers.o
        36          8          0          0          0         68   init.o
         0          0          0          0          0          0   iusefp.o
        30          0          0          0          0         68   llshl.o
        32          0          0          0          0         68   llushr.o
        36          0          0          0          0         68   memcpya.o
        36          0          0          0          0        108   memseta.o
        14          0          0          0          0         68   strlen.o
        98          0          0          0          0         92   uldiv.o

    ----------------------------------------------------------------------
      4590        274       2064         20          0      34030   Library Totals
        16          0          0          0          0          0   (incl. Padding)

    ----------------------------------------------------------------------

      Code (inc. data)   RO Data    RW Data    ZI Data      Debug   Library Name

      2718         84         12         16          0       9922   AHRS.lib
       236         24       2052          0          0      22264   arm_cortexM4lf_math.lib
      1186        144          0          0          0       1236   m_wm.l
       434         22          0          4          0        608   mc_w.l

    ----------------------------------------------------------------------
      4590        274       2064         20          0      34030   Library Totals

    ----------------------------------------------------------------------

==============================================================================


      Code (inc. data)   RO Data    RW Data    ZI Data      Debug   

     34092       2318       2876        584      19688    2442585   Grand Totals
     34092       2318       2876         96      19688    2442585   ELF Image Totals (compressed)
     34092       2318       2876         96          0          0   ROM Totals

==============================================================================

    Total RO  Size (Code + RO Data)                36968 (  36.10kB)
    Total RW  Size (RW Data + ZI Data)             20272 (  19.80kB)
    Total ROM Size (Code + RO Data + RW Data)      37064 (  36.20kB)

==============================================================================

