Component: ARM Compiler 5.06 update 7 (build 960) Tool: armlink [4d3601]

==============================================================================

Section Cross References

    main.o(i.SystemClock_Config) refers to memseta.o(.text) for __aeabi_memclr4
    main.o(i.SystemClock_Config) refers to stm32f4xx_hal_rcc.o(i.HAL_RCC_OscConfig) for HAL_RCC_OscConfig
    main.o(i.SystemClock_Config) refers to stm32f4xx_hal_rcc.o(i.HAL_RCC_ClockConfig) for HAL_RCC_ClockConfig
    main.o(i.main) refers to stm32f4xx_hal.o(i.HAL_Init) for HAL_Init
    main.o(i.main) refers to main.o(i.SystemClock_Config) for SystemClock_Config
    main.o(i.main) refers to gpio.o(i.MX_GPIO_Init) for MX_GPIO_Init
    main.o(i.main) refers to dma.o(i.MX_DMA_Init) for MX_DMA_Init
    main.o(i.main) refers to spi.o(i.MX_SPI5_Init) for MX_SPI5_Init
    main.o(i.main) refers to usart.o(i.MX_USART6_UART_Init) for MX_USART6_UART_Init
    main.o(i.main) refers to can.o(i.MX_CAN2_Init) for MX_CAN2_Init
    main.o(i.main) refers to tim.o(i.MX_TIM12_Init) for MX_TIM12_Init
    main.o(i.main) refers to usart.o(i.MX_USART1_UART_Init) for MX_USART1_UART_Init
    main.o(i.main) refers to can.o(i.MX_CAN1_Init) for MX_CAN1_Init
    main.o(i.main) refers to tim.o(i.MX_TIM2_Init) for MX_TIM2_Init
    main.o(i.main) refers to gpio.o(i.led_off) for led_off
    main.o(i.main) refers to remote_control.o(i.remote_control_init) for remote_control_init
    main.o(i.main) refers to bsp_can.o(i.can_filter_init) for can_filter_init
    main.o(i.main) refers to calibrate_task.o(i.cali_param_init) for cali_param_init
    main.o(i.main) refers to bsp_usart.o(i.usart6_tx_dma_init) for usart6_tx_dma_init
    main.o(i.main) refers to stm32f4xx_hal_gpio.o(i.HAL_GPIO_WritePin) for HAL_GPIO_WritePin
    main.o(i.main) refers to stm32f4xx_hal_tim.o(i.HAL_TIM_PWM_Start) for HAL_TIM_PWM_Start
    main.o(i.main) refers to freertos.o(i.MX_FREERTOS_Init) for MX_FREERTOS_Init
    main.o(i.main) refers to cmsis_os.o(i.osKernelStart) for osKernelStart
    main.o(i.main) refers to tim.o(.bss) for htim2
    gpio.o(i.MX_GPIO_Init) refers to memseta.o(.text) for __aeabi_memclr4
    gpio.o(i.MX_GPIO_Init) refers to stm32f4xx_hal_gpio.o(i.HAL_GPIO_WritePin) for HAL_GPIO_WritePin
    gpio.o(i.MX_GPIO_Init) refers to stm32f4xx_hal_gpio.o(i.HAL_GPIO_Init) for HAL_GPIO_Init
    gpio.o(i.led_off) refers to stm32f4xx_hal_gpio.o(i.HAL_GPIO_WritePin) for HAL_GPIO_WritePin
    freertos.o(i.MX_FREERTOS_Init) refers to memcpya.o(.text) for __aeabi_memcpy4
    freertos.o(i.MX_FREERTOS_Init) refers to cmsis_os.o(i.osThreadCreate) for osThreadCreate
    freertos.o(i.MX_FREERTOS_Init) refers to freertos.o(.constdata) for .constdata
    freertos.o(i.MX_FREERTOS_Init) refers to freertos.o(.data) for .data
    freertos.o(i.StartDefaultTask) refers to cmsis_os.o(i.osDelay) for osDelay
    freertos.o(i.vApplicationGetIdleTaskMemory) refers to freertos.o(.bss) for .bss
    freertos.o(.constdata) refers to freertos.o(.conststring) for .conststring
    freertos.o(.constdata) refers to freertos.o(i.StartDefaultTask) for StartDefaultTask
    freertos.o(.constdata) refers to bsp_imu.o(i.INS_task) for INS_task
    freertos.o(.constdata) refers to calibrate_task.o(i.calibrate_task) for calibrate_task
    freertos.o(.constdata) refers to gimbal_task.o(i.gimbal_task) for gimbal_task
    can.o(i.HAL_CAN_MspDeInit) refers to stm32f4xx_hal_gpio.o(i.HAL_GPIO_DeInit) for HAL_GPIO_DeInit
    can.o(i.HAL_CAN_MspDeInit) refers to stm32f4xx_hal_cortex.o(i.HAL_NVIC_DisableIRQ) for HAL_NVIC_DisableIRQ
    can.o(i.HAL_CAN_MspDeInit) refers to can.o(.data) for .data
    can.o(i.HAL_CAN_MspInit) refers to memseta.o(.text) for __aeabi_memclr4
    can.o(i.HAL_CAN_MspInit) refers to stm32f4xx_hal_gpio.o(i.HAL_GPIO_Init) for HAL_GPIO_Init
    can.o(i.HAL_CAN_MspInit) refers to stm32f4xx_hal_cortex.o(i.HAL_NVIC_SetPriority) for HAL_NVIC_SetPriority
    can.o(i.HAL_CAN_MspInit) refers to stm32f4xx_hal_cortex.o(i.HAL_NVIC_EnableIRQ) for HAL_NVIC_EnableIRQ
    can.o(i.HAL_CAN_MspInit) refers to can.o(.data) for .data
    can.o(i.MX_CAN1_Init) refers to stm32f4xx_hal_can.o(i.HAL_CAN_Init) for HAL_CAN_Init
    can.o(i.MX_CAN1_Init) refers to main.o(i.Error_Handler) for Error_Handler
    can.o(i.MX_CAN1_Init) refers to can.o(.bss) for .bss
    can.o(i.MX_CAN2_Init) refers to stm32f4xx_hal_can.o(i.HAL_CAN_Init) for HAL_CAN_Init
    can.o(i.MX_CAN2_Init) refers to main.o(i.Error_Handler) for Error_Handler
    can.o(i.MX_CAN2_Init) refers to can.o(.bss) for .bss
    dma.o(i.MX_DMA_Init) refers to stm32f4xx_hal_cortex.o(i.HAL_NVIC_SetPriority) for HAL_NVIC_SetPriority
    dma.o(i.MX_DMA_Init) refers to stm32f4xx_hal_cortex.o(i.HAL_NVIC_EnableIRQ) for HAL_NVIC_EnableIRQ
    spi.o(i.HAL_SPI_MspDeInit) refers to stm32f4xx_hal_gpio.o(i.HAL_GPIO_DeInit) for HAL_GPIO_DeInit
    spi.o(i.HAL_SPI_MspInit) refers to memseta.o(.text) for __aeabi_memclr4
    spi.o(i.HAL_SPI_MspInit) refers to stm32f4xx_hal_gpio.o(i.HAL_GPIO_Init) for HAL_GPIO_Init
[...]
    i                                        0x200001b4   Data           1  calibrate_task.o(.data)
    i                                        0x200001b5   Data           1  calibrate_task.o(.data)
    rc_action_flag                           0x200001b6   Data           1  calibrate_task.o(.data)
    buzzer_time                              0x200001b8   Data           2  calibrate_task.o(.data)
    rc_cmd_time                              0x200001ba   Data           2  calibrate_task.o(.data)
    count_time                               0x200001bc   Data           2  calibrate_task.o(.data)
    rc_cmd_systemTick                        0x200001c0   Data           4  calibrate_task.o(.data)
    calibrate_RC                             0x200001c8   Data           4  calibrate_task.o(.data)
    calibrate_systemTick                     0x200001cc   Data           4  calibrate_task.o(.data)
    cali_sensor_size                         0x200001d0   Data           5  calibrate_task.o(.data)
    head_cali                                0x200001d5   Data           8  calibrate_task.o(.data)
    cali_sensor_buf                          0x200001e0   Data          20  calibrate_task.o(.data)
    .data                                    0x20000208   Section       16  shoot.o(.data)
    last_s                                   0x20000208   Data           1  shoot.o(.data)
    up_time                                  0x2000020a   Data           2  shoot.o(.data)
    speed_fliter_1                           0x2000020c   Data           4  shoot.o(.data)
    speed_fliter_2                           0x20000210   Data           4  shoot.o(.data)
    speed_fliter_3                           0x20000214   Data           4  shoot.o(.data)
    .data                                    0x20000218   Section       16  ahrs.o(.data)
    local_hight                              0x20000218   Data           4  ahrs.o(.data)
    latitude                                 0x2000021c   Data           4  ahrs.o(.data)
    local_gravity                            0x20000220   Data           4  ahrs.o(.data)
    carrier_gravity                          0x20000224   Data           4  ahrs.o(.data)
    .data                                    0x20000228   Section        4  errno.o(.data)
    _errno                                   0x20000228   Data           4  errno.o(.data)
    .bss                                     0x2000022c   Section      596  freertos.o(.bss)
    xIdleTaskTCBBuffer                       0x2000022c   Data          84  freertos.o(.bss)
    xIdleStack                               0x20000280   Data         512  freertos.o(.bss)
    .bss                                     0x20000480   Section       80  can.o(.bss)
    .bss                                     0x200004d0   Section       88  spi.o(.bss)
    .bss                                     0x20000528   Section      144  tim.o(.bss)
    .bss                                     0x200005b8   Section      328  usart.o(.bss)
    .bss                                     0x20000700   Section      312  bsp_imu.o(.bss)
    accel_fliter_1                           0x20000734   Data          12  bsp_imu.o(.bss)
    accel_fliter_2                           0x20000740   Data          12  bsp_imu.o(.bss)
    accel_fliter_3                           0x2000074c   Data          12  bsp_imu.o(.bss)
    INS_gyro                                 0x20000758   Data          12  bsp_imu.o(.bss)
    INS_accel                                0x20000764   Data          12  bsp_imu.o(.bss)
    INS_mag                                  0x20000770   Data          12  bsp_imu.o(.bss)
    INS_quat                                 0x2000077c   Data          16  bsp_imu.o(.bss)
    .bss                                     0x20000838   Section       32  stm32f4xx_hal_flash.o(.bss)
    .bss                                     0x20000858   Section      240  tasks.o(.bss)
    pxReadyTasksLists                        0x20000858   Data         140  tasks.o(.bss)
    xDelayedTaskList1                        0x200008e4   Data          20  tasks.o(.bss)
    xDelayedTaskList2                        0x200008f8   Data          20  tasks.o(.bss)
    xPendingReadyList                        0x2000090c   Data          20  tasks.o(.bss)
    xTasksWaitingTermination                 0x20000920   Data          20  tasks.o(.bss)
    xSuspendedTaskList                       0x20000934   Data          20  tasks.o(.bss)
    .bss                                     0x20000948   Section    15360  heap_4.o(.bss)
    ucHeap                                   0x20000948   Data       15360  heap_4.o(.bss)
    .bss                                     0x20004548   Section      120  can_receive.o(.bss)
    gimbal_tx_message                        0x20004590   Data          24  can_receive.o(.bss)
    chassis_tx_message                       0x200045a8   Data          24  can_receive.o(.bss)
    .bss                                     0x200045c0   Section      488  gimbal_task.o(.bss)
    .bss                                     0x200047a8   Section      114  remote_control.o(.bss)
    usart_tx_buf                             0x200047a8   Data          20  remote_control.o(.bss)
    sbus_rx_buf                              0x200047d2   Data          72  remote_control.o(.bss)
    .bss                                     0x2000481c   Section       20  calibrate_task.o(.bss)
    gimbal_cali                              0x2000481c   Data          20  calibrate_task.o(.bss)
    .bss                                     0x20004830   Section       24  calibrate_task.o(.bss)
    accel_cali                               0x20004830   Data          24  calibrate_task.o(.bss)
    .bss                                     0x20004848   Section       24  calibrate_task.o(.bss)
    gyro_cali                                0x20004848   Data          24  calibrate_task.o(.bss)
    .bss                                     0x20004860   Section       24  calibrate_task.o(.bss)
    mag_cali                                 0x20004860   Data          24  calibrate_task.o(.bss)
    .bss                                     0x20004878   Section      185  calibrate_task.o(.bss)
    flash_write_buf                          0x20004878   Data         120  calibrate_task.o(.bss)
    .bss                                     0x20004934   Section      176  shoot.o(.bss)
    STACK                                    0x200049e8   Section     1024  startup_stm32f427xx.o(STACK)

    Global Symbols

    Symbol Name                              Value     Ov Type        Size  Object(Section)

    BuildAttributes$$THM_ISAv4$E$P$D$K$B$S$7EM$VFPi3$EXTD16$VFPS$VFMA$PE$A:L22UL41UL21$X:L11$S22US41US21$IEEE1$IW$USESV6$~STKCKD$USESV7$~SHL$OTIME$ROPI$IEEEX$EBA8$MICROLIB$REQ8$PRES8$EABIv2 0x00000000   Number         0  anon$$obj.o ABSOLUTE
    __ARM_use_no_argv                        0x00000000   Number         0  main.o ABSOLUTE
    __arm_fini_                               - Undefined Weak Reference
    __cpp_initialize__aeabi_                  - Undefined Weak Reference
    __cxa_finalize                            - Undefined Weak Reference
    _clock_init                               - Undefined Weak Reference
    _microlib_exit                            - Undefined Weak Reference
    __Vectors_Size                           0x000001ac   Number         0  startup_stm32f427xx.o ABSOLUTE
    __Vectors                                0x08000000   Data           4  startup_stm32f427xx.o(RESET)
    __Vectors_End                            0x080001ac   Data           0  startup_stm32f427xx.o(RESET)
    __main                                   0x080001ad   Thumb Code     0  entry.o(.ARM.Collect$$$$00000000)
    _main_stk                                0x080001ad   Thumb Code     0  entry2.o(.ARM.Collect$$$$00000001)
    _main_scatterload                        0x080001b1   Thumb Code     0  entry5.o(.ARM.Collect$$$$00000004)
    __main_after_scatterload                 0x080001b5   Thumb Code     0  entry5.o(.ARM.Collect$$$$00000004)
    _main_clock                              0x080001b5   Thumb Code     0  entry7b.o(.ARM.Collect$$$$00000008)
    _main_cpp_init                           0x080001b5   Thumb Code     0  entry8b.o(.ARM.Collect$$$$0000000A)
    _main_init                               0x080001b5   Thumb Code     0  entry9a.o(.ARM.Collect$$$$0000000B)
    __rt_lib_shutdown_fini                   0x080001bd   Thumb Code     0  entry12b.o(.ARM.Collect$$$$0000000E)
    __rt_final_cpp                           0x080001c1   Thumb Code     0  entry10a.o(.ARM.Collect$$$$0000000F)
    __rt_final_exit                          0x080001c1   Thumb Code     0  entry11a.o(.ARM.Collect$$$$00000011)
    SVC_Handler                              0x080001c5   Thumb Code    28  port.o(.emb_text)
    __asm___6_port_c_39a90d8d__prvStartFirstTask 0x080001e5   Thumb Code    36  port.o(.emb_text)
    __asm___6_port_c_39a90d8d__prvEnableVFP  0x0800020d   Thumb Code    16  port.o(.emb_text)
    PendSV_Handler                           0x08000221   Thumb Code    88  port.o(.emb_text)
    vPortGetIPSR                             0x0800027d   Thumb Code     6  port.o(.emb_text)
    Reset_Handler                            0x08000285   Thumb Code     8  startup_stm32f427xx.o(.text)
    ADC_IRQHandler                           0x0800029f   Thumb Code     0  startup_stm32f427xx.o(.text)
    CAN1_RX1_IRQHandler                      0x0800029f   Thumb Code     0  startup_stm32f427xx.o(.text)
    CAN1_SCE_IRQHandler                      0x0800029f   Thumb Code     0  startup_stm32f427xx.o(.text)
    CAN1_TX_IRQHandler                       0x0800029f   Thumb Code     0  startup_stm32f427xx.o(.text)
    CAN2_RX1_IRQHandler                      0x0800029f   Thumb Code     0  startup_stm32f427xx.o(.text)
    CAN2_SCE_IRQHandler                      0x0800029f   Thumb Code     0  startup_stm32f427xx.o(.text)
    CAN2_TX_IRQHandler                       0x0800029f   Thumb Code     0  startup_stm32f427xx.o(.text)
    DCMI_IRQHandler                          0x0800029f   Thumb Code     0  startup_stm32f427xx.o(.text)
    DMA1_Stream0_IRQHandler                  0x0800029f   Thumb Code     0  startup_stm32f427xx.o(.text)
    DMA1_Stream1_IRQHandler                  0x0800029f   Thumb Code     0  startup_stm32f427xx.o(.text)
    DMA1_Stream2_IRQHandler                  0x0800029f   Thumb Code     0  startup_stm32f427xx.o(.text)
    DMA1_Stream3_IRQHandler                  0x0800029f   Thumb Code     0  startup_stm32f427xx.o(.text)
    DMA1_Stream4_IRQHandler                  0x0800029f   Thumb Code     0  startup_stm32f427xx.o(.text)
    DMA1_Stream5_IRQHandler                  0x0800029f   Thumb Code     0  startup_stm32f427xx.o(.text)
    DMA1_Stream6_IRQHandler                  0x0800029f   Thumb Code     0  startup_stm32f427xx.o(.text)
    DMA1_Stream7_IRQHandler                  0x0800029f   Thumb Code     0  startup_stm32f427xx.o(.text)
    DMA2D_IRQHandler                         0x0800029f   Thumb Code     0  startup_stm32f427xx.o(.text)
    DMA2_Stream0_IRQHandler                  0x0800029f   Thumb Code     0  startup_stm32f427xx.o(.text)
    DMA2_Stream1_IRQHandler                  0x0800029f   Thumb Code     0  startup_stm32f427xx.o(.text)
    DMA2_Stream3_IRQHandler                  0x0800029f   Thumb Code     0  startup_stm32f427xx.o(.text)
    DMA2_Stream4_IRQHandler                  0x0800029f   Thumb Code     0  startup_stm32f427xx.o(.text)
    DMA2_Stream5_IRQHandler                  0x0800029f   Thumb Code     0  startup_stm32f427xx.o(.text)
    DMA2_Stream7_IRQHandler                  0x0800029f   Thumb Code     0  startup_stm32f427xx.o(.text)
    ETH_IRQHandler                           0x0800029f   Thumb Code     0  startup_stm32f427xx.o(.text)
    ETH_WKUP_IRQHandler                      0x0800029f   Thumb Code     0  startup_stm32f427xx.o(.text)
    EXTI0_IRQHandler                         0x0800029f   Thumb Code     0  startup_stm32f427xx.o(.text)
    EXTI15_10_IRQHandler                     0x0800029f   Thumb Code     0  startup_stm32f427xx.o(.text)
    EXTI1_IRQHandler                         0x0800029f   Thumb Code     0  startup_stm32f427xx.o(.text)
    EXTI2_IRQHandler                         0x0800029f   Thumb Code     0  startup_stm32f427xx.o(.text)
    EXTI3_IRQHandler                         0x0800029f   Thumb Code     0  startup_stm32f427xx.o(.text)
    EXTI4_IRQHandler                         0x0800029f   Thumb Code     0  startup_stm32f427xx.o(.text)
    EXTI9_5_IRQHandler                       0x0800029f   Thumb Code     0  startup_stm32f427xx.o(.text)
    FLASH_IRQHandler                         0x0800029f   Thumb Code     0  startup_stm32f427xx.o(.text)
    FMC_IRQHandler                           0x0800029f   Thumb Code     0  startup_stm32f427xx.o(.text)
    FPU_IRQHandler                           0x0800029f   Thumb Code     0  startup_stm32f427xx.o(.text)
    HASH_RNG_IRQHandler                      0x0800029f   Thumb Code     0  startup_stm32f427xx.o(.text)
    I2C1_ER_IRQHandler                       0x0800029f   Thumb Code     0  startup_stm32f427xx.o(.text)
    I2C1_EV_IRQHandler                       0x0800029f   Thumb Code     0  startup_stm32f427xx.o(.text)
    I2C2_ER_IRQHandler                       0x0800029f   Thumb Code     0  startup_stm32f427xx.o(.text)
    I2C2_EV_IRQHandler                       0x0800029f   Thumb Code     0  startup_stm32f427xx.o(.text)
    I2C3_ER_IRQHandler                       0x0800029f   Thumb Code     0  startup_stm32f427xx.o(.text)
    I2C3_EV_IRQHandler                       0x0800029f   Thumb Code     0  startup_stm32f427xx.o(.text)
    OTG_FS_IRQHandler                        0x0800029f   Thumb Code     0  startup_stm32f427xx.o(.text)
    OTG_FS_WKUP_IRQHandler                   0x0800029f   Thumb Code     0  startup_stm32f427xx.o(.text)
    OTG_HS_EP1_IN_IRQHandler                 0x0800029f   Thumb Code     0  startup_stm32f427xx.o(.text)
    OTG_HS_EP1_OUT_IRQHandler                0x0800029f   Thumb Code     0  startup_stm32f427xx.o(.text)
    OTG_HS_IRQHandler                        0x0800029f   Thumb Code     0  startup_stm32f427xx.o(.text)
    OTG_HS_WKUP_IRQHandler                   0x0800029f   Thumb Code     0  startup_stm32f427xx.o(.text)
    PVD_IRQHandler                           0x0800029f   Thumb Code     0  startup_stm32f427xx.o(.text)
    RCC_IRQHandler                           0x0800029f   Thumb Code     0  startup_stm32f427xx.o(.text)
    RTC_Alarm_IRQHandler                     0x0800029f   Thumb Code     0  startup_stm32f427xx.o(.text)
    RTC_WKUP_IRQHandler                      0x0800029f   Thumb Code     0  startup_stm32f427xx.o(.text)
    SAI1_IRQHandler                          0x0800029f   Thumb Code     0  startup_stm32f427xx.o(.text)
    SDIO_IRQHandler                          0x0800029f   Thumb Code     0  startup_stm32f427xx.o(.text)
    SPI1_IRQHandler                          0x0800029f   Thumb Code     0  startup_stm32f427xx.o(.text)
    SPI2_IRQHandler                          0x0800029f   Thumb Code     0  startup_stm32f427xx.o(.text)
    SPI3_IRQHandler                          0x0800029f   Thumb Code     0  startup_stm32f427xx.o(.text)
    SPI4_IRQHandler                          0x0800029f   Thumb Code     0  startup_stm32f427xx.o(.text)
    SPI5_IRQHandler                          0x0800029f   Thumb Code     0  startup_stm32f427xx.o(.text)
    SPI6_IRQHandler                          0x0800029f   Thumb Code     0  startup_stm32f427xx.o(.text)
    TAMP_STAMP_IRQHandler                    0x0800029f   Thumb Code     0  startup_stm32f427xx.o(.text)
    TIM1_BRK_TIM9_IRQHandler                 0x0800029f   Thumb Code     0  startup_stm32f427xx.o(.text)
    TIM1_CC_IRQHandler                       0x0800029f   Thumb Code     0  startup_stm32f427xx.o(.text)
    TIM1_TRG_COM_TIM11_IRQHandler            0x0800029f   Thumb Code     0  startup_stm32f427xx.o(.text)
    TIM1_UP_TIM10_IRQHandler                 0x0800029f   Thumb Code     0  startup_stm32f427xx.o(.text)
    TIM2_IRQHandler                          0x0800029f   Thumb Code     0  startup_stm32f427xx.o(.text)
    TIM3_IRQHandler                          0x0800029f   Thumb Code     0  startup_stm32f427xx.o(.text)
    TIM4_IRQHandler                          0x0800029f   Thumb Code     0  startup_stm32f427xx.o(.text)
    TIM5_IRQHandler                          0x0800029f   Thumb Code     0  startup_stm32f427xx.o(.text)
    TIM6_DAC_IRQHandler                      0x0800029f   Thumb Code     0  startup_stm32f427xx.o(.text)
    TIM7_IRQHandler                          0x0800029f   Thumb Code     0  startup_stm32f427xx.o(.text)
    TIM8_BRK_TIM12_IRQHandler                0x0800029f   Thumb Code     0  startup_stm32f427xx.o(.text)
    TIM8_CC_IRQHandler                       0x0800029f   Thumb Code     0  startup_stm32f427xx.o(.text)
    TIM8_TRG_COM_TIM14_IRQHandler            0x0800029f   Thumb Code     0  startup_stm32f427xx.o(.text)
    TIM8_UP_TIM13_IRQHandler                 0x0800029f   Thumb Code     0  startup_stm32f427xx.o(.text)
    UART4_IRQHandler                         0x0800029f   Thumb Code     0  startup_stm32f427xx.o(.text)
    UART5_IRQHandler                         0x0800029f   Thumb Code     0  startup_stm32f427xx.o(.text)
    UART7_IRQHandler                         0x0800029f   Thumb Code     0  startup_stm32f427xx.o(.text)
    UART8_IRQHandler                         0x0800029f   Thumb Code     0  startup_stm32f427xx.o(.text)
    USART2_IRQHandler                        0x0800029f   Thumb Code     0  startup_stm32f427xx.o(.text)
    USART3_IRQHandler                        0x0800029f   Thumb Code     0  startup_stm32f427xx.o(.text)
    USART6_IRQHandler                        0x0800029f   Thumb Code     0  startup_stm32f427xx.o(.text)
    WWDG_IRQHandler                          0x0800029f   Thumb Code     0  startup_stm32f427xx.o(.text)
    arm_cos_f32                              0x080002a9   Thumb Code   108  arm_cos_f32.o(.text)
    arm_sin_f32                              0x08000321   Thumb Code   104  arm_sin_f32.o(.text)
    __aeabi_uldivmod                         0x08000395   Thumb Code    98  uldiv.o(.text)
    __aeabi_memcpy                           0x080003f7   Thumb Code    36  memcpya.o(.text)
    __aeabi_memcpy4                          0x080003f7   Thumb Code     0  memcpya.o(.text)
    __aeabi_memcpy8                          0x080003f7   Thumb Code     0  memcpya.o(.text)
    __aeabi_memset                           0x0800041b   Thumb Code    14  memseta.o(.text)
    __aeabi_memset4                          0x0800041b   Thumb Code     0  memseta.o(.text)
    __aeabi_memset8                          0x0800041b   Thumb Code     0  memseta.o(.text)
    __aeabi_memclr                           0x08000429   Thumb Code     4  memseta.o(.text)
    __aeabi_memclr4                          0x08000429   Thumb Code     0  memseta.o(.text)
    __aeabi_memclr8                          0x08000429   Thumb Code     0  memseta.o(.text)
    memset                                   0x0800042d   Thumb Code    18  memseta.o(.text)
    strlen                                   0x0800043f   Thumb Code    14  strlen.o(.text)
    __aeabi_llsl                             0x0800044d   Thumb Code    30  llshl.o(.text)
    _ll_shift_l                              0x0800044d   Thumb Code     0  llshl.o(.text)
    __aeabi_llsr                             0x0800046b   Thumb Code    32  llushr.o(.text)
    _ll_ushift_r                             0x0800046b   Thumb Code     0  llushr.o(.text)
    __I$use$fp                               0x0800048b   Thumb Code     0  iusefp.o(.text)
    __scatterload                            0x0800048d   Thumb Code    28  init.o(.text)
    __scatterload_rt2                        0x0800048d   Thumb Code     0  init.o(.text)
    __decompress                             0x080004b1   Thumb Code     0  __dczerorl2.o(.text)
    __decompress1                            0x080004b1   Thumb Code    86  __dczerorl2.o(.text)
    AHRS_asinf                               0x08000507   Thumb Code     4  ahrs_middleware.o(i.AHRS_asinf)
    AHRS_atan2f                              0x0800050b   Thumb Code     4  ahrs_middleware.o(i.AHRS_atan2f)
    AHRS_cosf                                0x0800050f   Thumb Code     4  ahrs_middleware.o(i.AHRS_cosf)
    AHRS_get_height                          0x0800052d   Thumb Code    14  ahrs_middleware.o(i.AHRS_get_height)
    AHRS_get_latitude                        0x08000541   Thumb Code    14  ahrs_middleware.o(i.AHRS_get_latitude)
    AHRS_init                                0x08000551   Thumb Code   626  ahrs.o(i.AHRS_init)
    AHRS_invSqrt                             0x080007ed   Thumb Code    20  ahrs_middleware.o(i.AHRS_invSqrt)
    AHRS_sinf                                0x08000801   Thumb Code     4  ahrs_middleware.o(i.AHRS_sinf)
    AHRS_update                              0x08000805   Thumb Code   314  ahrs.o(i.AHRS_update)
    BMI088_read                              0x08000941   Thumb Code   268  bsp_imu.o(i.BMI088_read)
    BusFault_Handler                         0x08000a5d   Thumb Code     2  stm32f4xx_it.o(i.BusFault_Handler)
    CAN1_RX0_IRQHandler                      0x08000a61   Thumb Code     6  stm32f4xx_it.o(i.CAN1_RX0_IRQHandler)
    CAN2_RX0_IRQHandler                      0x08000a6d   Thumb Code     6  stm32f4xx_it.o(i.CAN2_RX0_IRQHandler)
    CAN_cmd_chassis_reset_ID                 0x08000a79   Thumb Code    52  can_receive.o(i.CAN_cmd_chassis_reset_ID)
    CAN_cmd_gimbal                           0x08000ab9   Thumb Code    60  can_receive.o(i.CAN_cmd_gimbal)
    DMA2_Stream2_IRQHandler                  0x08000b01   Thumb Code     6  stm32f4xx_it.o(i.DMA2_Stream2_IRQHandler)
    DMA2_Stream6_IRQHandler                  0x08000b0d   Thumb Code     6  stm32f4xx_it.o(i.DMA2_Stream6_IRQHandler)
    DebugMon_Handler                         0x08000bcb   Thumb Code     2  stm32f4xx_it.o(i.DebugMon_Handler)
    Error_Handler                            0x08000bcd   Thumb Code     2  main.o(i.Error_Handler)
    FLASH_Erase_Sector                       0x08000bd1   Thumb Code    82  stm32f4xx_hal_flash_ex.o(i.FLASH_Erase_Sector)
    FLASH_FlushCaches                        0x08000c29   Thumb Code    84  stm32f4xx_hal_flash_ex.o(i.FLASH_FlushCaches)
    FLASH_WaitForLastOperation               0x08000de9   Thumb Code    88  stm32f4xx_hal_flash.o(i.FLASH_WaitForLastOperation)
    HAL_CAN_ActivateNotification             0x08000e49   Thumb Code    36  stm32f4xx_hal_can.o(i.HAL_CAN_ActivateNotification)
    HAL_CAN_AddTxMessage                     0x08000e6d   Thumb Code   260  stm32f4xx_hal_can.o(i.HAL_CAN_AddTxMessage)
    HAL_CAN_ConfigFilter                     0x08000f71   Thumb Code   290  stm32f4xx_hal_can.o(i.HAL_CAN_ConfigFilter)
    HAL_CAN_ErrorCallback                    0x08001099   Thumb Code     2  stm32f4xx_hal_can.o(i.HAL_CAN_ErrorCallback)
    HAL_CAN_GetRxMessage                     0x0800109b   Thumb Code   364  stm32f4xx_hal_can.o(i.HAL_CAN_GetRxMessage)
    HAL_CAN_IRQHandler                       0x08001207   Thumb Code   564  stm32f4xx_hal_can.o(i.HAL_CAN_IRQHandler)
    HAL_CAN_Init                             0x0800143b   Thumb Code   360  stm32f4xx_hal_can.o(i.HAL_CAN_Init)
    HAL_CAN_MspInit                          0x080015a5   Thumb Code   228  can.o(i.HAL_CAN_MspInit)
    HAL_CAN_RxFifo0FullCallback              0x080016a1   Thumb Code     2  stm32f4xx_hal_can.o(i.HAL_CAN_RxFifo0FullCallback)
    HAL_CAN_RxFifo0MsgPendingCallback        0x080016a5   Thumb Code    82  can_receive.o(i.HAL_CAN_RxFifo0MsgPendingCallback)
    HAL_CAN_RxFifo1FullCallback              0x08001701   Thumb Code     2  stm32f4xx_hal_can.o(i.HAL_CAN_RxFifo1FullCallback)
    HAL_CAN_RxFifo1MsgPendingCallback        0x08001703   Thumb Code     2  stm32f4xx_hal_can.o(i.HAL_CAN_RxFifo1MsgPendingCallback)
    HAL_CAN_SleepCallback                    0x08001705   Thumb Code     2  stm32f4xx_hal_can.o(i.HAL_CAN_SleepCallback)
    HAL_CAN_Start                            0x08001707   Thumb Code   100  stm32f4xx_hal_can.o(i.HAL_CAN_Start)
    HAL_CAN_TxMailbox0AbortCallback          0x0800176b   Thumb Code     2  stm32f4xx_hal_can.o(i.HAL_CAN_TxMailbox0AbortCallback)
    HAL_CAN_TxMailbox0CompleteCallback       0x0800176d   Thumb Code     2  stm32f4xx_hal_can.o(i.HAL_CAN_TxMailbox0CompleteCallback)
    HAL_CAN_TxMailbox1AbortCallback          0x0800176f   Thumb Code     2  stm32f4xx_hal_can.o(i.HAL_CAN_TxMailbox1AbortCallback)
    HAL_CAN_TxMailbox1CompleteCallback       0x08001771   Thumb Code     2  stm32f4xx_hal_can.o(i.HAL_CAN_TxMailbox1CompleteCallback)
    HAL_CAN_TxMailbox2AbortCallback          0x08001773   Thumb Code     2  stm32f4xx_hal_can.o(i.HAL_CAN_TxMailbox2AbortCallback)
    HAL_CAN_TxMailbox2CompleteCallback       0x08001775   Thumb Code     2  stm32f4xx_hal_can.o(i.HAL_CAN_TxMailbox2CompleteCallback)
    HAL_CAN_WakeUpFromRxMsgCallback          0x08001777   Thumb Code     2  stm32f4xx_hal_can.o(i.HAL_CAN_WakeUpFromRxMsgCallback)
    HAL_DMA_IRQHandler                       0x08001779   Thumb Code   488  stm32f4xx_hal_dma.o(i.HAL_DMA_IRQHandler)
    HAL_DMA_Init                             0x08001965   Thumb Code   230  stm32f4xx_hal_dma.o(i.HAL_DMA_Init)
    HAL_Delay                                0x08001a51   Thumb Code    34  stm32f4xx_hal.o(i.HAL_Delay)
    HAL_FLASHEx_Erase                        0x08001a79   Thumb Code   166  stm32f4xx_hal_flash_ex.o(i.HAL_FLASHEx_Erase)
    HAL_FLASH_Lock                           0x08001b29   Thumb Code    14  stm32f4xx_hal_flash.o(i.HAL_FLASH_Lock)
    HAL_FLASH_Program                        0x08001b3d   Thumb Code   118  stm32f4xx_hal_flash.o(i.HAL_FLASH_Program)
    HAL_FLASH_Unlock                         0x08001bbd   Thumb Code    34  stm32f4xx_hal_flash.o(i.HAL_FLASH_Unlock)
    HAL_GPIO_Init                            0x08001bf1   Thumb Code   564  stm32f4xx_hal_gpio.o(i.HAL_GPIO_Init)
    HAL_GPIO_WritePin                        0x08001e3d   Thumb Code    14  stm32f4xx_hal_gpio.o(i.HAL_GPIO_WritePin)
    HAL_GetTick                              0x08001e4d   Thumb Code     6  stm32f4xx_hal.o(i.HAL_GetTick)
    HAL_IncTick                              0x08001e59   Thumb Code    12  stm32f4xx_hal.o(i.HAL_IncTick)
    HAL_Init                                 0x08001e69   Thumb Code    48  stm32f4xx_hal.o(i.HAL_Init)
    HAL_InitTick                             0x08001e9d   Thumb Code    58  stm32f4xx_hal.o(i.HAL_InitTick)
    HAL_MspInit                              0x08001ee1   Thumb Code    52  stm32f4xx_hal_msp.o(i.HAL_MspInit)
    HAL_NVIC_EnableIRQ                       0x08001f19   Thumb Code    28  stm32f4xx_hal_cortex.o(i.HAL_NVIC_EnableIRQ)
    HAL_NVIC_SetPriority                     0x08001f35   Thumb Code    98  stm32f4xx_hal_cortex.o(i.HAL_NVIC_SetPriority)
    HAL_NVIC_SetPriorityGrouping             0x08001f9d   Thumb Code    30  stm32f4xx_hal_cortex.o(i.HAL_NVIC_SetPriorityGrouping)
    HAL_RCC_ClockConfig                      0x08001fc1   Thumb Code   354  stm32f4xx_hal_rcc.o(i.HAL_RCC_ClockConfig)
    HAL_RCC_GetHCLKFreq                      0x0800213d   Thumb Code     6  stm32f4xx_hal_rcc.o(i.HAL_RCC_GetHCLKFreq)
    HAL_RCC_GetPCLK1Freq                     0x08002149   Thumb Code    22  stm32f4xx_hal_rcc.o(i.HAL_RCC_GetPCLK1Freq)
    HAL_RCC_GetPCLK2Freq                     0x08002169   Thumb Code    22  stm32f4xx_hal_rcc.o(i.HAL_RCC_GetPCLK2Freq)
    HAL_RCC_GetSysClockFreq                  0x08002189   Thumb Code    94  stm32f4xx_hal_rcc.o(i.HAL_RCC_GetSysClockFreq)
    HAL_RCC_OscConfig                        0x080021f9   Thumb Code  1154  stm32f4xx_hal_rcc.o(i.HAL_RCC_OscConfig)
    HAL_SPI_Init                             0x0800267b   Thumb Code   190  stm32f4xx_hal_spi.o(i.HAL_SPI_Init)
    HAL_SPI_MspInit                          0x08002739   Thumb Code    94  spi.o(i.HAL_SPI_MspInit)
    HAL_SPI_TransmitReceive                  0x080027a5   Thumb Code   504  stm32f4xx_hal_spi.o(i.HAL_SPI_TransmitReceive)
    HAL_SYSTICK_Config                       0x0800299d   Thumb Code    36  stm32f4xx_hal_cortex.o(i.HAL_SYSTICK_Config)
    HAL_TIMEx_MasterConfigSynchronization    0x080029c5   Thumb Code   154  stm32f4xx_hal_tim_ex.o(i.HAL_TIMEx_MasterConfigSynchronization)
    HAL_TIM_Base_Init                        0x08002a5f   Thumb Code    92  stm32f4xx_hal_tim.o(i.HAL_TIM_Base_Init)
    HAL_TIM_Base_MspInit                     0x08002abd   Thumb Code    30  tim.o(i.HAL_TIM_Base_MspInit)
    HAL_TIM_ConfigClockSource                0x08002ae1   Thumb Code   234  stm32f4xx_hal_tim.o(i.HAL_TIM_ConfigClockSource)
    HAL_TIM_MspPostInit                      0x08002bcd   Thumb Code   112  tim.o(i.HAL_TIM_MspPostInit)
    HAL_TIM_PWM_ConfigChannel                0x08002c4d   Thumb Code   216  stm32f4xx_hal_tim.o(i.HAL_TIM_PWM_ConfigChannel)
    HAL_TIM_PWM_Init                         0x08002d25   Thumb Code    92  stm32f4xx_hal_tim.o(i.HAL_TIM_PWM_Init)
    HAL_TIM_PWM_MspInit                      0x08002d81   Thumb Code    30  tim.o(i.HAL_TIM_PWM_MspInit)
    HAL_TIM_PWM_Start                        0x08002da9   Thumb Code   210  stm32f4xx_hal_tim.o(i.HAL_TIM_PWM_Start)
    HAL_UART_Init                            0x08002e85   Thumb Code   100  stm32f4xx_hal_uart.o(i.HAL_UART_Init)
    HAL_UART_MspInit                         0x08002ee9   Thumb Code   318  usart.o(i.HAL_UART_MspInit)
    HAL_UART_Transmit                        0x08003049   Thumb Code   202  stm32f4xx_hal_uart.o(i.HAL_UART_Transmit)
    HardFault_Handler                        0x08003113   Thumb Code     2  stm32f4xx_it.o(i.HardFault_Handler)
    INS_cali_gyro                            0x08003115   Thumb Code    92  bsp_imu.o(i.INS_cali_gyro)
    INS_set_cali_gyro                        0x08003175   Thumb Code    34  bsp_imu.o(i.INS_set_cali_gyro)
    INS_task                                 0x0800319d   Thumb Code   448  bsp_imu.o(i.INS_task)
    MX_CAN1_Init                             0x0800337d   Thumb Code    60  can.o(i.MX_CAN1_Init)
    MX_CAN2_Init                             0x080033c1   Thumb Code    60  can.o(i.MX_CAN2_Init)
    MX_DMA_Init                              0x08003405   Thumb Code    56  dma.o(i.MX_DMA_Init)
    MX_FREERTOS_Init                         0x08003441   Thumb Code    96  freertos.o(i.MX_FREERTOS_Init)
    MX_GPIO_Init                             0x080034a9   Thumb Code   258  gpio.o(i.MX_GPIO_Init)
    MX_SPI5_Init                             0x080035c1   Thumb Code    62  spi.o(i.MX_SPI5_Init)
    MX_TIM12_Init                            0x08003609   Thumb Code    80  tim.o(i.MX_TIM12_Init)
    MX_TIM2_Init                             0x08003661   Thumb Code   166  tim.o(i.MX_TIM2_Init)
    MX_USART1_UART_Init                      0x0800370d   Thumb Code    46  usart.o(i.MX_USART1_UART_Init)
    MX_USART6_UART_Init                      0x08003749   Thumb Code    48  usart.o(i.MX_USART6_UART_Init)
    MemManage_Handler                        0x08003781   Thumb Code     2  stm32f4xx_it.o(i.MemManage_Handler)
    NMI_Handler                              0x08003783   Thumb Code     2  stm32f4xx_it.o(i.NMI_Handler)
    PID_calc                                 0x08003785   Thumb Code   292  pid.o(i.PID_calc)
    PID_clear                                0x080038ad   Thumb Code    58  pid.o(i.PID_clear)
    PID_init                                 0x080038ed   Thumb Code    88  pid.o(i.PID_init)
    RC_Init                                  0x08003949   Thumb Code    84  bsp_rc.o(i.RC_Init)
    RC_restart                               0x08003ba1   Thumb Code    52  bsp_rc.o(i.RC_restart)
    RC_unable                                0x08003bdd   Thumb Code    14  bsp_rc.o(i.RC_unable)
    StartDefaultTask                         0x08003d2d   Thumb Code     8  freertos.o(i.StartDefaultTask)
    SysTick_Handler                          0x08003d35   Thumb Code    24  stm32f4xx_it.o(i.SysTick_Handler)
    SystemClock_Config                       0x08003d4d   Thumb Code   136  main.o(i.SystemClock_Config)
    SystemInit                               0x08003ddd   Thumb Code    64  system_stm32f4xx.o(i.SystemInit)
    TIM_Base_SetConfig                       0x08003e35   Thumb Code   182  stm32f4xx_hal_tim.o(i.TIM_Base_SetConfig)
    TIM_CCxChannelCmd                        0x08003f01   Thumb Code    30  stm32f4xx_hal_tim.o(i.TIM_CCxChannelCmd)
    TIM_ETR_SetConfig                        0x08003f1f   Thumb Code    22  stm32f4xx_hal_tim.o(i.TIM_ETR_SetConfig)
    TIM_OC2_SetConfig                        0x08003fb5   Thumb Code   112  stm32f4xx_hal_tim.o(i.TIM_OC2_SetConfig)
    USART1_IRQHandler                        0x080042d1   Thumb Code   172  remote_control.o(i.USART1_IRQHandler)
    UsageFault_Handler                       0x08004395   Thumb Code     2  stm32f4xx_it.o(i.UsageFault_Handler)
    __ARM_fpclassifyf                        0x08004397   Thumb Code    38  fpclassifyf.o(i.__ARM_fpclassifyf)
    __hardfp_asinf                           0x080043bd   Thumb Code   258  asinf.o(i.__hardfp_asinf)
    __hardfp_atan2f                          0x080044e9   Thumb Code   594  atan2f.o(i.__hardfp_atan2f)
    __hardfp_sqrtf                           0x08004795   Thumb Code    58  sqrtf_full.o(i.__hardfp_sqrtf)
    __mathlib_flt_infnan                     0x080047cf   Thumb Code     6  funder.o(i.__mathlib_flt_infnan)
    __mathlib_flt_infnan2                    0x080047d5   Thumb Code     6  funder.o(i.__mathlib_flt_infnan2)
    __mathlib_flt_invalid                    0x080047dd   Thumb Code    10  funder.o(i.__mathlib_flt_invalid)
    __mathlib_flt_underflow                  0x080047ed   Thumb Code    10  funder.o(i.__mathlib_flt_underflow)
    __scatterload_copy                       0x080047fd   Thumb Code    14  handlers.o(i.__scatterload_copy)
    __scatterload_null                       0x0800480b   Thumb Code     2  handlers.o(i.__scatterload_null)
    __scatterload_zeroinit                   0x0800480d   Thumb Code    14  handlers.o(i.__scatterload_zeroinit)
    __set_errno                              0x0800481d   Thumb Code     6  errno.o(i.__set_errno)
    abs_limit                                0x08004829   Thumb Code    34  user_lib.o(i.abs_limit)
    buzzer_off                               0x08004d15   Thumb Code    10  bsp_buzzer.o(i.buzzer_off)
    buzzer_on                                0x08004d25   Thumb Code    12  bsp_buzzer.o(i.buzzer_on)
    cali_param_init                          0x08005039   Thumb Code   110  calibrate_task.o(i.cali_param_init)
    calibrate_task                           0x080050b1   Thumb Code   132  calibrate_task.o(i.calibrate_task)
    can_filter_init                          0x08005141   Thumb Code    80  bsp_can.o(i.can_filter_init)
    cmd_cali_gimbal_hook                     0x08005199   Thumb Code   230  gimbal_task.o(i.cmd_cali_gimbal_hook)
    flash_erase_address                      0x08005291   Thumb Code    42  bsp_flash.o(i.flash_erase_address)
    flash_read                               0x080052bb   Thumb Code    12  bsp_flash.o(i.flash_read)
    flash_write_single_address               0x080052c9   Thumb Code    98  bsp_flash.o(i.flash_write_single_address)
    fric1_on                                 0x08005331   Thumb Code     8  bsp_fric.o(i.fric1_on)
    fric2_on                                 0x0800533d   Thumb Code     8  bsp_fric.o(i.fric2_on)
    get_INS_angle_point                      0x0800540d   Thumb Code     4  bsp_imu.o(i.get_INS_angle_point)
    get_angle                                0x08005415   Thumb Code   232  ahrs.o(i.get_angle)
    get_gyro_data_point                      0x080054fd   Thumb Code     4  bsp_imu.o(i.get_gyro_data_point)
    get_next_flash_address                   0x08005505   Thumb Code   168  bsp_flash.o(i.get_next_flash_address)
    get_pitch_gimbal_motor_measure_point     0x080055d9   Thumb Code     4  can_receive.o(i.get_pitch_gimbal_motor_measure_point)
    get_remote_control_point                 0x080055e1   Thumb Code     4  remote_control.o(i.get_remote_control_point)
    get_trigger_motor_measure_point          0x080055e9   Thumb Code     4  can_receive.o(i.get_trigger_motor_measure_point)
    get_yaw_gimbal_motor_measure_point       0x080055f1   Thumb Code     4  can_receive.o(i.get_yaw_gimbal_motor_measure_point)
    gimbal_behaviour_control_set             0x080058fd   Thumb Code   136  gimbal_behaviour.o(i.gimbal_behaviour_control_set)
    gimbal_behaviour_mode_set                0x08005999   Thumb Code    66  gimbal_behaviour.o(i.gimbal_behaviour_mode_set)
    gimbal_cmd_to_shoot_stop                 0x08005bd5   Thumb Code    22  gimbal_behaviour.o(i.gimbal_cmd_to_shoot_stop)
    gimbal_task                              0x08006069   Thumb Code   176  gimbal_task.o(i.gimbal_task)
    gyro_offset_calc                         0x08006121   Thumb Code    72  bsp_imu.o(i.gyro_offset_calc)
    led_off                                  0x08006259   Thumb Code    28  gpio.o(i.led_off)
    loop_fp32_constrain                      0x0800627d   Thumb Code    72  user_lib.o(i.loop_fp32_constrain)
    main                                     0x080062c5   Thumb Code   140  main.o(i.main)
    mpu_device_init                          0x0800639d   Thumb Code    74  bsp_imu.o(i.mpu_device_init)
    mpu_read_byte                            0x080063f1   Thumb Code    68  bsp_imu.o(i.mpu_read_byte)
    mpu_read_bytes                           0x08006441   Thumb Code    80  bsp_imu.o(i.mpu_read_bytes)
    mpu_set_accel_fsr                        0x0800649d   Thumb Code    10  bsp_imu.o(i.mpu_set_accel_fsr)
    mpu_set_gyro_fsr                         0x080064a7   Thumb Code    10  bsp_imu.o(i.mpu_set_gyro_fsr)
    mpu_write_byte                           0x080064b1   Thumb Code    72  bsp_imu.o(i.mpu_write_byte)
    osDelay                                  0x08006505   Thumb Code    16  cmsis_os.o(i.osDelay)
    osKernelStart                            0x08006515   Thumb Code    10  cmsis_os.o(i.osKernelStart)
    osThreadCreate                           0x0800651f   Thumb Code    92  cmsis_os.o(i.osThreadCreate)
    pcTaskGetName                            0x0800657d   Thumb Code    30  tasks.o(i.pcTaskGetName)
    pvPortMalloc                             0x080069c5   Thumb Code   224  heap_4.o(i.pvPortMalloc)
    pxPortInitialiseStack                    0x08006aad   Thumb Code    38  port.o(i.pxPortInitialiseStack)
    ramp_calc                                0x08006b5d   Thumb Code    80  user_lib.o(i.ramp_calc)
    ramp_init                                0x08006bad   Thumb Code    26  user_lib.o(i.ramp_init)
    remote_control_init                      0x08006bc9   Thumb Code    12  remote_control.o(i.remote_control_init)
    sbus_to_usart6                           0x08006c8d   Thumb Code    58  remote_control.o(i.sbus_to_usart6)
    set_cali_gimbal_hook                     0x08006cd5   Thumb Code    28  gimbal_task.o(i.set_cali_gimbal_hook)
    shoot_control_loop                       0x08006d91   Thumb Code   288  shoot.o(i.shoot_control_loop)
    shoot_init                               0x08007049   Thumb Code   170  shoot.o(i.shoot_init)
    sqrtf                                    0x08007259   Thumb Code    62  sqrtf_full.o(i.sqrtf)
    usart6_tx_dma_init                       0x08007375   Thumb Code    60  bsp_usart.o(i.usart6_tx_dma_init)
    uxListRemove                             0x080073bd   Thumb Code    38  list.o(i.uxListRemove)
    uxTaskGetStackHighWaterMark              0x080073e5   Thumb Code    14  tasks.o(i.uxTaskGetStackHighWaterMark)
    vApplicationGetIdleTaskMemory            0x080073f9   Thumb Code    16  freertos.o(i.vApplicationGetIdleTaskMemory)
    vListInitialise                          0x0800740d   Thumb Code    22  list.o(i.vListInitialise)
    vListInitialiseItem                      0x08007423   Thumb Code     6  list.o(i.vListInitialiseItem)
    vListInsert                              0x08007429   Thumb Code    54  list.o(i.vListInsert)
    vListInsertEnd                           0x0800745f   Thumb Code    24  list.o(i.vListInsertEnd)
    vPortEnterCritical                       0x08007479   Thumb Code    54  port.o(i.vPortEnterCritical)
    vPortExitCritical                        0x080074b9   Thumb Code    38  port.o(i.vPortExitCritical)
    vPortFree                                0x080074e5   Thumb Code    94  heap_4.o(i.vPortFree)
    vPortSetupTimerInterrupt                 0x08007549   Thumb Code    32  port.o(i.vPortSetupTimerInterrupt)
    vTaskDelay                               0x0800756d   Thumb Code    70  tasks.o(i.vTaskDelay)
    vTaskStartScheduler                      0x080075bd   Thumb Code   120  tasks.o(i.vTaskStartScheduler)
    vTaskSuspendAll                          0x08007645   Thumb Code    10  tasks.o(i.vTaskSuspendAll)
    vTaskSwitchContext                       0x08007655   Thumb Code    86  tasks.o(i.vTaskSwitchContext)
    xPortStartScheduler                      0x080076b5   Thumb Code   232  port.o(i.xPortStartScheduler)
    xPortSysTickHandler                      0x080077b9   Thumb Code    38  port.o(i.xPortSysTickHandler)
    xTaskCreate                              0x080077e5   Thumb Code   108  tasks.o(i.xTaskCreate)
    xTaskCreateStatic                        0x08007851   Thumb Code    96  tasks.o(i.xTaskCreateStatic)
    xTaskGetHandle                           0x080078b1   Thumb Code   124  tasks.o(i.xTaskGetHandle)
    xTaskGetSchedulerState                   0x0800793d   Thumb Code    24  tasks.o(i.xTaskGetSchedulerState)
    xTaskGetTickCount                        0x08007959   Thumb Code     6  tasks.o(i.xTaskGetTickCount)
    xTaskIncrementTick                       0x08007965   Thumb Code   202  tasks.o(i.xTaskIncrementTick)
    xTaskResumeAll                           0x08007a39   Thumb Code   190  tasks.o(i.xTaskResumeAll)
    AHBPrescTable                            0x08007b90   Data          16  system_stm32f4xx.o(.constdata)
    APBPrescTable                            0x08007ba0   Data           8  system_stm32f4xx.o(.constdata)
    sinTable_f32                             0x08007be8   Data        2052  arm_common_tables.o(.constdata)
    Region$$Table$$Base                      0x08008414   Number         0  anon$$obj.o(Region$$Table)
    Region$$Table$$Limit                     0x08008434   Number         0  anon$$obj.o(Region$$Table)
    imuTaskHandle                            0x20000000   Data           4  freertos.o(.data)
    calibrate_tast_handle                    0x20000004   Data           4  freertos.o(.data)
    gimbalTaskHandle                         0x20000008   Data           4  freertos.o(.data)
    defaultTaskHandle                        0x2000000c   Data           4  freertos.o(.data)
    imu_start_dma_flag                       0x20000014   Data           1  bsp_imu.o(.data)
    id                                       0x20000017   Data           1  bsp_imu.o(.data)
    q0                                       0x20000018   Data           4  bsp_imu.o(.data)
    q1                                       0x2000001c   Data           4  bsp_imu.o(.data)
    q2                                       0x20000020   Data           4  bsp_imu.o(.data)
    q3                                       0x20000024   Data           4  bsp_imu.o(.data)
    exInt                                    0x2000002c   Data           4  bsp_imu.o(.data)
    eyInt                                    0x20000030   Data           4  bsp_imu.o(.data)
    ezInt                                    0x20000034   Data           4  bsp_imu.o(.data)
    last_update                              0x2000005c   Data           4  bsp_imu.o(.data)
    now_update                               0x20000060   Data           4  bsp_imu.o(.data)
    ist_buff                                 0x20000068   Data           6  bsp_imu.o(.data)
    gyro_scale_factor                        0x2000007c   Data          36  bsp_imu.o(.data)
    accel_scale_factor                       0x200000a0   Data          36  bsp_imu.o(.data)
    mag_scale_factor                         0x200000c4   Data          36  bsp_imu.o(.data)
    uwTickFreq                               0x200000e8   Data           1  stm32f4xx_hal.o(.data)
    uwTickPrio                               0x200000ec   Data           4  stm32f4xx_hal.o(.data)
    uwTick                                   0x200000f0   Data           4  stm32f4xx_hal.o(.data)
    SystemCoreClock                          0x200000f4   Data           4  system_stm32f4xx.o(.data)
    pxCurrentTCB                             0x200000f8   Data           4  tasks.o(.data)
    gimbal_behaviour                         0x20000184   Data           1  gimbal_behaviour.o(.data)
    gimbal_high_water                        0x200001ac   Data           4  gimbal_task.o(.data)
    calibrate_task_stack                     0x200001c4   Data           4  calibrate_task.o(.data)
    cali_hook_fun                            0x200001f4   Data          20  calibrate_task.o(.data)
    hcan1                                    0x20000480   Data          40  can.o(.bss)
    hcan2                                    0x200004a8   Data          40  can.o(.bss)
    hspi5                                    0x200004d0   Data          88  spi.o(.bss)
    htim2                                    0x20000528   Data          72  tim.o(.bss)
    htim12                                   0x20000570   Data          72  tim.o(.bss)
    huart1                                   0x200005b8   Data          68  usart.o(.bss)
    huart6                                   0x200005fc   Data          68  usart.o(.bss)
    hdma_usart1_rx                           0x20000640   Data          96  usart.o(.bss)
    hdma_usart6_tx                           0x200006a0   Data          96  usart.o(.bss)
    imu                                      0x20000700   Data          52  bsp_imu.o(.bss)
    INS_angle                                0x2000078c   Data          12  bsp_imu.o(.bss)
    INS_angle_system                         0x20000798   Data          12  bsp_imu.o(.bss)
    mpu_buff                                 0x200007a4   Data          14  bsp_imu.o(.bss)
    mpu_data                                 0x200007b2   Data          32  bsp_imu.o(.bss)
    bmi088_real_data                         0x200007d4   Data          36  bsp_imu.o(.bss)
    gyro_offset                              0x200007f8   Data          12  bsp_imu.o(.bss)
    gyro_cali_offset                         0x20000804   Data          12  bsp_imu.o(.bss)
    accel_offset                             0x20000810   Data          12  bsp_imu.o(.bss)
    ist8310_real_data                        0x2000081c   Data          16  bsp_imu.o(.bss)
    mag_offset                               0x2000082c   Data          12  bsp_imu.o(.bss)
    pFlash                                   0x20000838   Data          32  stm32f4xx_hal_flash.o(.bss)
    motor_chassis                            0x20004548   Data          70  can_receive.o(.bss)
    gimbal_control                           0x200045c0   Data         488  gimbal_task.o(.bss)
    rc_ctrl                                  0x200047bc   Data          22  remote_control.o(.bss)
    cali_sensor                              0x200048f0   Data          65  calibrate_task.o(.bss)
    shoot_control                            0x20004934   Data         176  shoot.o(.bss)
    __initial_sp                             0x20004de8   Data           0  startup_stm32f427xx.o(STACK)



==============================================================================

Memory Map of the image

  Image Entry point : 0x080001ad

  Load Region LR_IROM1 (Base: 0x08000000, Size: 0x00008660, Max: 0x00200000, ABSOLUTE, COMPRESSED[0x00008488])

    Execution Region ER_IROM1 (Exec base: 0x08000000, Load base: 0x08000000, Size: 0x00008434, Max: 0x00200000, ABSOLUTE)

    Exec Addr    Load Addr    Size         Type   Attr      Idx    E Section Name        Object

    0x08000000   0x08000000   0x000001ac   Data   RO          679    RESET               startup_stm32f427xx.o
    0x080001ac   0x080001ac   0x00000000   Code   RO         7024  * .ARM.Collect$$$$00000000  mc_w.l(entry.o)
    0x080001ac   0x080001ac   0x00000004   Code   RO         7101    .ARM.Collect$$$$00000001  mc_w.l(entry2.o)
    0x080001b0   0x080001b0   0x00000004   Code   RO         7104    .ARM.Collect$$$$00000004  mc_w.l(entry5.o)
    0x080001b4   0x080001b4   0x00000000   Code   RO         7106    .ARM.Collect$$$$00000008  mc_w.l(entry7b.o)
    0x080001b4   0x080001b4   0x00000000   Code   RO         7108    .ARM.Collect$$$$0000000A  mc_w.l(entry8b.o)
    0x080001b4   0x080001b4   0x00000008   Code   RO         7109    .ARM.Collect$$$$0000000B  mc_w.l(entry9a.o)
    0x080001bc   0x080001bc   0x00000004   Code   RO         7116    .ARM.Collect$$$$0000000E  mc_w.l(entry12b.o)
    0x080001c0   0x080001c0   0x00000000   Code   RO         7111    .ARM.Collect$$$$0000000F  mc_w.l(entry10a.o)
    0x080001c0   0x080001c0   0x00000000   Code   RO         7113    .ARM.Collect$$$$00000011  mc_w.l(entry11a.o)
    0x080001c0   0x080001c0   0x00000004   Code   RO         7102    .ARM.Collect$$$$00002712  mc_w.l(entry2.o)
    0x080001c4   0x080001c4   0x000000be   Code   RO         5373    .emb_text           port.o
    0x08000282   0x08000282   0x00000002   PAD
    0x08000284   0x08000284   0x00000024   Code   RO          680    .text               startup_stm32f427xx.o
    0x080002a8   0x080002a8   0x00000078   Code   RO         6770    .text               arm_cortexM4lf_math.lib(arm_cos_f32.o)
    0x08000320   0x08000320   0x00000074   Code   RO         6823    .text               arm_cortexM4lf_math.lib(arm_sin_f32.o)
    0x08000394   0x08000394   0x00000062   Code   RO         7027    .text               mc_w.l(uldiv.o)
    0x080003f6   0x080003f6   0x00000024   Code   RO         7029    .text               mc_w.l(memcpya.o)
    0x0800041a   0x0800041a   0x00000024   Code   RO         7033    .text               mc_w.l(memseta.o)
    0x0800043e   0x0800043e   0x0000000e   Code   RO         7035    .text               mc_w.l(strlen.o)
    0x0800044c   0x0800044c   0x0000001e   Code   RO         7117    .text               mc_w.l(llshl.o)
    0x0800046a   0x0800046a   0x00000020   Code   RO         7119    .text               mc_w.l(llushr.o)
    0x0800048a   0x0800048a   0x00000000   Code   RO         7128    .text               mc_w.l(iusefp.o)
    0x0800048a   0x0800048a   0x00000002   PAD
    0x0800048c   0x0800048c   0x00000024   Code   RO         7143    .text               mc_w.l(init.o)
    0x080004b0   0x080004b0   0x00000056   Code   RO         7157    .text               mc_w.l(__dczerorl2.o)
    0x08000506   0x08000506   0x00000004   Code   RO         6435    i.AHRS_asinf        ahrs_middleware.o
    0x0800050a   0x0800050a   0x00000004   Code   RO         6436    i.AHRS_atan2f       ahrs_middleware.o
    0x0800050e   0x0800050e   0x00000004   Code   RO         6437    i.AHRS_cosf         ahrs_middleware.o
    0x08000512   0x08000512   0x0000001a   Code   RO         6680    i.AHRS_fabs         AHRS.lib(ahrs.o)
    0x0800052c   0x0800052c   0x00000014   Code   RO         6438    i.AHRS_get_height   ahrs_middleware.o
    0x08000540   0x08000540   0x0000000e   Code   RO         6439    i.AHRS_get_latitude  ahrs_middleware.o
    0x0800054e   0x0800054e   0x00000002   PAD
    0x08000550   0x08000550   0x0000029c   Code   RO         6681    i.AHRS_init         AHRS.lib(ahrs.o)
    0x080007ec   0x080007ec   0x00000014   Code   RO         6440    i.AHRS_invSqrt      ahrs_middleware.o
    0x08000800   0x08000800   0x00000004   Code   RO         6441    i.AHRS_sinf         ahrs_middleware.o
    0x08000804   0x08000804   0x0000013a   Code   RO         6682    i.AHRS_update       AHRS.lib(ahrs.o)
    0x0800093e   0x0800093e   0x00000002   PAD
    0x08000940   0x08000940   0x0000011c   Code   RO          687    i.BMI088_read       bsp_imu.o
    0x08000a5c   0x08000a5c   0x00000002   Code   RO          568    i.BusFault_Handler  stm32f4xx_it.o
    0x08000a5e   0x08000a5e   0x00000002   PAD
    0x08000a60   0x08000a60   0x0000000c   Code   RO          569    i.CAN1_RX0_IRQHandler  stm32f4xx_it.o
    0x08000a6c   0x08000a6c   0x0000000c   Code   RO          570    i.CAN2_RX0_IRQHandler  stm32f4xx_it.o
    0x08000a78   0x08000a78   0x00000040   Code   RO         5756    i.CAN_cmd_chassis_reset_ID  can_receive.o
    0x08000ab8   0x08000ab8   0x00000048   Code   RO         5757    i.CAN_cmd_gimbal    can_receive.o
    0x08000b00   0x08000b00   0x0000000c   Code   RO          571    i.DMA2_Stream2_IRQHandler  stm32f4xx_it.o
    0x08000b0c   0x08000b0c   0x0000000c   Code   RO          572    i.DMA2_Stream6_IRQHandler  stm32f4xx_it.o
    0x08000b18   0x08000b18   0x00000034   Code   RO         1704    i.DMA_CalcBaseAndBitshift  stm32f4xx_hal_dma.o
    0x08000b4c   0x08000b4c   0x0000007e   Code   RO         1705    i.DMA_CheckFifoParam  stm32f4xx_hal_dma.o
    0x08000bca   0x08000bca   0x00000002   Code   RO          573    i.DebugMon_Handler  stm32f4xx_it.o
    0x08000bcc   0x08000bcc   0x00000002   Code   RO            4    i.Error_Handler     main.o
    0x08000bce   0x08000bce   0x00000002   PAD
    0x08000bd0   0x08000bd0   0x00000058   Code   RO         1429    i.FLASH_Erase_Sector  stm32f4xx_hal_flash_ex.o
    0x08000c28   0x08000c28   0x00000058   Code   RO         1430    i.FLASH_FlushCaches  stm32f4xx_hal_flash_ex.o
    0x08000c80   0x08000c80   0x00000044   Code   RO         1431    i.FLASH_MassErase   stm32f4xx_hal_flash_ex.o
    0x08000cc4   0x08000cc4   0x00000020   Code   RO         1311    i.FLASH_Program_Byte  stm32f4xx_hal_flash.o
    0x08000ce4   0x08000ce4   0x00000034   Code   RO         1312    i.FLASH_Program_DoubleWord  stm32f4xx_hal_flash.o
    0x08000d18   0x08000d18   0x00000024   Code   RO         1313    i.FLASH_Program_HalfWord  stm32f4xx_hal_flash.o
    0x08000d3c   0x08000d3c   0x00000024   Code   RO         1314    i.FLASH_Program_Word  stm32f4xx_hal_flash.o
    0x08000d60   0x08000d60   0x00000088   Code   RO         1315    i.FLASH_SetErrorCode  stm32f4xx_hal_flash.o
    0x08000de8   0x08000de8   0x00000060   Code   RO         1316    i.FLASH_WaitForLastOperation  stm32f4xx_hal_flash.o
    0x08000e48   0x08000e48   0x00000024   Code   RO          910    i.HAL_CAN_ActivateNotification  stm32f4xx_hal_can.o
    0x08000e6c   0x08000e6c   0x00000104   Code   RO          911    i.HAL_CAN_AddTxMessage  stm32f4xx_hal_can.o
    0x08000f70   0x08000f70   0x00000128   Code   RO          912    i.HAL_CAN_ConfigFilter  stm32f4xx_hal_can.o
    0x08001098   0x08001098   0x00000002   Code   RO          915    i.HAL_CAN_ErrorCallback  stm32f4xx_hal_can.o
    0x0800109a   0x0800109a   0x0000016c   Code   RO          918    i.HAL_CAN_GetRxMessage  stm32f4xx_hal_can.o
    0x08001206   0x08001206   0x00000234   Code   RO          922    i.HAL_CAN_IRQHandler  stm32f4xx_hal_can.o
    0x0800143a   0x0800143a   0x00000168   Code   RO          923    i.HAL_CAN_Init      stm32f4xx_hal_can.o
    0x080015a2   0x080015a2   0x00000002   PAD
    0x080015a4   0x080015a4   0x000000fc   Code   RO          340    i.HAL_CAN_MspInit   can.o
    0x080016a0   0x080016a0   0x00000002   Code   RO          930    i.HAL_CAN_RxFifo0FullCallback  stm32f4xx_hal_can.o
    0x080016a2   0x080016a2   0x00000002   PAD
    0x080016a4   0x080016a4   0x0000005c   Code   RO         5758    i.HAL_CAN_RxFifo0MsgPendingCallback  can_receive.o
    0x08001700   0x08001700   0x00000002   Code   RO          932    i.HAL_CAN_RxFifo1FullCallback  stm32f4xx_hal_can.o
    0x08001702   0x08001702   0x00000002   Code   RO          933    i.HAL_CAN_RxFifo1MsgPendingCallback  stm32f4xx_hal_can.o
    0x08001704   0x08001704   0x00000002   Code   RO          934    i.HAL_CAN_SleepCallback  stm32f4xx_hal_can.o
    0x08001706   0x08001706   0x00000064   Code   RO          935    i.HAL_CAN_Start     stm32f4xx_hal_can.o
    0x0800176a   0x0800176a   0x00000002   Code   RO          937    i.HAL_CAN_TxMailbox0AbortCallback  stm32f4xx_hal_can.o
    0x0800176c   0x0800176c   0x00000002   Code   RO          938    i.HAL_CAN_TxMailbox0CompleteCallback  stm32f4xx_hal_can.o
    0x0800176e   0x0800176e   0x00000002   Code   RO          939    i.HAL_CAN_TxMailbox1AbortCallback  stm32f4xx_hal_can.o
    0x08001770   0x08001770   0x00000002   Code   RO          940    i.HAL_CAN_TxMailbox1CompleteCallback  stm32f4xx_hal_can.o
    0x08001772   0x08001772   0x00000002   Code   RO          941    i.HAL_CAN_TxMailbox2AbortCallback  stm32f4xx_hal_can.o
    0x08001774   0x08001774   0x00000002   Code   RO          942    i.HAL_CAN_TxMailbox2CompleteCallback  stm32f4xx_hal_can.o
    0x08001776   0x08001776   0x00000002   Code   RO          944    i.HAL_CAN_WakeUpFromRxMsgCallback  stm32f4xx_hal_can.o
    0x08001778   0x08001778   0x000001ec   Code   RO         1712    i.HAL_DMA_IRQHandler  stm32f4xx_hal_dma.o
    0x08001964   0x08001964   0x000000ec   Code   RO         1713    i.HAL_DMA_Init      stm32f4xx_hal_dma.o
    0x08001a50   0x08001a50   0x00000028   Code   RO         2139    i.HAL_Delay         stm32f4xx_hal.o
    0x08001a78   0x08001a78   0x000000b0   Code   RO         1446    i.HAL_FLASHEx_Erase  stm32f4xx_hal_flash_ex.o
    0x08001b28   0x08001b28   0x00000014   Code   RO         1320    i.HAL_FLASH_Lock    stm32f4xx_hal_flash.o
    0x08001b3c   0x08001b3c   0x00000080   Code   RO         1325    i.HAL_FLASH_Program  stm32f4xx_hal_flash.o
    0x08001bbc   0x08001bbc   0x00000034   Code   RO         1327    i.HAL_FLASH_Unlock  stm32f4xx_hal_flash.o
    0x08001bf0   0x08001bf0   0x0000024c   Code   RO         1600    i.HAL_GPIO_Init     stm32f4xx_hal_gpio.o
    0x08001e3c   0x08001e3c   0x0000000e   Code   RO         1604    i.HAL_GPIO_WritePin  stm32f4xx_hal_gpio.o
    0x08001e4a   0x08001e4a   0x00000002   PAD
    0x08001e4c   0x08001e4c   0x0000000c   Code   RO         2147    i.HAL_GetTick       stm32f4xx_hal.o
    0x08001e58   0x08001e58   0x00000010   Code   RO         2153    i.HAL_IncTick       stm32f4xx_hal.o
    0x08001e68   0x08001e68   0x00000034   Code   RO         2154    i.HAL_Init          stm32f4xx_hal.o
    0x08001e9c   0x08001e9c   0x00000044   Code   RO         2155    i.HAL_InitTick      stm32f4xx_hal.o
    0x08001ee0   0x08001ee0   0x00000038   Code   RO          656    i.HAL_MspInit       stm32f4xx_hal_msp.o
    0x08001f18   0x08001f18   0x0000001c   Code   RO         2007    i.HAL_NVIC_EnableIRQ  stm32f4xx_hal_cortex.o
    0x08001f34   0x08001f34   0x00000068   Code   RO         2013    i.HAL_NVIC_SetPriority  stm32f4xx_hal_cortex.o
    0x08001f9c   0x08001f9c   0x00000024   Code   RO         2014    i.HAL_NVIC_SetPriorityGrouping  stm32f4xx_hal_cortex.o
    0x08001fc0   0x08001fc0   0x0000017c   Code   RO         1144    i.HAL_RCC_ClockConfig  stm32f4xx_hal_rcc.o
    0x0800213c   0x0800213c   0x0000000c   Code   RO         1149    i.HAL_RCC_GetHCLKFreq  stm32f4xx_hal_rcc.o
    0x08002148   0x08002148   0x00000020   Code   RO         1151    i.HAL_RCC_GetPCLK1Freq  stm32f4xx_hal_rcc.o
    0x08002168   0x08002168   0x00000020   Code   RO         1152    i.HAL_RCC_GetPCLK2Freq  stm32f4xx_hal_rcc.o
    0x08002188   0x08002188   0x00000070   Code   RO         1153    i.HAL_RCC_GetSysClockFreq  stm32f4xx_hal_rcc.o
    0x080021f8   0x080021f8   0x00000482   Code   RO         1156    i.HAL_RCC_OscConfig  stm32f4xx_hal_rcc.o
    0x0800267a   0x0800267a   0x000000be   Code   RO         2413    i.HAL_SPI_Init      stm32f4xx_hal_spi.o
    0x08002738   0x08002738   0x0000006c   Code   RO          413    i.HAL_SPI_MspInit   spi.o
    0x080027a4   0x080027a4   0x000001f8   Code   RO         2422    i.HAL_SPI_TransmitReceive  stm32f4xx_hal_spi.o
    0x0800299c   0x0800299c   0x00000028   Code   RO         2018    i.HAL_SYSTICK_Config  stm32f4xx_hal_cortex.o
    0x080029c4   0x080029c4   0x0000009a   Code   RO         3460    i.HAL_TIMEx_MasterConfigSynchronization  stm32f4xx_hal_tim_ex.o
    0x08002a5e   0x08002a5e   0x0000005c   Code   RO         2726    i.HAL_TIM_Base_Init  stm32f4xx_hal_tim.o
    0x08002aba   0x08002aba   0x00000002   PAD
    0x08002abc   0x08002abc   0x00000024   Code   RO          455    i.HAL_TIM_Base_MspInit  tim.o
    0x08002ae0   0x08002ae0   0x000000ea   Code   RO         2735    i.HAL_TIM_ConfigClockSource  stm32f4xx_hal_tim.o
    0x08002bca   0x08002bca   0x00000002   PAD
    0x08002bcc   0x08002bcc   0x00000080   Code   RO          456    i.HAL_TIM_MspPostInit  tim.o
    0x08002c4c   0x08002c4c   0x000000d8   Code   RO         2798    i.HAL_TIM_PWM_ConfigChannel  stm32f4xx_hal_tim.o
    0x08002d24   0x08002d24   0x0000005c   Code   RO         2801    i.HAL_TIM_PWM_Init  stm32f4xx_hal_tim.o
    0x08002d80   0x08002d80   0x00000028   Code   RO          458    i.HAL_TIM_PWM_MspInit  tim.o
    0x08002da8   0x08002da8   0x000000dc   Code   RO         2806    i.HAL_TIM_PWM_Start  stm32f4xx_hal_tim.o
    0x08002e84   0x08002e84   0x00000064   Code   RO         3737    i.HAL_UART_Init     stm32f4xx_hal_uart.o
    0x08002ee8   0x08002ee8   0x00000160   Code   RO          521    i.HAL_UART_MspInit  usart.o
    0x08003048   0x08003048   0x000000ca   Code   RO         3745    i.HAL_UART_Transmit  stm32f4xx_hal_uart.o
    0x08003112   0x08003112   0x00000002   Code   RO          574    i.HardFault_Handler  stm32f4xx_it.o
    0x08003114   0x08003114   0x00000060   Code   RO          689    i.INS_cali_gyro     bsp_imu.o
    0x08003174   0x08003174   0x00000028   Code   RO          690    i.INS_set_cali_gyro  bsp_imu.o
    0x0800319c   0x0800319c   0x000001e0   Code   RO          691    i.INS_task          bsp_imu.o
    0x0800337c   0x0800337c   0x00000044   Code   RO          341    i.MX_CAN1_Init      can.o
    0x080033c0   0x080033c0   0x00000044   Code   RO          342    i.MX_CAN2_Init      can.o
    0x08003404   0x08003404   0x0000003c   Code   RO          388    i.MX_DMA_Init       dma.o
    0x08003440   0x08003440   0x00000068   Code   RO          280    i.MX_FREERTOS_Init  freertos.o
    0x080034a8   0x080034a8   0x00000118   Code   RO          250    i.MX_GPIO_Init      gpio.o
    0x080035c0   0x080035c0   0x00000048   Code   RO          414    i.MX_SPI5_Init      spi.o
    0x08003608   0x08003608   0x00000058   Code   RO          459    i.MX_TIM12_Init     tim.o
    0x08003660   0x08003660   0x000000ac   Code   RO          460    i.MX_TIM2_Init      tim.o
    0x0800370c   0x0800370c   0x0000003c   Code   RO          522    i.MX_USART1_UART_Init  usart.o
    0x08003748   0x08003748   0x00000038   Code   RO          523    i.MX_USART6_UART_Init  usart.o
    0x08003780   0x08003780   0x00000002   Code   RO          575    i.MemManage_Handler  stm32f4xx_it.o
    0x08003782   0x08003782   0x00000002   Code   RO          576    i.NMI_Handler       stm32f4xx_it.o
    0x08003784   0x08003784   0x00000128   Code   RO         6395    i.PID_calc          pid.o
    0x080038ac   0x080038ac   0x00000040   Code   RO         6396    i.PID_clear         pid.o
    0x080038ec   0x080038ec   0x0000005c   Code   RO         6397    i.PID_init          pid.o
    0x08003948   0x08003948   0x00000060   Code   RO         5584    i.RC_Init           bsp_rc.o
    0x080039a8   0x080039a8   0x000001f8   Code   RO         6231    i.RC_cmd_to_calibrate  calibrate_task.o
    0x08003ba0   0x08003ba0   0x0000003c   Code   RO         5585    i.RC_restart        bsp_rc.o
    0x08003bdc   0x08003bdc   0x00000014   Code   RO         5586    i.RC_unable         bsp_rc.o
    0x08003bf0   0x08003bf0   0x00000064   Code   RO         2451    i.SPI_EndRxTxTransaction  stm32f4xx_hal_spi.o
    0x08003c54   0x08003c54   0x000000d8   Code   RO         2456    i.SPI_WaitFlagStateUntilTimeout  stm32f4xx_hal_spi.o
    0x08003d2c   0x08003d2c   0x00000008   Code   RO          281    i.StartDefaultTask  freertos.o
    0x08003d34   0x08003d34   0x00000018   Code   RO          577    i.SysTick_Handler   stm32f4xx_it.o
    0x08003d4c   0x08003d4c   0x00000090   Code   RO            5    i.SystemClock_Config  main.o
    0x08003ddc   0x08003ddc   0x00000058   Code   RO         4076    i.SystemInit        system_stm32f4xx.o
    0x08003e34   0x08003e34   0x000000cc   Code   RO         2819    i.TIM_Base_SetConfig  stm32f4xx_hal_tim.o
    0x08003f00   0x08003f00   0x0000001e   Code   RO         2820    i.TIM_CCxChannelCmd  stm32f4xx_hal_tim.o
    0x08003f1e   0x08003f1e   0x00000016   Code   RO         2830    i.TIM_ETR_SetConfig  stm32f4xx_hal_tim.o
    0x08003f34   0x08003f34   0x00000010   Code   RO         2831    i.TIM_ITRx_SetConfig  stm32f4xx_hal_tim.o
    0x08003f44   0x08003f44   0x00000070   Code   RO         2832    i.TIM_OC1_SetConfig  stm32f4xx_hal_tim.o
    0x08003fb4   0x08003fb4   0x00000078   Code   RO         2833    i.TIM_OC2_SetConfig  stm32f4xx_hal_tim.o
    0x0800402c   0x0800402c   0x00000078   Code   RO         2834    i.TIM_OC3_SetConfig  stm32f4xx_hal_tim.o
    0x080040a4   0x080040a4   0x00000058   Code   RO         2835    i.TIM_OC4_SetConfig  stm32f4xx_hal_tim.o
    0x080040fc   0x080040fc   0x00000026   Code   RO         2837    i.TIM_TI1_ConfigInputStage  stm32f4xx_hal_tim.o
    0x08004122   0x08004122   0x00000024   Code   RO         2839    i.TIM_TI2_ConfigInputStage  stm32f4xx_hal_tim.o
    0x08004146   0x08004146   0x00000002   PAD
    0x08004148   0x08004148   0x000000fc   Code   RO         3764    i.UART_SetConfig    stm32f4xx_hal_uart.o
    0x08004244   0x08004244   0x0000008c   Code   RO         3768    i.UART_WaitOnFlagUntilTimeout  stm32f4xx_hal_uart.o
    0x080042d0   0x080042d0   0x000000c4   Code   RO         6158    i.USART1_IRQHandler  remote_control.o
    0x08004394   0x08004394   0x00000002   Code   RO          578    i.UsageFault_Handler  stm32f4xx_it.o
    0x08004396   0x08004396   0x00000026   Code   RO         7079    i.__ARM_fpclassifyf  m_wm.l(fpclassifyf.o)
    0x080043bc   0x080043bc   0x0000012c   Code   RO         6952    i.__hardfp_asinf    m_wm.l(asinf.o)
    0x080044e8   0x080044e8   0x000002ac   Code   RO         6976    i.__hardfp_atan2f   m_wm.l(atan2f.o)
    0x08004794   0x08004794   0x0000003a   Code   RO         7006    i.__hardfp_sqrtf    m_wm.l(sqrtf_full.o)
    0x080047ce   0x080047ce   0x00000006   Code   RO         7082    i.__mathlib_flt_infnan  m_wm.l(funder.o)
    0x080047d4   0x080047d4   0x00000006   Code   RO         7083    i.__mathlib_flt_infnan2  m_wm.l(funder.o)
    0x080047da   0x080047da   0x00000002   PAD
    0x080047dc   0x080047dc   0x00000010   Code   RO         7084    i.__mathlib_flt_invalid  m_wm.l(funder.o)
    0x080047ec   0x080047ec   0x00000010   Code   RO         7087    i.__mathlib_flt_underflow  m_wm.l(funder.o)
    0x080047fc   0x080047fc   0x0000000e   Code   RO         7151    i.__scatterload_copy  mc_w.l(handlers.o)
    0x0800480a   0x0800480a   0x00000002   Code   RO         7152    i.__scatterload_null  mc_w.l(handlers.o)
    0x0800480c   0x0800480c   0x0000000e   Code   RO         7153    i.__scatterload_zeroinit  mc_w.l(handlers.o)
    0x0800481a   0x0800481a   0x00000002   PAD
    0x0800481c   0x0800481c   0x0000000c   Code   RO         7123    i.__set_errno       mc_w.l(errno.o)
    0x08004828   0x08004828   0x00000022   Code   RO         6581    i.abs_limit         user_lib.o
    0x0800484a   0x0800484a   0x00000002   PAD
    0x0800484c   0x0800484c   0x000001d0   Code   RO         6683    i.accel_comple_filter  AHRS.lib(ahrs.o)
    0x08004a1c   0x08004a1c   0x0000018c   Code   RO         6684    i.accel_update_kp_ki  AHRS.lib(ahrs.o)
    0x08004ba8   0x08004ba8   0x0000016c   Code   RO         6685    i.angle_to_quat     AHRS.lib(ahrs.o)
    0x08004d14   0x08004d14   0x00000010   Code   RO         5453    i.buzzer_off        bsp_buzzer.o
    0x08004d24   0x08004d24   0x00000010   Code   RO         5454    i.buzzer_on         bsp_buzzer.o
    0x08004d34   0x08004d34   0x00000148   Code   RO         6015    i.calc_gimbal_cali  gimbal_task.o
    0x08004e7c   0x08004e7c   0x00000098   Code   RO         6232    i.cali_data_read    calibrate_task.o
    0x08004f14   0x08004f14   0x0000006c   Code   RO         6233    i.cali_data_write   calibrate_task.o
    0x08004f80   0x08004f80   0x00000046   Code   RO         6234    i.cali_gimbal_hook  calibrate_task.o
    0x08004fc6   0x08004fc6   0x00000002   PAD
    0x08004fc8   0x08004fc8   0x00000054   Code   RO         6235    i.cali_gyro_hook    calibrate_task.o
    0x0800501c   0x0800501c   0x0000001c   Code   RO         6236    i.cali_head_hook    calibrate_task.o
    0x08005038   0x08005038   0x00000078   Code   RO         6237    i.cali_param_init   calibrate_task.o
    0x080050b0   0x080050b0   0x00000090   Code   RO         6238    i.calibrate_task    calibrate_task.o
    0x08005140   0x08005140   0x00000058   Code   RO         5556    i.can_filter_init   bsp_can.o
    0x08005198   0x08005198   0x000000f8   Code   RO         6016    i.cmd_cali_gimbal_hook  gimbal_task.o
    0x08005290   0x08005290   0x0000002a   Code   RO         5624    i.flash_erase_address  bsp_flash.o
    0x080052ba   0x080052ba   0x0000000c   Code   RO         5625    i.flash_read        bsp_flash.o
    0x080052c6   0x080052c6   0x00000002   PAD
    0x080052c8   0x080052c8   0x00000068   Code   RO         5627    i.flash_write_single_address  bsp_flash.o
    0x08005330   0x08005330   0x0000000c   Code   RO         5681    i.fric1_on          bsp_fric.o
    0x0800533c   0x0800533c   0x0000000c   Code   RO         5682    i.fric2_on          bsp_fric.o
    0x08005348   0x08005348   0x000000c4   Code   RO         5628    i.ger_sector        bsp_flash.o
    0x0800540c   0x0800540c   0x00000008   Code   RO          692    i.get_INS_angle_point  bsp_imu.o
    0x08005414   0x08005414   0x000000e8   Code   RO         6686    i.get_angle         AHRS.lib(ahrs.o)
    0x080054fc   0x080054fc   0x00000008   Code   RO          695    i.get_gyro_data_point  bsp_imu.o
    0x08005504   0x08005504   0x000000d4   Code   RO         5629    i.get_next_flash_address  bsp_flash.o
    0x080055d8   0x080055d8   0x00000008   Code   RO         5760    i.get_pitch_gimbal_motor_measure_point  can_receive.o
    0x080055e0   0x080055e0   0x00000008   Code   RO         6159    i.get_remote_control_point  remote_control.o
    0x080055e8   0x080055e8   0x00000008   Code   RO         5761    i.get_trigger_motor_measure_point  can_receive.o
    0x080055f0   0x080055f0   0x00000008   Code   RO         5762    i.get_yaw_gimbal_motor_measure_point  can_receive.o
    0x080055f8   0x080055f8   0x000000a0   Code   RO         6019    i.gimbal_PID_calc   gimbal_task.o
    0x08005698   0x08005698   0x0000002c   Code   RO         6020    i.gimbal_PID_clear  gimbal_task.o
    0x080056c4   0x080056c4   0x00000024   Code   RO         6021    i.gimbal_PID_init   gimbal_task.o
    0x080056e8   0x080056e8   0x0000016c   Code   RO         5926    i.gimbal_absolute_angle_control  gimbal_behaviour.o
    0x08005854   0x08005854   0x000000a8   Code   RO         6022    i.gimbal_absolute_angle_limit  gimbal_task.o
    0x080058fc   0x080058fc   0x0000009c   Code   RO         5927    i.gimbal_behaviour_control_set  gimbal_behaviour.o
    0x08005998   0x08005998   0x00000048   Code   RO         5928    i.gimbal_behaviour_mode_set  gimbal_behaviour.o
    0x080059e0   0x080059e0   0x000000c0   Code   RO         5929    i.gimbal_behavour_set  gimbal_behaviour.o
    0x08005aa0   0x08005aa0   0x00000134   Code   RO         5930    i.gimbal_cali_control  gimbal_behaviour.o
    0x08005bd4   0x08005bd4   0x0000001c   Code   RO         5932    i.gimbal_cmd_to_shoot_stop  gimbal_behaviour.o
    0x08005bf0   0x08005bf0   0x0000007c   Code   RO         6023    i.gimbal_feedback_update  gimbal_task.o
    0x08005c6c   0x08005c6c   0x00000164   Code   RO         6024    i.gimbal_init       gimbal_task.o
    0x08005dd0   0x08005dd0   0x000000a6   Code   RO         6025    i.gimbal_mode_change_control_transit  gimbal_task.o
    0x08005e76   0x08005e76   0x0000003a   Code   RO         6026    i.gimbal_motor_absolute_angle_control  gimbal_task.o
    0x08005eb0   0x08005eb0   0x0000001a   Code   RO         6027    i.gimbal_motor_raw_angle_control  gimbal_task.o
    0x08005eca   0x08005eca   0x00000040   Code   RO         6028    i.gimbal_motor_relative_angle_control  gimbal_task.o
    0x08005f0a   0x08005f0a   0x00000002   PAD
    0x08005f0c   0x08005f0c   0x000000a4   Code   RO         5933    i.gimbal_relative_angle_control  gimbal_behaviour.o
    0x08005fb0   0x08005fb0   0x00000032   Code   RO         6029    i.gimbal_relative_angle_limit  gimbal_task.o
    0x08005fe2   0x08005fe2   0x00000002   PAD
    0x08005fe4   0x08005fe4   0x00000084   Code   RO         6030    i.gimbal_set_control  gimbal_task.o
    0x08006068   0x08006068   0x000000b8   Code   RO         6031    i.gimbal_task       gimbal_task.o
    0x08006120   0x08006120   0x0000004c   Code   RO          697    i.gyro_offset_calc  bsp_imu.o
    0x0800616c   0x0800616c   0x000000ec   Code   RO          701    i.imu_cali_slove    bsp_imu.o
    0x08006258   0x08006258   0x00000024   Code   RO          251    i.led_off           gpio.o
    0x0800627c   0x0800627c   0x00000048   Code   RO         6589    i.loop_fp32_constrain  user_lib.o
    0x080062c4   0x080062c4   0x00000098   Code   RO            6    i.main              main.o
    0x0800635c   0x0800635c   0x0000000c   Code   RO         4939    i.makeFreeRtosPriority  cmsis_os.o
    0x08006368   0x08006368   0x00000034   Code   RO         6032    i.motor_ecd_to_angle_change  gimbal_task.o
    0x0800639c   0x0800639c   0x00000054   Code   RO          708    i.mpu_device_init   bsp_imu.o
    0x080063f0   0x080063f0   0x00000050   Code   RO          712    i.mpu_read_byte     bsp_imu.o
    0x08006440   0x08006440   0x0000005c   Code   RO          713    i.mpu_read_bytes    bsp_imu.o
    0x0800649c   0x0800649c   0x0000000a   Code   RO          714    i.mpu_set_accel_fsr  bsp_imu.o
    0x080064a6   0x080064a6   0x0000000a   Code   RO          715    i.mpu_set_gyro_fsr  bsp_imu.o
    0x080064b0   0x080064b0   0x00000054   Code   RO          716    i.mpu_write_byte    bsp_imu.o
    0x08006504   0x08006504   0x00000010   Code   RO         4941    i.osDelay           cmsis_os.o
    0x08006514   0x08006514   0x0000000a   Code   RO         4944    i.osKernelStart     cmsis_os.o
    0x0800651e   0x0800651e   0x0000005c   Code   RO         4978    i.osThreadCreate    cmsis_os.o
    0x0800657a   0x0800657a   0x00000002   PAD
    0x0800657c   0x0800657c   0x00000024   Code   RO         4587    i.pcTaskGetName     tasks.o
    0x080065a0   0x080065a0   0x00000078   Code   RO         4588    i.prvAddCurrentTaskToDelayedList  tasks.o
    0x08006618   0x08006618   0x00000088   Code   RO         4589    i.prvAddNewTaskToReadyList  tasks.o
    0x080066a0   0x080066a0   0x00000040   Code   RO         4590    i.prvCheckTasksWaitingTermination  tasks.o
    0x080066e0   0x080066e0   0x00000040   Code   RO         4591    i.prvDeleteTCB      tasks.o
    0x08006720   0x08006720   0x00000050   Code   RO         5306    i.prvHeapInit       heap_4.o
    0x08006770   0x08006770   0x00000028   Code   RO         4592    i.prvIdleTask       tasks.o
    0x08006798   0x08006798   0x00000094   Code   RO         4593    i.prvInitialiseNewTask  tasks.o
    0x0800682c   0x0800682c   0x00000060   Code   RO         4594    i.prvInitialiseTaskLists  tasks.o
    0x0800688c   0x0800688c   0x0000005c   Code   RO         5307    i.prvInsertBlockIntoFreeList  heap_4.o
    0x080068e8   0x080068e8   0x00000024   Code   RO         4595    i.prvResetNextTaskUnblockTime  tasks.o
    0x0800690c   0x0800690c   0x0000006e   Code   RO         4596    i.prvSearchForNameWithinSingleList  tasks.o
    0x0800697a   0x0800697a   0x00000018   Code   RO         4597    i.prvTaskCheckFreeStackSpace  tasks.o
    0x08006992   0x08006992   0x00000002   PAD
    0x08006994   0x08006994   0x00000030   Code   RO         5374    i.prvTaskExitError  port.o
    0x080069c4   0x080069c4   0x000000e8   Code   RO         5308    i.pvPortMalloc      heap_4.o
    0x08006aac   0x08006aac   0x0000002c   Code   RO         5375    i.pxPortInitialiseStack  port.o
    0x08006ad8   0x08006ad8   0x00000084   Code   RO         6691    i.quat_normalization  AHRS.lib(ahrs.o)
    0x08006b5c   0x08006b5c   0x00000050   Code   RO         6590    i.ramp_calc         user_lib.o
    0x08006bac   0x08006bac   0x0000001a   Code   RO         6591    i.ramp_init         user_lib.o
    0x08006bc6   0x08006bc6   0x00000002   PAD
    0x08006bc8   0x08006bc8   0x00000010   Code   RO         6160    i.remote_control_init  remote_control.o
    0x08006bd8   0x08006bd8   0x000000b4   Code   RO         6161    i.sbus_to_rc        remote_control.o
    0x08006c8c   0x08006c8c   0x00000048   Code   RO         6162    i.sbus_to_usart6    remote_control.o
    0x08006cd4   0x08006cd4   0x00000020   Code   RO         6033    i.set_cali_gimbal_hook  gimbal_task.o
    0x08006cf4   0x08006cf4   0x0000009c   Code   RO         6336    i.shoot_bullet_control  shoot.o
    0x08006d90   0x08006d90   0x00000138   Code   RO         6337    i.shoot_control_loop  shoot.o
    0x08006ec8   0x08006ec8   0x00000180   Code   RO         6338    i.shoot_feedback_update  shoot.o
    0x08007048   0x08007048   0x000000d0   Code   RO         6339    i.shoot_init        shoot.o
    0x08007118   0x08007118   0x00000140   Code   RO         6340    i.shoot_set_mode    shoot.o
    0x08007258   0x08007258   0x0000003e   Code   RO         7008    i.sqrtf             m_wm.l(sqrtf_full.o)
    0x08007296   0x08007296   0x00000002   PAD
    0x08007298   0x08007298   0x00000060   Code   RO         6341    i.trigger_motor_turn_back  shoot.o
    0x080072f8   0x080072f8   0x0000007a   Code   RO         6692    i.update_w          AHRS.lib(ahrs.o)
    0x08007372   0x08007372   0x00000002   PAD
    0x08007374   0x08007374   0x00000048   Code   RO         5722    i.usart6_tx_dma_init  bsp_usart.o
    0x080073bc   0x080073bc   0x00000026   Code   RO         4214    i.uxListRemove      list.o
    0x080073e2   0x080073e2   0x00000002   PAD
    0x080073e4   0x080073e4   0x00000014   Code   RO         4603    i.uxTaskGetStackHighWaterMark  tasks.o
    0x080073f8   0x080073f8   0x00000014   Code   RO          282    i.vApplicationGetIdleTaskMemory  freertos.o
    0x0800740c   0x0800740c   0x00000016   Code   RO         4215    i.vListInitialise   list.o
    0x08007422   0x08007422   0x00000006   Code   RO         4216    i.vListInitialiseItem  list.o
    0x08007428   0x08007428   0x00000036   Code   RO         4217    i.vListInsert       list.o
    0x0800745e   0x0800745e   0x00000018   Code   RO         4218    i.vListInsertEnd    list.o
    0x08007476   0x08007476   0x00000002   PAD
    0x08007478   0x08007478   0x00000040   Code   RO         5377    i.vPortEnterCritical  port.o
    0x080074b8   0x080074b8   0x0000002c   Code   RO         5378    i.vPortExitCritical  port.o
    0x080074e4   0x080074e4   0x00000064   Code   RO         5309    i.vPortFree         heap_4.o
    0x08007548   0x08007548   0x00000024   Code   RO         5379    i.vPortSetupTimerInterrupt  port.o
    0x0800756c   0x0800756c   0x00000050   Code   RO         4607    i.vTaskDelay        tasks.o
    0x080075bc   0x080075bc   0x00000088   Code   RO         4620    i.vTaskStartScheduler  tasks.o
    0x08007644   0x08007644   0x00000010   Code   RO         4622    i.vTaskSuspendAll   tasks.o
    0x08007654   0x08007654   0x00000060   Code   RO         4623    i.vTaskSwitchContext  tasks.o
    0x080076b4   0x080076b4   0x00000104   Code   RO         5381    i.xPortStartScheduler  port.o
    0x080077b8   0x080077b8   0x0000002c   Code   RO         5382    i.xPortSysTickHandler  port.o
    0x080077e4   0x080077e4   0x0000006c   Code   RO         4626    i.xTaskCreate       tasks.o
    0x08007850   0x08007850   0x00000060   Code   RO         4627    i.xTaskCreateStatic  tasks.o
    0x080078b0   0x080078b0   0x0000008c   Code   RO         4631    i.xTaskGetHandle    tasks.o
    0x0800793c   0x0800793c   0x0000001c   Code   RO         4632    i.xTaskGetSchedulerState  tasks.o
    0x08007958   0x08007958   0x0000000c   Code   RO         4633    i.xTaskGetTickCount  tasks.o
    0x08007964   0x08007964   0x000000d4   Code   RO         4635    i.xTaskIncrementTick  tasks.o
    0x08007a38   0x08007a38   0x000000cc   Code   RO         4641    i.xTaskResumeAll    tasks.o
    0x08007b04   0x08007b04   0x00000070   Data   RO          284    .constdata          freertos.o
    0x08007b74   0x08007b74   0x00000014   Data   RO          721    .constdata          bsp_imu.o
    0x08007b88   0x08007b88   0x00000008   Data   RO         1719    .constdata          stm32f4xx_hal_dma.o
    0x08007b90   0x08007b90   0x00000010   Data   RO         4077    .constdata          system_stm32f4xx.o
    0x08007ba0   0x08007ba0   0x00000008   Data   RO         4078    .constdata          system_stm32f4xx.o
    0x08007ba8   0x08007ba8   0x00000018   Data   RO         6035    .constdata          gimbal_task.o
    0x08007bc0   0x08007bc0   0x0000000f   Data   RO         6246    .constdata          calibrate_task.o
    0x08007bcf   0x08007bcf   0x00000001   PAD
    0x08007bd0   0x08007bd0   0x0000000c   Data   RO         6343    .constdata          shoot.o
    0x08007bdc   0x08007bdc   0x0000000c   Data   RO         6693    .constdata          AHRS.lib(ahrs.o)
    0x08007be8   0x08007be8   0x00000804   Data   RO         6903    .constdata          arm_cortexM4lf_math.lib(arm_common_tables.o)
    0x080083ec   0x080083ec   0x00000028   Data   RO          285    .conststring        freertos.o
    0x08008414   0x08008414   0x00000020   Data   RO         7149    Region$$Table       anon$$obj.o


    Execution Region RW_IRAM1 (Exec base: 0x20000000, Load base: 0x08008434, Size: 0x00004de8, Max: 0x00030000, ABSOLUTE, COMPRESSED[0x00000054])

    Exec Addr    Load Addr    Size         Type   Attr      Idx    E Section Name        Object

    0x20000000   COMPRESSED   0x00000010   Data   RW          286    .data               freertos.o
    0x20000010   COMPRESSED   0x00000004   Data   RW          344    .data               can.o
    0x20000014   COMPRESSED   0x000000d4   Data   RW          722    .data               bsp_imu.o
    0x200000e8   COMPRESSED   0x0000000c   Data   RW         2161    .data               stm32f4xx_hal.o
    0x200000f4   COMPRESSED   0x00000004   Data   RW         4079    .data               system_stm32f4xx.o
    0x200000f8   COMPRESSED   0x0000003c   Data   RW         4644    .data               tasks.o
    0x20000134   COMPRESSED   0x00000020   Data   RW         5315    .data               heap_4.o
    0x20000154   COMPRESSED   0x0000000c   Data   RW         5383    .data               port.o
    0x20000160   COMPRESSED   0x00000010   Data   RW         5630    .data               bsp_flash.o
    0x20000170   COMPRESSED   0x00000011   Data   RW         5764    .data               can_receive.o
    0x20000181   COMPRESSED   0x00000003   PAD
    0x20000184   COMPRESSED   0x00000018   Data   RW         5934    .data               gimbal_behaviour.o
    0x2000019c   COMPRESSED   0x00000014   Data   RW         6036    .data               gimbal_task.o
    0x200001b0   COMPRESSED   0x00000004   Data   RW         6166    .data               remote_control.o
    0x200001b4   COMPRESSED   0x00000054   Data   RW         6247    .data               calibrate_task.o
    0x20000208   COMPRESSED   0x00000010   Data   RW         6345    .data               shoot.o
    0x20000218   COMPRESSED   0x00000010   Data   RW         6694    .data               AHRS.lib(ahrs.o)
    0x20000228   COMPRESSED   0x00000004   Data   RW         7124    .data               mc_w.l(errno.o)
    0x2000022c        -       0x00000254   Zero   RW          283    .bss                freertos.o
    0x20000480        -       0x00000050   Zero   RW          343    .bss                can.o
    0x200004d0        -       0x00000058   Zero   RW          415    .bss                spi.o
    0x20000528        -       0x00000090   Zero   RW          461    .bss                tim.o
    0x200005b8        -       0x00000148   Zero   RW          524    .bss                usart.o
    0x20000700        -       0x00000138   Zero   RW          717    .bss                bsp_imu.o
    0x20000838        -       0x00000020   Zero   RW         1328    .bss                stm32f4xx_hal_flash.o
    0x20000858        -       0x000000f0   Zero   RW         4643    .bss                tasks.o
    0x20000948        -       0x00003c00   Zero   RW         5314    .bss                heap_4.o
    0x20004548        -       0x00000078   Zero   RW         5763    .bss                can_receive.o
    0x200045c0        -       0x000001e8   Zero   RW         6034    .bss                gimbal_task.o
    0x200047a8        -       0x00000072   Zero   RW         6165    .bss                remote_control.o
    0x2000481a   COMPRESSED   0x00000002   PAD
    0x2000481c        -       0x00000014   Zero   RW         6241    .bss                calibrate_task.o
    0x20004830        -       0x00000018   Zero   RW         6242    .bss                calibrate_task.o
    0x20004848        -       0x00000018   Zero   RW         6243    .bss                calibrate_task.o
    0x20004860        -       0x00000018   Zero   RW         6244    .bss                calibrate_task.o
    0x20004878        -       0x000000b9   Zero   RW         6245    .bss                calibrate_task.o
    0x20004931   COMPRESSED   0x00000003   PAD
    0x20004934        -       0x000000b0   Zero   RW         6342    .bss                shoot.o
    0x200049e4   COMPRESSED   0x00000004   PAD
    0x200049e8        -       0x00000400   Zero   RW          677    STACK               startup_stm32f427xx.o


==============================================================================

Image component sizes


      Code (inc. data)   RO Data    RW Data    ZI Data      Debug   Object Name

        70          6          0          0          0       5144   ahrs_middleware.o
        32         10          0          0          0     643193   bsp_buzzer.o
        88          8          0          0          0        574   bsp_can.o
       566         96          0         16          0       4097   bsp_flash.o
        24          8          0          0          0        974   bsp_fric.o
      1588        124         20        212        312      14082   bsp_imu.o
       176         26          0          0          0       1959   bsp_rc.o
        72         12          0          0          0        509   bsp_usart.o
      1210         62         15         84        277       9348   calibrate_task.o
       388         40          0          4         80       2498   can.o
       252         46          0         17        120     639104   can_receive.o
       130          0          0          0          0      23095   cmsis_os.o
        60          4          0          0          0        786   dma.o
         0          0          0          0          0      16864   event_groups.o
       132         12        152         16        596       2831   freertos.o
      1284        124          0         24          0      14377   gimbal_behaviour.o
      2228        108         24         20        488      15822   gimbal_task.o
       316         30          0          0          0       1581   gpio.o
       504         32          0         32      15360       7651   heap_4.o
       144          0          0          0          0       3654   list.o
       298         20          0          0          0     804832   main.o
       452         14          0          0          0       3066   pid.o
       730         82          0         12          0      11248   port.o
       472         46          0          4        114       3899   remote_control.o
      1476        146         12         16        176       5310   shoot.o
       180         24          0          0         88       1701   spi.o
        36          8        428          0       1024        816   startup_stm32f427xx.o
       188         30          0         12          0       9649   stm32f4xx_hal.o
      2004          6          0          0          0      15211   stm32f4xx_hal_can.o
       208         16          0          0          0      33719   stm32f4xx_hal_cortex.o
       906         18          8          0          0       4356   stm32f4xx_hal_dma.o
       588         72          0          0         32       6218   stm32f4xx_hal_flash.o
       420         24          0          0          0       3486   stm32f4xx_hal_flash_ex.o
       602         24          0          0          0       2412   stm32f4xx_hal_gpio.o
        56          4          0          0          0        862   stm32f4xx_hal_msp.o
      1722        104          0          0          0       6608   stm32f4xx_hal_rcc.o
      1010         14          0          0          0       4897   stm32f4xx_hal_spi.o
      1640         56          0          0          0      12480   stm32f4xx_hal_tim.o
       154          0          0          0          0       1432   stm32f4xx_hal_tim_ex.o
       694          4          0          0          0       4204   stm32f4xx_hal_uart.o
        84         24          0          0          0       5247   stm32f4xx_it.o
         0          0          0          0          0        392   stream_buffer.o
        88         24         24          4          0       1195   system_stm32f4xx.o
      2022        180          0         60        240      26321   tasks.o
       464         46          0          0        144       3657   tim.o
       468         56          0          0        328       2685   usart.o
       212          0          0          0          0       3742   user_lib.o

    ----------------------------------------------------------------------
     26478       1790        716        536      19388    2387788   Object Totals
         0          0         32          0          0          0   (incl. Generated)
        40          0          1          3          9          0   (incl. Padding)

    ----------------------------------------------------------------------

      Code (inc. data)   RO Data    RW Data    ZI Data      Debug   Library Member Name

      2718         84         12         16          0       9922   ahrs.o
         0          0       2052          0          0       4636   arm_common_tables.o
       120         12          0          0          0      16970   arm_cos_f32.o
       116         12          0          0          0        658   arm_sin_f32.o
       300         42          0          0          0        176   asinf.o
       684         90          0          0          0        208   atan2f.o
        38          0          0          0          0        116   fpclassifyf.o
        44         12          0          0          0        464   funder.o
       120          0          0          0          0        272   sqrtf_full.o
        86          0          0          0          0          0   __dczerorl2.o
         0          0          0          0          0          0   entry.o
         0          0          0          0          0          0   entry10a.o
         0          0          0          0          0          0   entry11a.o
         4          0          0          0          0          0   entry12b.o
         8          4          0          0          0          0   entry2.o
         4          0          0          0          0          0   entry5.o
         0          0          0          0          0          0   entry7b.o
         0          0          0          0          0          0   entry8b.o
         8          4          0          0          0          0   entry9a.o
        12          6          0          4          0         68   errno.o
        30          0          0          0          0          0   handlers.o
        36          8          0          0          0         68   init.o
         0          0          0          0          0          0   iusefp.o
        30          0          0          0          0         68   llshl.o
        32          0          0          0          0         68   llushr.o
        36          0          0          0          0         68   memcpya.o
        36          0          0          0          0        108   memseta.o
        14          0          0          0          0         68   strlen.o
        98          0          0          0          0         92   uldiv.o

    ----------------------------------------------------------------------
      4586        274       2064         20          0      34030   Library Totals
        12          0          0          0          0          0   (incl. Padding)

    ----------------------------------------------------------------------

      Code (inc. data)   RO Data    RW Data    ZI Data      Debug   Library Name

      2718         84         12         16          0       9922   AHRS.lib
       236         24       2052          0          0      22264   arm_cortexM4lf_math.lib
      1186        144          0          0          0       1236   m_wm.l
       434         22          0          4          0        608   mc_w.l

    ----------------------------------------------------------------------
      4586        274       2064         20          0      34030   Library Totals

    ----------------------------------------------------------------------

==============================================================================


      Code (inc. data)   RO Data    RW Data    ZI Data      Debug   

     31064       2064       2780        556      19388    2396946   Grand Totals
     31064       2064       2780         84      19388    2396946   ELF Image Totals (compressed)
     31064       2064       2780         84          0          0   ROM Totals

==============================================================================

    Total RO  Size (Code + RO Data)                33844 (  33.05kB)
    Total RW  Size (RW Data + ZI Data)             19944 (  19.48kB)
    Total ROM Size (Code + RO Data + RW Data)      33928 (  33.13kB)

==============================================================================

